鐢熸垚鍚姩鏃堕棿涓?2025/10/20 15:53:01銆?
     1>椤圭洰鈥淓:\Project\exam_trae\ExamSystem.WPF\ExamSystem.WPF.csproj鈥濆湪鑺傜偣 1 涓?Restore 涓洰鏍?銆?
     1>_GetAllRestoreProjectPathItems:
         姝ｅ湪纭畾瑕佽繕鍘熺殑椤圭洰鈥?
     1>椤圭洰鈥淓:\Project\exam_trae\ExamSystem.WPF\ExamSystem.WPF.csproj鈥?1)姝ｅ湪鑺傜偣 1 涓婄敓鎴愨€淓:\Project\exam_trae\ExamSystem.WPF\ExamSystem.WPF.csproj鈥?1:5) (_GenerateRestoreGraphProjectEntry 涓洰鏍?銆?
     1>C:\Program Files\dotnet\sdk\9.0.305\Sdks\Microsoft.NET.Sdk\targets\Microsoft.NET.EolTargetFrameworks.targets(32,5): warning NETSDK1138: 鐩爣妗嗘灦鈥渘et6.0-windows鈥濅笉鍙楁敮鎸侊紝灏嗘潵涓嶄細鏀跺埌瀹夊叏鏇存柊銆傛湁鍏虫敮鎸佺瓥鐣ョ殑璇︾粏淇℃伅锛岃鍙傞槄 https://aka.ms/dotnet-core-support銆?[E:\Project\exam_trae\ExamSystem.WPF\ExamSystem.WPF.csproj]
     1>宸插畬鎴愮敓鎴愰」鐩€淓:\Project\exam_trae\ExamSystem.WPF\ExamSystem.WPF.csproj鈥?_GenerateRestoreGraphProjectEntry 涓洰鏍?鐨勬搷浣溿€?
     1>C:\Program Files\dotnet\sdk\9.0.305\Sdks\Microsoft.NET.Sdk\targets\Microsoft.NET.EolTargetFrameworks.targets(32,5): warning NETSDK1138: 鐩爣妗嗘灦鈥渘et6.0-windows鈥濅笉鍙楁敮鎸侊紝灏嗘潵涓嶄細鏀跺埌瀹夊叏鏇存柊銆傛湁鍏虫敮鎸佺瓥鐣ョ殑璇︾粏淇℃伅锛岃鍙傞槄 https://aka.ms/dotnet-core-support銆?[E:\Project\exam_trae\ExamSystem.WPF\ExamSystem.WPF.csproj]
     1>Restore:
         X.509 璇佷功閾鹃獙璇佸皢浣跨敤 .NET 閫夋嫨鐨勯粯璁や俊浠诲瓨鍌ㄨ繘琛屼唬鐮佺鍚嶃€?
         X.509 璇佷功閾鹃獙璇佸皢浣跨敤 .NET 閫夋嫨鐨勯粯璁や俊浠诲瓨鍌ㄨ繘琛屾椂闂存埑銆?
         璧勪骇鏂囦欢鏈敼鍙樸€傝烦杩囪祫浜ф枃浠跺啓鍏ャ€傝矾寰? E:\Project\exam_trae\ExamSystem.Domain\obj\project.assets.json
         璧勪骇鏂囦欢鏈敼鍙樸€傝烦杩囪祫浜ф枃浠跺啓鍏ャ€傝矾寰? E:\Project\exam_trae\ExamSystem.Infrastructure\obj\project.assets.json
         璧勪骇鏂囦欢鏈敼鍙樸€傝烦杩囪祫浜ф枃浠跺啓鍏ャ€傝矾寰? E:\Project\exam_trae\ExamSystem.Services\obj\project.assets.json
         璧勪骇鏂囦欢鏈敼鍙樸€傝烦杩囪祫浜ф枃浠跺啓鍏ャ€傝矾寰? E:\Project\exam_trae\ExamSystem.WPF\obj\project.assets.json
         宸茶繕鍘?E:\Project\exam_trae\ExamSystem.Infrastructure\ExamSystem.Infrastructure.csproj (鐢ㄦ椂 40 姣)銆?
         宸茶繕鍘?E:\Project\exam_trae\ExamSystem.Services\ExamSystem.Services.csproj (鐢ㄦ椂 40 姣)銆?
         宸茶繕鍘?E:\Project\exam_trae\ExamSystem.WPF\ExamSystem.WPF.csproj (鐢ㄦ椂 40 姣)銆?
         宸茶繕鍘?E:\Project\exam_trae\ExamSystem.Domain\ExamSystem.Domain.csproj (鐢ㄦ椂 38 姣)銆?
         
         浣跨敤鐨?NuGet 閰嶇疆鏂囦欢:
             C:\Users\Administrator\AppData\Roaming\NuGet\NuGet.Config
             C:\Program Files (x86)\NuGet\Config\Microsoft.VisualStudio.FallbackLocation.config
             C:\Program Files (x86)\NuGet\Config\Microsoft.VisualStudio.Offline.config
         
         浣跨敤鐨勬簮:
             https://api.nuget.org/v3/index.json
             C:\Program Files (x86)\Microsoft SDKs\NuGetPackages\
         鎵€鏈夐」鐩潎鏄渶鏂扮殑锛屾棤娉曡繕鍘熴€?
     1>宸插畬鎴愮敓鎴愰」鐩€淓:\Project\exam_trae\ExamSystem.WPF\ExamSystem.WPF.csproj鈥?Restore 涓洰鏍?鐨勬搷浣溿€?
   1:7>鑺傜偣 3 涓婄殑椤圭洰鈥淓:\Project\exam_trae\ExamSystem.WPF\ExamSystem.WPF.csproj鈥?榛樿鐩爣)銆?
     1>C:\Program Files\dotnet\sdk\9.0.305\Sdks\Microsoft.NET.Sdk\targets\Microsoft.NET.EolTargetFrameworks.targets(32,5): warning NETSDK1138: 鐩爣妗嗘灦鈥渘et6.0-windows鈥濅笉鍙楁敮鎸侊紝灏嗘潵涓嶄細鏀跺埌瀹夊叏鏇存柊銆傛湁鍏虫敮鎸佺瓥鐣ョ殑璇︾粏淇℃伅锛岃鍙傞槄 https://aka.ms/dotnet-core-support銆?[E:\Project\exam_trae\ExamSystem.WPF\ExamSystem.WPF.csproj]
   1:7>椤圭洰鈥淓:\Project\exam_trae\ExamSystem.WPF\ExamSystem.WPF.csproj鈥?1:7)姝ｅ湪鑺傜偣 2 涓婄敓鎴愨€淓:\Project\exam_trae\ExamSystem.Domain\ExamSystem.Domain.csproj鈥?2:8) (榛樿鐩爣)銆?
     2>GenerateTargetFrameworkMonikerAttribute:
       姝ｅ湪璺宠繃鐩爣鈥淕enerateTargetFrameworkMonikerAttribute鈥濓紝鍥犱负鎵€鏈夎緭鍑烘枃浠剁浉瀵逛簬杈撳叆鏂囦欢鑰岃█閮芥槸鏈€鏂扮殑銆?
       CoreGenerateAssemblyInfo:
       姝ｅ湪璺宠繃鐩爣鈥淐oreGenerateAssemblyInfo鈥濓紝鍥犱负鎵€鏈夎緭鍑烘枃浠剁浉瀵逛簬杈撳叆鏂囦欢鑰岃█閮芥槸鏈€鏂扮殑銆?
       _GenerateSourceLinkFile:
         Source Link 鏂囦欢 "obj\Debug\net6.0\ExamSystem.Domain.sourcelink.json" 鏄渶鏂扮殑銆?
       CoreCompile:
       姝ｅ湪璺宠繃鐩爣鈥淐oreCompile鈥濓紝鍥犱负鎵€鏈夎緭鍑烘枃浠剁浉瀵逛簬杈撳叆鏂囦欢鑰岃█閮芥槸鏈€鏂扮殑銆?
       GenerateBuildDependencyFile:
       姝ｅ湪璺宠繃鐩爣鈥淕enerateBuildDependencyFile鈥濓紝鍥犱负鎵€鏈夎緭鍑烘枃浠剁浉瀵逛簬杈撳叆鏂囦欢鑰岃█閮芥槸鏈€鏂扮殑銆?
       CopyFilesToOutputDirectory:
         ExamSystem.Domain -> E:\Project\exam_trae\ExamSystem.Domain\bin\Debug\net6.0\ExamSystem.Domain.dll
     2>宸插畬鎴愮敓鎴愰」鐩€淓:\Project\exam_trae\ExamSystem.Domain\ExamSystem.Domain.csproj鈥?榛樿鐩爣)鐨勬搷浣溿€?
   1:7>椤圭洰鈥淓:\Project\exam_trae\ExamSystem.WPF\ExamSystem.WPF.csproj鈥?1:7)姝ｅ湪鑺傜偣 1 涓婄敓鎴愨€淓:\Project\exam_trae\ExamSystem.Infrastructure\ExamSystem.Infrastructure.csproj鈥?3:7) (榛樿鐩爣)銆?
     3>GenerateTargetFrameworkMonikerAttribute:
       姝ｅ湪璺宠繃鐩爣鈥淕enerateTargetFrameworkMonikerAttribute鈥濓紝鍥犱负鎵€鏈夎緭鍑烘枃浠剁浉瀵逛簬杈撳叆鏂囦欢鑰岃█閮芥槸鏈€鏂扮殑銆?
       CoreGenerateAssemblyInfo:
       姝ｅ湪璺宠繃鐩爣鈥淐oreGenerateAssemblyInfo鈥濓紝鍥犱负鎵€鏈夎緭鍑烘枃浠剁浉瀵逛簬杈撳叆鏂囦欢鑰岃█閮芥槸鏈€鏂扮殑銆?
       _GenerateSourceLinkFile:
         Source Link 鏂囦欢 "obj\Debug\net6.0\ExamSystem.Infrastructure.sourcelink.json" 鏄渶鏂扮殑銆?
       CoreCompile:
       姝ｅ湪璺宠繃鐩爣鈥淐oreCompile鈥濓紝鍥犱负鎵€鏈夎緭鍑烘枃浠剁浉瀵逛簬杈撳叆鏂囦欢鑰岃█閮芥槸鏈€鏂扮殑銆?
       GenerateBuildDependencyFile:
       姝ｅ湪璺宠繃鐩爣鈥淕enerateBuildDependencyFile鈥濓紝鍥犱负鎵€鏈夎緭鍑烘枃浠剁浉瀵逛簬杈撳叆鏂囦欢鑰岃█閮芥槸鏈€鏂扮殑銆?
       GenerateBuildRuntimeConfigurationFiles:
       姝ｅ湪璺宠繃鐩爣鈥淕enerateBuildRuntimeConfigurationFiles鈥濓紝鍥犱负鎵€鏈夎緭鍑烘枃浠剁浉瀵逛簬杈撳叆鏂囦欢鑰岃█閮芥槸鏈€鏂扮殑銆?
       CopyFilesToOutputDirectory:
         ExamSystem.Infrastructure -> E:\Project\exam_trae\ExamSystem.Infrastructure\bin\Debug\net6.0\ExamSystem.Infrastructure.dll
     3>宸插畬鎴愮敓鎴愰」鐩€淓:\Project\exam_trae\ExamSystem.Infrastructure\ExamSystem.Infrastructure.csproj鈥?榛樿鐩爣)鐨勬搷浣溿€?
   1:7>椤圭洰鈥淓:\Project\exam_trae\ExamSystem.WPF\ExamSystem.WPF.csproj鈥?1:7)姝ｅ湪鑺傜偣 3 涓婄敓鎴愨€淓:\Project\exam_trae\ExamSystem.Services\ExamSystem.Services.csproj鈥?4:6) (榛樿鐩爣)銆?
     4>GenerateTargetFrameworkMonikerAttribute:
       姝ｅ湪璺宠繃鐩爣鈥淕enerateTargetFrameworkMonikerAttribute鈥濓紝鍥犱负鎵€鏈夎緭鍑烘枃浠剁浉瀵逛簬杈撳叆鏂囦欢鑰岃█閮芥槸鏈€鏂扮殑銆?
       CoreGenerateAssemblyInfo:
       姝ｅ湪璺宠繃鐩爣鈥淐oreGenerateAssemblyInfo鈥濓紝鍥犱负鎵€鏈夎緭鍑烘枃浠剁浉瀵逛簬杈撳叆鏂囦欢鑰岃█閮芥槸鏈€鏂扮殑銆?
       _GenerateSourceLinkFile:
         Source Link 鏂囦欢 "obj\Debug\net6.0\ExamSystem.Services.sourcelink.json" 鏄渶鏂扮殑銆?
       CoreCompile:
       姝ｅ湪璺宠繃鐩爣鈥淐oreCompile鈥濓紝鍥犱负鎵€鏈夎緭鍑烘枃浠剁浉瀵逛簬杈撳叆鏂囦欢鑰岃█閮芥槸鏈€鏂扮殑銆?
       GenerateBuildDependencyFile:
       姝ｅ湪璺宠繃鐩爣鈥淕enerateBuildDependencyFile鈥濓紝鍥犱负鎵€鏈夎緭鍑烘枃浠剁浉瀵逛簬杈撳叆鏂囦欢鑰岃█閮芥槸鏈€鏂扮殑銆?
       CopyFilesToOutputDirectory:
         ExamSystem.Services -> E:\Project\exam_trae\ExamSystem.Services\bin\Debug\net6.0\ExamSystem.Services.dll
     4>宸插畬鎴愮敓鎴愰」鐩€淓:\Project\exam_trae\ExamSystem.Services\ExamSystem.Services.csproj鈥?榛樿鐩爣)鐨勬搷浣溿€?
     1>GenerateTemporaryTargetAssembly:
         姝ｅ湪灏嗘枃浠朵粠鈥淓:\Project\exam_trae\ExamSystem.WPF\obj\ExamSystem.WPF.csproj.nuget.dgspec.json鈥濆鍒跺埌鈥淓:\Project\exam_trae\ExamSystem.WPF\obj\ExamSystem.WPF_jnecsfj5_wpftmp.csproj.nuget.dgspec.json鈥濄€?
         姝ｅ湪灏嗘枃浠朵粠鈥淓:\Project\exam_trae\ExamSystem.WPF\obj\ExamSystem.WPF.csproj.nuget.g.props鈥濆鍒跺埌鈥淓:\Project\exam_trae\ExamSystem.WPF\obj\ExamSystem.WPF_jnecsfj5_wpftmp.csproj.nuget.g.props鈥濄€?
         姝ｅ湪灏嗘枃浠朵粠鈥淓:\Project\exam_trae\ExamSystem.WPF\obj\ExamSystem.WPF.csproj.nuget.g.targets鈥濆鍒跺埌鈥淓:\Project\exam_trae\ExamSystem.WPF\obj\ExamSystem.WPF_jnecsfj5_wpftmp.csproj.nuget.g.targets鈥濄€?
   1:7>椤圭洰鈥淓:\Project\exam_trae\ExamSystem.WPF\ExamSystem.WPF.csproj鈥?1:7)姝ｅ湪鑺傜偣 2 涓婄敓鎴愨€淓:\Project\exam_trae\ExamSystem.WPF\ExamSystem.WPF_jnecsfj5_wpftmp.csproj鈥?5) (_CompileTemporaryAssembly 涓洰鏍?銆?
     5>GenerateTargetFrameworkMonikerAttribute:
       姝ｅ湪璺宠繃鐩爣鈥淕enerateTargetFrameworkMonikerAttribute鈥濓紝鍥犱负鎵€鏈夎緭鍑烘枃浠剁浉瀵逛簬杈撳叆鏂囦欢鑰岃█閮芥槸鏈€鏂扮殑銆?
       _GenerateSourceLinkFile:
         姝ｅ湪鏇存柊 Source Link 鏂囦欢 "obj\Debug\net6.0-windows\ExamSystem.WPF_jnecsfj5_wpftmp.sourcelink.json"銆?
       CoreCompile:
         C:\Program Files\dotnet\dotnet.exe exec "C:\Program Files\dotnet\sdk\9.0.305\Roslyn\bincore\csc.dll" /noconfig /unsafe- /checked- /nowarn:1701,1702,1701,1702 /fullpaths /nostdlib+ /errorreport:prompt /warn:6 /define:TRACE;DEBUG;NET;NET6_0;NETCOREAPP;WINDOWS;WINDOWS7_0;NET5_0_OR_GREATER;NET6_0_OR_GREATER;NETCOREAPP3_0_OR_GREATER;NETCOREAPP3_1_OR_GREATER;WINDOWS7_0_OR_GREATER /highentropyva+ /nullable:enable /reference:C:\Users\Administrator\.nuget\packages\microsoft.windowsdesktop.app.ref\6.0.36\ref\net6.0\Accessibility.dll /reference:C:\Users\Administrator\.nuget\packages\bcrypt.net-next\4.0.3\lib\net6.0\BCrypt.Net-Next.dll /reference:C:\Users\Administrator\.nuget\packages\epplus\8.2.1\lib\netstandard2.1\EPPlus.dll /reference:C:\Users\Administrator\.nuget\packages\epplus.interfaces\8.1.0\lib\netstandard2.1\EPPlus.Interfaces.dll /reference:E:\Project\exam_trae\ExamSystem.Domain\bin\Debug\net6.0\ExamSystem.Domain.dll /reference:E:\Project\exam_trae\ExamSystem.Infrastructure\bin\Debug\net6.0\ExamSystem.Infrastructure.dll /reference:E:\Project\exam_trae\ExamSystem.Services\bin\Debug\net6.0\ExamSystem.Services.dll /reference:C:\Users\Administrator\.nuget\packages\humanizer.core\2.8.26\lib\netstandard2.0\Humanizer.dll /reference:C:\Users\Administrator\.nuget\packages\microsoft.netcore.app.ref\6.0.36\ref\net6.0\Microsoft.CSharp.dll /reference:C:\Users\Administrator\.nuget\packages\microsoft.data.sqlite.core\5.0.17\lib\netstandard2.0\Microsoft.Data.Sqlite.dll /reference:C:\Users\Administrator\.nuget\packages\microsoft.dotnet.platformabstractions\3.1.6\lib\netstandard2.0\Microsoft.DotNet.PlatformAbstractions.dll /reference:C:\Users\Administrator\.nuget\packages\microsoft.entityframeworkcore.abstractions\5.0.17\lib\netstandard2.1\Microsoft.EntityFrameworkCore.Abstractions.dll /reference:C:\Users\Administrator\.nuget\packages\microsoft.entityframeworkcore.design\5.0.17\lib\netstandard2.1\Microsoft.EntityFrameworkCore.Design.dll /reference:C:\Users\Administrator\.nuget\packages\microsoft.entityframeworkcore\5.0.17\lib\netstandard2.1\Microsoft.EntityFrameworkCore.dll /reference:C:\Users\Administrator\.nuget\packages\microsoft.entityframeworkcore.relational\5.0.17\lib\netstandard2.1\Microsoft.EntityFrameworkCore.Relational.dll /reference:C:\Users\Administrator\.nuget\packages\microsoft.entityframeworkcore.sqlite.core\5.0.17\lib\netstandard2.1\Microsoft.EntityFrameworkCore.Sqlite.dll /reference:C:\Users\Administrator\.nuget\packages\microsoft.extensions.caching.abstractions\5.0.0\lib\netstandard2.0\Microsoft.Extensions.Caching.Abstractions.dll /reference:C:\Users\Administrator\.nuget\packages\microsoft.extensions.caching.memory\5.0.0\lib\netstandard2.0\Microsoft.Extensions.Caching.Memory.dll /reference:C:\Users\Administrator\.nuget\packages\microsoft.extensions.configuration.abstractions\8.0.0\lib\net6.0\Microsoft.Extensions.Configuration.Abstractions.dll /reference:C:\Users\Administrator\.nuget\packages\microsoft.extensions.configuration.binder\5.0.0\lib\netstandard2.0\Microsoft.Extensions.Configuration.Binder.dll /reference:C:\Users\Administrator\.nuget\packages\microsoft.extensions.configuration.commandline\5.0.0\lib\netstandard2.0\Microsoft.Extensions.Configuration.CommandLine.dll /reference:C:\Users\Administrator\.nuget\packages\microsoft.extensions.configuration\8.0.0\lib\net6.0\Microsoft.Extensions.Configuration.dll /reference:C:\Users\Administrator\.nuget\packages\microsoft.extensions.configuration.environmentvariables\5.0.0\lib\netstandard2.0\Microsoft.Extensions.Configuration.EnvironmentVariables.dll /reference:C:\Users\Administrator\.nuget\packages\microsoft.extensions.configuration.fileextensions\8.0.1\lib\net6.0\Microsoft.Extensions.Configuration.FileExtensions.dll /reference:C:\Users\Administrator\.nuget\packages\microsoft.extensions.configuration.json\8.0.1\lib\net6.0\Microsoft.Extensions.Configuration.Json.dll /reference:C:\Users\Administrator\.nuget\packages\microsoft.extensions.configuration.usersecrets\5.0.0\lib\netstandard2.0\Microsoft.Extensions.Configuration.UserSecrets.dll /reference:C:\Users\Administrator\.nuget\packages\microsoft.extensions.dependencyinjection.abstractions\5.0.0\lib\netstandard2.0\Microsoft.Extensions.DependencyInjection.Abstractions.dll /reference:C:\Users\Administrator\.nuget\packages\microsoft.extensions.dependencyinjection\5.0.2\lib\net5.0\Microsoft.Extensions.DependencyInjection.dll /reference:C:\Users\Administrator\.nuget\packages\microsoft.extensions.dependencymodel\5.0.0\lib\netstandard2.0\Microsoft.Extensions.DependencyModel.dll /reference:C:\Users\Administrator\.nuget\packages\microsoft.extensions.fileproviders.abstractions\8.0.0\lib\net6.0\Microsoft.Extensions.FileProviders.Abstractions.dll /reference:C:\Users\Administrator\.nuget\packages\microsoft.extensions.fileproviders.physical\8.0.0\lib\net6.0\Microsoft.Extensions.FileProviders.Physical.dll /reference:C:\Users\Administrator\.nuget\packages\microsoft.extensions.filesystemglobbing\8.0.0\lib\net6.0\Microsoft.Extensions.FileSystemGlobbing.dll /reference:C:\Users\Administrator\.nuget\packages\microsoft.extensions.hosting.abstractions\5.0.0\lib\netstandard2.1\Microsoft.Extensions.Hosting.Abstractions.dll /reference:C:\Users\Administrator\.nuget\packages\microsoft.extensions.hosting\5.0.0\lib\netstandard2.1\Microsoft.Extensions.Hosting.dll /reference:C:\Users\Administrator\.nuget\packages\microsoft.extensions.logging.abstractions\5.0.0\lib\netstandard2.0\Microsoft.Extensions.Logging.Abstractions.dll /reference:C:\Users\Administrator\.nuget\packages\microsoft.extensions.logging.configuration\5.0.0\lib\netstandard2.0\Microsoft.Extensions.Logging.Configuration.dll /reference:C:\Users\Administrator\.nuget\packages\microsoft.extensions.logging.console\5.0.0\lib\netcoreapp3.0\Microsoft.Extensions.Logging.Console.dll /reference:C:\Users\Administrator\.nuget\packages\microsoft.extensions.logging.debug\5.0.0\lib\netstandard2.0\Microsoft.Extensions.Logging.Debug.dll /reference:C:\Users\Administrator\.nuget\packages\microsoft.extensions.logging\5.0.0\lib\netstandard2.1\Microsoft.Extensions.Logging.dll /reference:C:\Users\Administrator\.nuget\packages\microsoft.extensions.logging.eventlog\5.0.0\lib\netstandard2.0\Microsoft.Extensions.Logging.EventLog.dll /reference:C:\Users\Administrator\.nuget\packages\microsoft.extensions.logging.eventsource\5.0.0\lib\netcoreapp3.0\Microsoft.Extensions.Logging.EventSource.dll /reference:C:\Users\Administrator\.nuget\packages\microsoft.extensions.options.configurationextensions\5.0.0\lib\netstandard2.0\Microsoft.Extensions.Options.ConfigurationExtensions.dll /reference:C:\Users\Administrator\.nuget\packages\microsoft.extensions.options\5.0.0\lib\net5.0\Microsoft.Extensions.Options.dll /reference:C:\Users\Administrator\.nuget\packages\microsoft.extensions.primitives\8.0.0\lib\net6.0\Microsoft.Extensions.Primitives.dll /reference:C:\Users\Administrator\.nuget\packages\microsoft.io.recyclablememorystream\3.0.1\lib\net6.0\Microsoft.IO.RecyclableMemoryStream.dll /reference:C:\Users\Administrator\.nuget\packages\microsoft.netcore.app.ref\6.0.36\ref\net6.0\Microsoft.VisualBasic.Core.dll /reference:C:\Users\Administrator\.nuget\packages\microsoft.netcore.app.ref\6.0.36\ref\net6.0\Microsoft.VisualBasic.dll /reference:C:\Users\Administrator\.nuget\packages\microsoft.netcore.app.ref\6.0.36\ref\net6.0\Microsoft.Win32.Primitives.dll /reference:C:\Users\Administrator\.nuget\packages\microsoft.windowsdesktop.app.ref\6.0.36\ref\net6.0\Microsoft.Win32.Registry.AccessControl.dll /reference:C:\Users\Administrator\.nuget\packages\microsoft.netcore.app.ref\6.0.36\ref\net6.0\Microsoft.Win32.Registry.dll /reference:C:\Users\Administrator\.nuget\packages\microsoft.windowsdesktop.app.ref\6.0.36\ref\net6.0\Microsoft.Win32.SystemEvents.dll /reference:C:\Users\Administrator\.nuget\packages\microsoft.xaml.behaviors.wpf\1.1.31\lib\net5.0-windows7.0\Microsoft.Xaml.Behaviors.dll /reference:C:\Users\Administrator\.nuget\packages\microsoft.netcore.app.ref\6.0.36\ref\net6.0\mscorlib.dll /reference:C:\Users\Administrator\.nuget\packages\microsoft.netcore.app.ref\6.0.36\ref\net6.0\netstandard.dll /reference:C:\Users\Administrator\.nuget\packages\microsoft.windowsdesktop.app.ref\6.0.36\ref\net6.0\PresentationCore.dll /reference:C:\Users\Administrator\.nuget\packages\microsoft.windowsdesktop.app.ref\6.0.36\ref\net6.0\PresentationFramework.Aero.dll /reference:C:\Users\Administrator\.nuget\packages\microsoft.windowsdesktop.app.ref\6.0.36\ref\net6.0\PresentationFramework.Aero2.dll /reference:C:\Users\Administrator\.nuget\packages\microsoft.windowsdesktop.app.ref\6.0.36\ref\net6.0\PresentationFramework.AeroLite.dll /reference:C:\Users\Administrator\.nuget\packages\microsoft.windowsdesktop.app.ref\6.0.36\ref\net6.0\PresentationFramework.Classic.dll /reference:C:\Users\Administrator\.nuget\packages\microsoft.windowsdesktop.app.ref\6.0.36\ref\net6.0\PresentationFramework.dll /reference:C:\Users\Administrator\.nuget\packages\microsoft.windowsdesktop.app.ref\6.0.36\ref\net6.0\PresentationFramework.Luna.dll /reference:C:\Users\Administrator\.nuget\packages\microsoft.windowsdesktop.app.ref\6.0.36\ref\net6.0\PresentationFramework.Royale.dll /reference:C:\Users\Administrator\.nuget\packages\microsoft.windowsdesktop.app.ref\6.0.36\ref\net6.0\PresentationUI.dll /reference:C:\Users\Administrator\.nuget\packages\microsoft.windowsdesktop.app.ref\6.0.36\ref\net6.0\ReachFramework.dll /reference:C:\Users\Administrator\.nuget\packages\serilog\2.10.0\lib\netstandard2.1\Serilog.dll /reference:C:\Users\Administrator\.nuget\packages\serilog.extensions.logging\3.1.0\lib\netstandard2.0\Serilog.Extensions.Logging.dll /reference:C:\Users\Administrator\.nuget\packages\serilog.sinks.console\4.1.0\lib\net5.0\Serilog.Sinks.Console.dll /reference:C:\Users\Administrator\.nuget\packages\serilog.sinks.file\5.0.0\lib\net5.0\Serilog.Sinks.File.dll /reference:C:\Users\Administrator\.nuget\packages\sqlitepclraw.bundle_e_sqlite3\2.0.4\lib\netcoreapp3.1\SQLitePCLRaw.batteries_v2.dll /reference:C:\Users\Administrator\.nuget\packages\sqlitepclraw.core\2.0.4\lib\netstandard2.0\SQLitePCLRaw.core.dll /reference:C:\Users\Administrator\.nuget\packages\sqlitepclraw.bundle_e_sqlite3\2.0.4\lib\netcoreapp3.1\SQLitePCLRaw.nativelibrary.dll /reference:C:\Users\Administrator\.nuget\packages\sqlitepclraw.provider.dynamic_cdecl\2.0.4\lib\netstandard2.0\SQLitePCLRaw.provider.dynamic_cdecl.dll /reference:C:\Users\Administrator\.nuget\packages\microsoft.netcore.app.ref\6.0.36\ref\net6.0\System.AppContext.dll /reference:C:\Users\Administrator\.nuget\packages\microsoft.netcore.app.ref\6.0.36\ref\net6.0\System.Buffers.dll /reference:C:\Users\Administrator\.nuget\packages\microsoft.windowsdesktop.app.ref\6.0.36\ref\net6.0\System.CodeDom.dll /reference:C:\Users\Administrator\.nuget\packages\microsoft.netcore.app.ref\6.0.36\ref\net6.0\System.Collections.Concurrent.dll /reference:C:\Users\Administrator\.nuget\packages\microsoft.netcore.app.ref\6.0.36\ref\net6.0\System.Collections.dll /reference:C:\Users\Administrator\.nuget\packages\microsoft.netcore.app.ref\6.0.36\ref\net6.0\System.Collections.Immutable.dll /reference:C:\Users\Administrator\.nuget\packages\microsoft.netcore.app.ref\6.0.36\ref\net6.0\System.Collections.NonGeneric.dll /reference:C:\Users\Administrator\.nuget\packages\microsoft.netcore.app.ref\6.0.36\ref\net6.0\System.Collections.Specialized.dll /reference:C:\Users\Administrator\.nuget\packages\microsoft.netcore.app.ref\6.0.36\ref\net6.0\System.ComponentModel.Annotations.dll /reference:C:\Users\Administrator\.nuget\packages\microsoft.netcore.app.ref\6.0.36\ref\net6.0\System.ComponentModel.DataAnnotations.dll /reference:C:\Users\Administrator\.nuget\packages\microsoft.netcore.app.ref\6.0.36\ref\net6.0\System.ComponentModel.dll /reference:C:\Users\Administrator\.nuget\packages\microsoft.netcore.app.ref\6.0.36\ref\net6.0\System.ComponentModel.EventBasedAsync.dll /reference:C:\Users\Administrator\.nuget\packages\microsoft.netcore.app.ref\6.0.36\ref\net6.0\System.ComponentModel.Primitives.dll /reference:C:\Users\Administrator\.nuget\packages\microsoft.netcore.app.ref\6.0.36\ref\net6.0\System.ComponentModel.TypeConverter.dll /reference:C:\Users\Administrator\.nuget\packages\microsoft.windowsdesktop.app.ref\6.0.36\ref\net6.0\System.Configuration.ConfigurationManager.dll /reference:C:\Users\Administrator\.nuget\packages\microsoft.netcore.app.ref\6.0.36\ref\net6.0\System.Configuration.dll /reference:C:\Users\Administrator\.nuget\packages\microsoft.netcore.app.ref\6.0.36\ref\net6.0\System.Console.dll /reference:C:\Users\Administrator\.nuget\packages\microsoft.netcore.app.ref\6.0.36\ref\net6.0\System.Core.dll /reference:C:\Users\Administrator\.nuget\packages\microsoft.netcore.app.ref\6.0.36\ref\net6.0\System.Data.Common.dll /reference:C:\Users\Administrator\.nuget\packages\microsoft.netcore.app.ref\6.0.36\ref\net6.0\System.Data.DataSetExtensions.dll /reference:C:\Users\Administrator\.nuget\packages\microsoft.netcore.app.ref\6.0.36\ref\net6.0\System.Data.dll /reference:C:\Users\Administrator\.nuget\packages\microsoft.netcore.app.ref\6.0.36\ref\net6.0\System.Diagnostics.Contracts.dll /reference:C:\Users\Administrator\.nuget\packages\microsoft.netcore.app.ref\6.0.36\ref\net6.0\System.Diagnostics.Debug.dll /reference:C:\Users\Administrator\.nuget\packages\microsoft.netcore.app.ref\6.0.36\ref\net6.0\System.Diagnostics.DiagnosticSource.dll /reference:C:\Users\Administrator\.nuget\packages\microsoft.windowsdesktop.app.ref\6.0.36\ref\net6.0\System.Diagnostics.EventLog.dll /reference:C:\Users\Administrator\.nuget\packages\microsoft.netcore.app.ref\6.0.36\ref\net6.0\System.Diagnostics.FileVersionInfo.dll /reference:C:\Users\Administrator\.nuget\packages\microsoft.windowsdesktop.app.ref\6.0.36\ref\net6.0\System.Diagnostics.PerformanceCounter.dll /reference:C:\Users\Administrator\.nuget\packages\microsoft.netcore.app.ref\6.0.36\ref\net6.0\System.Diagnostics.Process.dll /reference:C:\Users\Administrator\.nuget\packages\microsoft.netcore.app.ref\6.0.36\ref\net6.0\System.Diagnostics.StackTrace.dll /reference:C:\Users\Administrator\.nuget\packages\microsoft.netcore.app.ref\6.0.36\ref\net6.0\System.Diagnostics.TextWriterTraceListener.dll /reference:C:\Users\Administrator\.nuget\packages\microsoft.netcore.app.ref\6.0.36\ref\net6.0\System.Diagnostics.Tools.dll /reference:C:\Users\Administrator\.nuget\packages\microsoft.netcore.app.ref\6.0.36\ref\net6.0\System.Diagnostics.TraceSource.dll /reference:C:\Users\Administrator\.nuget\packages\microsoft.netcore.app.ref\6.0.36\ref\net6.0\System.Diagnostics.Tracing.dll /reference:C:\Users\Administrator\.nuget\packages\microsoft.windowsdesktop.app.ref\6.0.36\ref\net6.0\System.DirectoryServices.dll /reference:C:\Users\Administrator\.nuget\packages\microsoft.netcore.app.ref\6.0.36\ref\net6.0\System.dll /reference:C:\Users\Administrator\.nuget\packages\microsoft.netcore.app.ref\6.0.36\ref\net6.0\System.Drawing.dll /reference:C:\Users\Administrator\.nuget\packages\microsoft.netcore.app.ref\6.0.36\ref\net6.0\System.Drawing.Primitives.dll /reference:C:\Users\Administrator\.nuget\packages\microsoft.netcore.app.ref\6.0.36\ref\net6.0\System.Dynamic.Runtime.dll /reference:C:\Users\Administrator\.nuget\packages\system.formats.asn1\8.0.1\lib\net6.0\System.Formats.Asn1.dll /reference:C:\Users\Administrator\.nuget\packages\microsoft.netcore.app.ref\6.0.36\ref\net6.0\System.Globalization.Calendars.dll /reference:C:\Users\Administrator\.nuget\packages\microsoft.netcore.app.ref\6.0.36\ref\net6.0\System.Globalization.dll /reference:C:\Users\Administrator\.nuget\packages\microsoft.netcore.app.ref\6.0.36\ref\net6.0\System.Globalization.Extensions.dll /reference:C:\Users\Administrator\.nuget\packages\microsoft.netcore.app.ref\6.0.36\ref\net6.0\System.IO.Compression.Brotli.dll /reference:C:\Users\Administrator\.nuget\packages\microsoft.netcore.app.ref\6.0.36\ref\net6.0\System.IO.Compression.dll /reference:C:\Users\Administrator\.nuget\packages\microsoft.netcore.app.ref\6.0.36\ref\net6.0\System.IO.Compression.FileSystem.dll /reference:C:\Users\Administrator\.nuget\packages\microsoft.netcore.app.ref\6.0.36\ref\net6.0\System.IO.Compression.ZipFile.dll /reference:C:\Users\Administrator\.nuget\packages\microsoft.netcore.app.ref\6.0.36\ref\net6.0\System.IO.dll /reference:C:\Users\Administrator\.nuget\packages\microsoft.netcore.app.ref\6.0.36\ref\net6.0\System.IO.FileSystem.AccessControl.dll /reference:C:\Users\Administrator\.nuget\packages\microsoft.netcore.app.ref\6.0.36\ref\net6.0\System.IO.FileSystem.dll /reference:C:\Users\Administrator\.nuget\packages\microsoft.netcore.app.ref\6.0.36\ref\net6.0\System.IO.FileSystem.DriveInfo.dll /reference:C:\Users\Administrator\.nuget\packages\microsoft.netcore.app.ref\6.0.36\ref\net6.0\System.IO.FileSystem.Primitives.dll /reference:C:\Users\Administrator\.nuget\packages\microsoft.netcore.app.ref\6.0.36\ref\net6.0\System.IO.FileSystem.Watcher.dll /reference:C:\Users\Administrator\.nuget\packages\microsoft.netcore.app.ref\6.0.36\ref\net6.0\System.IO.IsolatedStorage.dll /reference:C:\Users\Administrator\.nuget\packages\microsoft.netcore.app.ref\6.0.36\ref\net6.0\System.IO.MemoryMappedFiles.dll /reference:C:\Users\Administrator\.nuget\packages\microsoft.windowsdesktop.app.ref\6.0.36\ref\net6.0\System.IO.Packaging.dll /reference:C:\Users\Administrator\.nuget\packages\microsoft.netcore.app.ref\6.0.36\ref\net6.0\System.IO.Pipes.AccessControl.dll /reference:C:\Users\Administrator\.nuget\packages\microsoft.netcore.app.ref\6.0.36\ref\net6.0\System.IO.Pipes.dll /reference:C:\Users\Administrator\.nuget\packages\microsoft.netcore.app.ref\6.0.36\ref\net6.0\System.IO.UnmanagedMemoryStream.dll /reference:C:\Users\Administrator\.nuget\packages\microsoft.netcore.app.ref\6.0.36\ref\net6.0\System.Linq.dll /reference:C:\Users\Administrator\.nuget\packages\microsoft.netcore.app.ref\6.0.36\ref\net6.0\System.Linq.Expressions.dll /reference:C:\Users\Administrator\.nuget\packages\microsoft.netcore.app.ref\6.0.36\ref\net6.0\System.Linq.Parallel.dll /reference:C:\Users\Administrator\.nuget\packages\microsoft.netcore.app.ref\6.0.36\ref\net6.0\System.Linq.Queryable.dll /reference:C:\Users\Administrator\.nuget\packages\microsoft.netcore.app.ref\6.0.36\ref\net6.0\System.Memory.dll /reference:C:\Users\Administrator\.nuget\packages\microsoft.netcore.app.ref\6.0.36\ref\net6.0\System.Net.dll /reference:C:\Users\Administrator\.nuget\packages\microsoft.netcore.app.ref\6.0.36\ref\net6.0\System.Net.Http.dll /reference:C:\Users\Administrator\.nuget\packages\microsoft.netcore.app.ref\6.0.36\ref\net6.0\System.Net.Http.Json.dll /reference:C:\Users\Administrator\.nuget\packages\microsoft.netcore.app.ref\6.0.36\ref\net6.0\System.Net.HttpListener.dll /reference:C:\Users\Administrator\.nuget\packages\microsoft.netcore.app.ref\6.0.36\ref\net6.0\System.Net.Mail.dll /reference:C:\Users\Administrator\.nuget\packages\microsoft.netcore.app.ref\6.0.36\ref\net6.0\System.Net.NameResolution.dll /reference:C:\Users\Administrator\.nuget\packages\microsoft.netcore.app.ref\6.0.36\ref\net6.0\System.Net.NetworkInformation.dll /reference:C:\Users\Administrator\.nuget\packages\microsoft.netcore.app.ref\6.0.36\ref\net6.0\System.Net.Ping.dll /reference:C:\Users\Administrator\.nuget\packages\microsoft.netcore.app.ref\6.0.36\ref\net6.0\System.Net.Primitives.dll /reference:C:\Users\Administrator\.nuget\packages\microsoft.netcore.app.ref\6.0.36\ref\net6.0\System.Net.Requests.dll /reference:C:\Users\Administrator\.nuget\packages\microsoft.netcore.app.ref\6.0.36\ref\net6.0\System.Net.Security.dll /reference:C:\Users\Administrator\.nuget\packages\microsoft.netcore.app.ref\6.0.36\ref\net6.0\System.Net.ServicePoint.dll /reference:C:\Users\Administrator\.nuget\packages\microsoft.netcore.app.ref\6.0.36\ref\net6.0\System.Net.Sockets.dll /reference:C:\Users\Administrator\.nuget\packages\microsoft.netcore.app.ref\6.0.36\ref\net6.0\System.Net.WebClient.dll /reference:C:\Users\Administrator\.nuget\packages\microsoft.netcore.app.ref\6.0.36\ref\net6.0\System.Net.WebHeaderCollection.dll /reference:C:\Users\Administrator\.nuget\packages\microsoft.netcore.app.ref\6.0.36\ref\net6.0\System.Net.WebProxy.dll /reference:C:\Users\Administrator\.nuget\packages\microsoft.netcore.app.ref\6.0.36\ref\net6.0\System.Net.WebSockets.Client.dll /reference:C:\Users\Administrator\.nuget\packages\microsoft.netcore.app.ref\6.0.36\ref\net6.0\System.Net.WebSockets.dll /reference:C:\Users\Administrator\.nuget\packages\microsoft.netcore.app.ref\6.0.36\ref\net6.0\System.Numerics.dll /reference:C:\Users\Administrator\.nuget\packages\microsoft.netcore.app.ref\6.0.36\ref\net6.0\System.Numerics.Vectors.dll /reference:C:\Users\Administrator\.nuget\packages\microsoft.netcore.app.ref\6.0.36\ref\net6.0\System.ObjectModel.dll /reference:C:\Users\Administrator\.nuget\packages\microsoft.windowsdesktop.app.ref\6.0.36\ref\net6.0\System.Printing.dll /reference:C:\Users\Administrator\.nuget\packages\microsoft.netcore.app.ref\6.0.36\ref\net6.0\System.Reflection.DispatchProxy.dll /reference:C:\Users\Administrator\.nuget\packages\microsoft.netcore.app.ref\6.0.36\ref\net6.0\System.Reflection.dll /reference:C:\Users\Administrator\.nuget\packages\microsoft.netcore.app.ref\6.0.36\ref\net6.0\System.Reflection.Emit.dll /reference:C:\Users\Administrator\.nuget\packages\microsoft.netcore.app.ref\6.0.36\ref\net6.0\System.Reflection.Emit.ILGeneration.dll /reference:C:\Users\Administrator\.nuget\packages\microsoft.netcore.app.ref\6.0.36\ref\net6.0\System.Reflection.Emit.Lightweight.dll /reference:C:\Users\Administrator\.nuget\packages\microsoft.netcore.app.ref\6.0.36\ref\net6.0\System.Reflection.Extensions.dll /reference:C:\Users\Administrator\.nuget\packages\microsoft.netcore.app.ref\6.0.36\ref\net6.0\System.Reflection.Metadata.dll /reference:C:\Users\Administrator\.nuget\packages\microsoft.netcore.app.ref\6.0.36\ref\net6.0\System.Reflection.Primitives.dll /reference:C:\Users\Administrator\.nuget\packages\microsoft.netcore.app.ref\6.0.36\ref\net6.0\System.Reflection.TypeExtensions.dll /reference:C:\Users\Administrator\.nuget\packages\microsoft.windowsdesktop.app.ref\6.0.36\ref\net6.0\System.Resources.Extensions.dll /reference:C:\Users\Administrator\.nuget\packages\microsoft.netcore.app.ref\6.0.36\ref\net6.0\System.Resources.Reader.dll /reference:C:\Users\Administrator\.nuget\packages\microsoft.netcore.app.ref\6.0.36\ref\net6.0\System.Resources.ResourceManager.dll /reference:C:\Users\Administrator\.nuget\packages\microsoft.netcore.app.ref\6.0.36\ref\net6.0\System.Resources.Writer.dll /reference:C:\Users\Administrator\.nuget\packages\microsoft.netcore.app.ref\6.0.36\ref\net6.0\System.Runtime.CompilerServices.Unsafe.dll /reference:C:\Users\Administrator\.nuget\packages\microsoft.netcore.app.ref\6.0.36\ref\net6.0\System.Runtime.CompilerServices.VisualC.dll /reference:C:\Users\Administrator\.nuget\packages\microsoft.netcore.app.ref\6.0.36\ref\net6.0\System.Runtime.dll /reference:C:\Users\Administrator\.nuget\packages\microsoft.netcore.app.ref\6.0.36\ref\net6.0\System.Runtime.Extensions.dll /reference:C:\Users\Administrator\.nuget\packages\microsoft.netcore.app.ref\6.0.36\ref\net6.0\System.Runtime.Handles.dll /reference:C:\Users\Administrator\.nuget\packages\microsoft.netcore.app.ref\6.0.36\ref\net6.0\System.Runtime.InteropServices.dll /reference:C:\Users\Administrator\.nuget\packages\microsoft.netcore.app.ref\6.0.36\ref\net6.0\System.Runtime.InteropServices.RuntimeInformation.dll /reference:C:\Users\Administrator\.nuget\packages\microsoft.netcore.app.ref\6.0.36\ref\net6.0\System.Runtime.Intrinsics.dll /reference:C:\Users\Administrator\.nuget\packages\microsoft.netcore.app.ref\6.0.36\ref\net6.0\System.Runtime.Loader.dll /reference:C:\Users\Administrator\.nuget\packages\microsoft.netcore.app.ref\6.0.36\ref\net6.0\System.Runtime.Numerics.dll /reference:C:\Users\Administrator\.nuget\packages\microsoft.netcore.app.ref\6.0.36\ref\net6.0\System.Runtime.Serialization.dll /reference:C:\Users\Administrator\.nuget\packages\microsoft.netcore.app.ref\6.0.36\ref\net6.0\System.Runtime.Serialization.Formatters.dll /reference:C:\Users\Administrator\.nuget\packages\microsoft.netcore.app.ref\6.0.36\ref\net6.0\System.Runtime.Serialization.Json.dll /reference:C:\Users\Administrator\.nuget\packages\microsoft.netcore.app.ref\6.0.36\ref\net6.0\System.Runtime.Serialization.Primitives.dll /reference:C:\Users\Administrator\.nuget\packages\microsoft.netcore.app.ref\6.0.36\ref\net6.0\System.Runtime.Serialization.Xml.dll /reference:C:\Users\Administrator\.nuget\packages\microsoft.netcore.app.ref\6.0.36\ref\net6.0\System.Security.AccessControl.dll /reference:C:\Users\Administrator\.nuget\packages\microsoft.netcore.app.ref\6.0.36\ref\net6.0\System.Security.Claims.dll /reference:C:\Users\Administrator\.nuget\packages\microsoft.netcore.app.ref\6.0.36\ref\net6.0\System.Security.Cryptography.Algorithms.dll /reference:C:\Users\Administrator\.nuget\packages\microsoft.netcore.app.ref\6.0.36\ref\net6.0\System.Security.Cryptography.Cng.dll /reference:C:\Users\Administrator\.nuget\packages\microsoft.netcore.app.ref\6.0.36\ref\net6.0\System.Security.Cryptography.Csp.dll /reference:C:\Users\Administrator\.nuget\packages\microsoft.netcore.app.ref\6.0.36\ref\net6.0\System.Security.Cryptography.Encoding.dll /reference:C:\Users\Administrator\.nuget\packages\microsoft.netcore.app.ref\6.0.36\ref\net6.0\System.Security.Cryptography.OpenSsl.dll /reference:C:\Users\Administrator\.nuget\packages\system.security.cryptography.pkcs\8.0.1\lib\net6.0\System.Security.Cryptography.Pkcs.dll /reference:C:\Users\Administrator\.nuget\packages\microsoft.netcore.app.ref\6.0.36\ref\net6.0\System.Security.Cryptography.Primitives.dll /reference:C:\Users\Administrator\.nuget\packages\microsoft.windowsdesktop.app.ref\6.0.36\ref\net6.0\System.Security.Cryptography.ProtectedData.dll /reference:C:\Users\Administrator\.nuget\packages\microsoft.netcore.app.ref\6.0.36\ref\net6.0\System.Security.Cryptography.X509Certificates.dll /reference:C:\Users\Administrator\.nuget\packages\system.security.cryptography.xml\8.0.2\lib\net6.0\System.Security.Cryptography.Xml.dll /reference:C:\Users\Administrator\.nuget\packages\microsoft.netcore.app.ref\6.0.36\ref\net6.0\System.Security.dll /reference:C:\Users\Administrator\.nuget\packages\microsoft.windowsdesktop.app.ref\6.0.36\ref\net6.0\System.Security.Permissions.dll /reference:C:\Users\Administrator\.nuget\packages\microsoft.netcore.app.ref\6.0.36\ref\net6.0\System.Security.Principal.dll /reference:C:\Users\Administrator\.nuget\packages\microsoft.netcore.app.ref\6.0.36\ref\net6.0\System.Security.Principal.Windows.dll /reference:C:\Users\Administrator\.nuget\packages\microsoft.netcore.app.ref\6.0.36\ref\net6.0\System.Security.SecureString.dll /reference:C:\Users\Administrator\.nuget\packages\microsoft.netcore.app.ref\6.0.36\ref\net6.0\System.ServiceModel.Web.dll /reference:C:\Users\Administrator\.nuget\packages\microsoft.netcore.app.ref\6.0.36\ref\net6.0\System.ServiceProcess.dll /reference:C:\Users\Administrator\.nuget\packages\system.text.encoding.codepages\8.0.0\lib\net6.0\System.Text.Encoding.CodePages.dll /reference:C:\Users\Administrator\.nuget\packages\microsoft.netcore.app.ref\6.0.36\ref\net6.0\System.Text.Encoding.dll /reference:C:\Users\Administrator\.nuget\packages\microsoft.netcore.app.ref\6.0.36\ref\net6.0\System.Text.Encoding.Extensions.dll /reference:C:\Users\Administrator\.nuget\packages\system.text.encodings.web\8.0.0\lib\net6.0\System.Text.Encodings.Web.dll /reference:C:\Users\Administrator\.nuget\packages\system.text.json\8.0.5\lib\net6.0\System.Text.Json.dll /reference:C:\Users\Administrator\.nuget\packages\microsoft.netcore.app.ref\6.0.36\ref\net6.0\System.Text.RegularExpressions.dll /reference:C:\Users\Administrator\.nuget\packages\microsoft.windowsdesktop.app.ref\6.0.36\ref\net6.0\System.Threading.AccessControl.dll /reference:C:\Users\Administrator\.nuget\packages\microsoft.netcore.app.ref\6.0.36\ref\net6.0\System.Threading.Channels.dll /reference:C:\Users\Administrator\.nuget\packages\microsoft.netcore.app.ref\6.0.36\ref\net6.0\System.Threading.dll /reference:C:\Users\Administrator\.nuget\packages\microsoft.netcore.app.ref\6.0.36\ref\net6.0\System.Threading.Overlapped.dll /reference:C:\Users\Administrator\.nuget\packages\microsoft.netcore.app.ref\6.0.36\ref\net6.0\System.Threading.Tasks.Dataflow.dll /reference:C:\Users\Administrator\.nuget\packages\microsoft.netcore.app.ref\6.0.36\ref\net6.0\System.Threading.Tasks.dll /reference:C:\Users\Administrator\.nuget\packages\microsoft.netcore.app.ref\6.0.36\ref\net6.0\System.Threading.Tasks.Extensions.dll /reference:C:\Users\Administrator\.nuget\packages\microsoft.netcore.app.ref\6.0.36\ref\net6.0\System.Threading.Tasks.Parallel.dll /reference:C:\Users\Administrator\.nuget\packages\microsoft.netcore.app.ref\6.0.36\ref\net6.0\System.Threading.Thread.dll /reference:C:\Users\Administrator\.nuget\packages\microsoft.netcore.app.ref\6.0.36\ref\net6.0\System.Threading.ThreadPool.dll /reference:C:\Users\Administrator\.nuget\packages\microsoft.netcore.app.ref\6.0.36\ref\net6.0\System.Threading.Timer.dll /reference:C:\Users\Administrator\.nuget\packages\microsoft.netcore.app.ref\6.0.36\ref\net6.0\System.Transactions.dll /reference:C:\Users\Administrator\.nuget\packages\microsoft.netcore.app.ref\6.0.36\ref\net6.0\System.Transactions.Local.dll /reference:C:\Users\Administrator\.nuget\packages\microsoft.netcore.app.ref\6.0.36\ref\net6.0\System.ValueTuple.dll /reference:C:\Users\Administrator\.nuget\packages\microsoft.netcore.app.ref\6.0.36\ref\net6.0\System.Web.dll /reference:C:\Users\Administrator\.nuget\packages\microsoft.netcore.app.ref\6.0.36\ref\net6.0\System.Web.HttpUtility.dll /reference:C:\Users\Administrator\.nuget\packages\microsoft.windowsdesktop.app.ref\6.0.36\ref\net6.0\System.Windows.Controls.Ribbon.dll /reference:C:\Users\Administrator\.nuget\packages\microsoft.netcore.app.ref\6.0.36\ref\net6.0\System.Windows.dll /reference:C:\Users\Administrator\.nuget\packages\microsoft.windowsdesktop.app.ref\6.0.36\ref\net6.0\System.Windows.Extensions.dll /reference:C:\Users\Administrator\.nuget\packages\microsoft.windowsdesktop.app.ref\6.0.36\ref\net6.0\System.Windows.Input.Manipulations.dll /reference:C:\Users\Administrator\.nuget\packages\microsoft.windowsdesktop.app.ref\6.0.36\ref\net6.0\System.Windows.Presentation.dll /reference:C:\Users\Administrator\.nuget\packages\microsoft.windowsdesktop.app.ref\6.0.36\ref\net6.0\System.Xaml.dll /reference:C:\Users\Administrator\.nuget\packages\microsoft.netcore.app.ref\6.0.36\ref\net6.0\System.Xml.dll /reference:C:\Users\Administrator\.nuget\packages\microsoft.netcore.app.ref\6.0.36\ref\net6.0\System.Xml.Linq.dll /reference:C:\Users\Administrator\.nuget\packages\microsoft.netcore.app.ref\6.0.36\ref\net6.0\System.Xml.ReaderWriter.dll /reference:C:\Users\Administrator\.nuget\packages\microsoft.netcore.app.ref\6.0.36\ref\net6.0\System.Xml.Serialization.dll /reference:C:\Users\Administrator\.nuget\packages\microsoft.netcore.app.ref\6.0.36\ref\net6.0\System.Xml.XDocument.dll /reference:C:\Users\Administrator\.nuget\packages\microsoft.netcore.app.ref\6.0.36\ref\net6.0\System.Xml.XmlDocument.dll /reference:C:\Users\Administrator\.nuget\packages\microsoft.netcore.app.ref\6.0.36\ref\net6.0\System.Xml.XmlSerializer.dll /reference:C:\Users\Administrator\.nuget\packages\microsoft.netcore.app.ref\6.0.36\ref\net6.0\System.Xml.XPath.dll /reference:C:\Users\Administrator\.nuget\packages\microsoft.netcore.app.ref\6.0.36\ref\net6.0\System.Xml.XPath.XDocument.dll /reference:C:\Users\Administrator\.nuget\packages\microsoft.windowsdesktop.app.ref\6.0.36\ref\net6.0\UIAutomationClient.dll /reference:C:\Users\Administrator\.nuget\packages\microsoft.windowsdesktop.app.ref\6.0.36\ref\net6.0\UIAutomationClientSideProviders.dll /reference:C:\Users\Administrator\.nuget\packages\microsoft.windowsdesktop.app.ref\6.0.36\ref\net6.0\UIAutomationProvider.dll /reference:C:\Users\Administrator\.nuget\packages\microsoft.windowsdesktop.app.ref\6.0.36\ref\net6.0\UIAutomationTypes.dll /reference:C:\Users\Administrator\.nuget\packages\microsoft.windowsdesktop.app.ref\6.0.36\ref\net6.0\WindowsBase.dll /debug+ /debug:portable /filealign:512 /optimize- /out:obj\Debug\net6.0-windows\ExamSystem.WPF.dll /refout:obj\Debug\net6.0-windows\refint\ExamSystem.WPF.dll /target:winexe /warnaserror- /utf8output /deterministic+ /sourcelink:obj\Debug\net6.0-windows\ExamSystem.WPF_jnecsfj5_wpftmp.sourcelink.json /langversion:10.0 /embed:E:\Project\exam_trae\ExamSystem.WPF\obj\Debug\net6.0-windows\Views\ChangePasswordDialog.g.cs /embed:E:\Project\exam_trae\ExamSystem.WPF\obj\Debug\net6.0-windows\Views\DashboardView.g.cs /embed:E:\Project\exam_trae\ExamSystem.WPF\obj\Debug\net6.0-windows\Views\ExamConfirmationDialog.g.cs /embed:E:\Project\exam_trae\ExamSystem.WPF\obj\Debug\net6.0-windows\Views\ExamPaperEditDialog.g.cs /embed:E:\Project\exam_trae\ExamSystem.WPF\obj\Debug\net6.0-windows\Views\ExamPaperView.g.cs /embed:E:\Project\exam_trae\ExamSystem.WPF\obj\Debug\net6.0-windows\Views\ExamPreviewDialog.g.cs /embed:E:\Project\exam_trae\ExamSystem.WPF\obj\Debug\net6.0-windows\Views\ExamResultDetailView.g.cs /embed:E:\Project\exam_trae\ExamSystem.WPF\obj\Debug\net6.0-windows\Views\ExamResultView.g.cs /embed:E:\Project\exam_trae\ExamSystem.WPF\obj\Debug\net6.0-windows\Views\ExamView.g.cs /embed:E:\Project\exam_trae\ExamSystem.WPF\obj\Debug\net6.0-windows\Views\FullScreenExamWindow.g.cs /embed:E:\Project\exam_trae\ExamSystem.WPF\obj\Debug\net6.0-windows\Views\ImportResultDialog.g.cs /embed:E:\Project\exam_trae\ExamSystem.WPF\obj\Debug\net6.0-windows\Views\LearningResourcesView.g.cs /embed:E:\Project\exam_trae\ExamSystem.WPF\obj\Debug\net6.0-windows\Views\LoginWindow.g.cs /embed:E:\Project\exam_trae\ExamSystem.WPF\obj\Debug\net6.0-windows\Views\MainWindow.g.cs /embed:E:\Project\exam_trae\ExamSystem.WPF\obj\Debug\net6.0-windows\Views\MessageCenterView.g.cs /embed:E:\Project\exam_trae\ExamSystem.WPF\obj\Debug\net6.0-windows\Views\NotificationSendView.g.cs /embed:E:\Project\exam_trae\ExamSystem.WPF\obj\Debug\net6.0-windows\Views\PaperQuestionManageDialog.g.cs /embed:E:\Project\exam_trae\ExamSystem.WPF\obj\Debug\net6.0-windows\Views\QuestionBankEditDialog.g.cs /embed:E:\Project\exam_trae\ExamSystem.WPF\obj\Debug\net6.0-windows\Views\QuestionBankView.g.cs /embed:E:\Project\exam_trae\ExamSystem.WPF\obj\Debug\net6.0-windows\Views\QuestionEditDialog.g.cs /embed:E:\Project\exam_trae\ExamSystem.WPF\obj\Debug\net6.0-windows\Views\StatisticsView.g.cs /embed:E:\Project\exam_trae\ExamSystem.WPF\obj\Debug\net6.0-windows\Views\StudentExamListView.g.cs /embed:E:\Project\exam_trae\ExamSystem.WPF\obj\Debug\net6.0-windows\Views\StudentExamResultView.g.cs /embed:E:\Project\exam_trae\ExamSystem.WPF\obj\Debug\net6.0-windows\Views\UserManagementView.g.cs /embed:E:\Project\exam_trae\ExamSystem.WPF\obj\Debug\net6.0-windows\App.g.cs /embed:E:\Project\exam_trae\ExamSystem.WPF\obj\Debug\net6.0-windows\GeneratedInternalTypeHelper.g.cs /embed:"obj\Debug\net6.0-windows\.NETCoreApp,Version=v6.0.AssemblyAttributes.cs" /embed:obj\Debug\net6.0-windows\ExamSystem.WPF_jnecsfj5_wpftmp.AssemblyInfo.cs /analyzerconfig:obj\Debug\net6.0-windows\ExamSystem.WPF_jnecsfj5_wpftmp.GeneratedMSBuildEditorConfig.editorconfig /analyzerconfig:"C:\Program Files\dotnet\sdk\9.0.305\Sdks\Microsoft.NET.Sdk\analyzers\build\config\analysislevel_6_default.globalconfig" /analyzer:"C:\Program Files\dotnet\sdk\9.0.305\Sdks\Microsoft.NET.Sdk\targets\..\analyzers\Microsoft.CodeAnalysis.CSharp.NetAnalyzers.dll" /analyzer:"C:\Program Files\dotnet\sdk\9.0.305\Sdks\Microsoft.NET.Sdk\targets\..\analyzers\Microsoft.CodeAnalysis.NetAnalyzers.dll" /analyzer:C:\Users\Administrator\.nuget\packages\microsoft.entityframeworkcore.analyzers\5.0.17\analyzers\dotnet\cs\Microsoft.EntityFrameworkCore.Analyzers.dll /analyzer:C:\Users\Administrator\.nuget\packages\system.text.json\8.0.5\analyzers\dotnet\roslyn4.4\cs\System.Text.Json.SourceGeneration.dll App.xaml.cs Behaviors\ListBoxSelectedItemsBehavior.cs Commands\RelayCommand.cs Converters\BooleanToBrushConverter.cs Converters\Converters.cs Converters\DifficultyConverter.cs Converters\InverseBooleanConverter.cs Converters\LoadingTextConverter.cs Converters\NotificationEnumConverters.cs Converters\QuestionTypeConverter.cs Converters\ReadStatusConverter.cs DatabaseSeeder.cs Services\IStatisticsService.cs Services\StatisticsService.cs ViewModels\Base\BaseViewModel.cs ViewModels\DashboardViewModel.cs ViewModels\ExamConfirmationViewModel.cs ViewModels\ExamPaperEditViewModel.cs ViewModels\ExamPaperViewModel.cs ViewModels\ExamPreviewViewModel.cs ViewModels\ExamResultDetailViewModel.cs ViewModels\ExamResultViewModel.cs ViewModels\ExamViewModel.cs ViewModels\FullScreenExamViewModel.cs ViewModels\ImportResultViewModel.cs ViewModels\LoginViewModel.cs ViewModels\MessageCenterViewModel.cs ViewModels\NotificationSendViewModel.cs ViewModels\PaperQuestionManageViewModel.cs ViewModels\QuestionBankEditViewModel.cs ViewModels\QuestionBankViewModel.cs ViewModels\QuestionEditViewModel.cs ViewModels\StatisticsViewModel.cs ViewModels\StudentExamListViewModel.cs ViewModels\StudentExamResultViewModel.cs ViewModels\UserManagementViewModel.cs Views\ChangePasswordDialog.xaml.cs Views\DashboardView.xaml.cs Views\ExamConfirmationDialog.xaml.cs Views\ExamPaperEditDialog.xaml.cs Views\ExamPaperView.xaml.cs Views\ExamPreviewDialog.xaml.cs Views\ExamResultDetailView.xaml.cs Views\ExamResultView.xaml.cs Views\ExamView.xaml.cs Views\FullScreenExamWindow.xaml.cs Views\ImportResultDialog.xaml.cs Views\LearningResourcesView.xaml.cs Views\LoginWindow.xaml.cs Views\MainWindow.xaml.cs Views\MessageCenterView.xaml.cs Views\NotificationSendView.xaml.cs Views\PaperQuestionManageDialog.xaml.cs Views\QuestionBankEditDialog.xaml.cs Views\QuestionBankView.xaml.cs Views\QuestionEditDialog.xaml.cs Views\StatisticsView.xaml.cs Views\StudentExamListView.xaml.cs Views\StudentExamResultView.xaml.cs Views\UserManagementView.xaml.cs E:\Project\exam_trae\ExamSystem.WPF\obj\Debug\net6.0-windows\Views\ChangePasswordDialog.g.cs E:\Project\exam_trae\ExamSystem.WPF\obj\Debug\net6.0-windows\Views\DashboardView.g.cs E:\Project\exam_trae\ExamSystem.WPF\obj\Debug\net6.0-windows\Views\ExamConfirmationDialog.g.cs E:\Project\exam_trae\ExamSystem.WPF\obj\Debug\net6.0-windows\Views\ExamPaperEditDialog.g.cs E:\Project\exam_trae\ExamSystem.WPF\obj\Debug\net6.0-windows\Views\ExamPaperView.g.cs E:\Project\exam_trae\ExamSystem.WPF\obj\Debug\net6.0-windows\Views\ExamPreviewDialog.g.cs E:\Project\exam_trae\ExamSystem.WPF\obj\Debug\net6.0-windows\Views\ExamResultDetailView.g.cs E:\Project\exam_trae\ExamSystem.WPF\obj\Debug\net6.0-windows\Views\ExamResultView.g.cs E:\Project\exam_trae\ExamSystem.WPF\obj\Debug\net6.0-windows\Views\ExamView.g.cs E:\Project\exam_trae\ExamSystem.WPF\obj\Debug\net6.0-windows\Views\FullScreenExamWindow.g.cs E:\Project\exam_trae\ExamSystem.WPF\obj\Debug\net6.0-windows\Views\ImportResultDialog.g.cs E:\Project\exam_trae\ExamSystem.WPF\obj\Debug\net6.0-windows\Views\LearningResourcesView.g.cs E:\Project\exam_trae\ExamSystem.WPF\obj\Debug\net6.0-windows\Views\LoginWindow.g.cs E:\Project\exam_trae\ExamSystem.WPF\obj\Debug\net6.0-windows\Views\MainWindow.g.cs E:\Project\exam_trae\ExamSystem.WPF\obj\Debug\net6.0-windows\Views\MessageCenterView.g.cs E:\Project\exam_trae\ExamSystem.WPF\obj\Debug\net6.0-windows\Views\NotificationSendView.g.cs E:\Project\exam_trae\ExamSystem.WPF\obj\Debug\net6.0-windows\Views\PaperQuestionManageDialog.g.cs E:\Project\exam_trae\ExamSystem.WPF\obj\Debug\net6.0-windows\Views\QuestionBankEditDialog.g.cs E:\Project\exam_trae\ExamSystem.WPF\obj\Debug\net6.0-windows\Views\QuestionBankView.g.cs E:\Project\exam_trae\ExamSystem.WPF\obj\Debug\net6.0-windows\Views\QuestionEditDialog.g.cs E:\Project\exam_trae\ExamSystem.WPF\obj\Debug\net6.0-windows\Views\StatisticsView.g.cs E:\Project\exam_trae\ExamSystem.WPF\obj\Debug\net6.0-windows\Views\StudentExamListView.g.cs E:\Project\exam_trae\ExamSystem.WPF\obj\Debug\net6.0-windows\Views\StudentExamResultView.g.cs E:\Project\exam_trae\ExamSystem.WPF\obj\Debug\net6.0-windows\Views\UserManagementView.g.cs E:\Project\exam_trae\ExamSystem.WPF\obj\Debug\net6.0-windows\App.g.cs E:\Project\exam_trae\ExamSystem.WPF\obj\Debug\net6.0-windows\GeneratedInternalTypeHelper.g.cs "obj\Debug\net6.0-windows\.NETCoreApp,Version=v6.0.AssemblyAttributes.cs" obj\Debug\net6.0-windows\ExamSystem.WPF_jnecsfj5_wpftmp.AssemblyInfo.cs /warnaserror+:NU1605
     5>E:\Project\exam_trae\ExamSystem.WPF\ViewModels\ExamPaperEditViewModel.cs(335,50): warning CS8612: 鈥渆vent PropertyChangedEventHandler ValidationMessages.PropertyChanged鈥濈殑绫诲瀷涓紩鐢ㄧ被鍨嬬殑涓?Null 鎬т笌闅愬紡瀹炵幇鐨勬垚鍛樷€渆vent PropertyChangedEventHandler? INotifyPropertyChanged.PropertyChanged鈥濅笉鍖归厤銆?[E:\Project\exam_trae\ExamSystem.WPF\ExamSystem.WPF_jnecsfj5_wpftmp.csproj]
     5>E:\Project\exam_trae\ExamSystem.WPF\ViewModels\ExamPaperEditViewModel.cs(231,50): warning CS8612: 鈥渆vent PropertyChangedEventHandler ExamPaperEditViewModel.PropertyChanged鈥濈殑绫诲瀷涓紩鐢ㄧ被鍨嬬殑涓?Null 鎬т笌闅愬紡瀹炵幇鐨勬垚鍛樷€渆vent PropertyChangedEventHandler? INotifyPropertyChanged.PropertyChanged鈥濅笉鍖归厤銆?[E:\Project\exam_trae\ExamSystem.WPF\ExamSystem.WPF_jnecsfj5_wpftmp.csproj]
     5>E:\Project\exam_trae\ExamSystem.WPF\ViewModels\DashboardViewModel.cs(270,50): warning CS8612: 鈥渆vent PropertyChangedEventHandler DashboardViewModel.PropertyChanged鈥濈殑绫诲瀷涓紩鐢ㄧ被鍨嬬殑涓?Null 鎬т笌闅愬紡瀹炵幇鐨勬垚鍛樷€渆vent PropertyChangedEventHandler? INotifyPropertyChanged.PropertyChanged鈥濅笉鍖归厤銆?[E:\Project\exam_trae\ExamSystem.WPF\ExamSystem.WPF_jnecsfj5_wpftmp.csproj]
     5>E:\Project\exam_trae\ExamSystem.WPF\ViewModels\ExamPaperEditViewModel.cs(233,91): warning CS8625: 鏃犳硶灏?null 瀛楅潰閲忚浆鎹负闈?null 鐨勫紩鐢ㄧ被鍨嬨€?[E:\Project\exam_trae\ExamSystem.WPF\ExamSystem.WPF_jnecsfj5_wpftmp.csproj]
     5>E:\Project\exam_trae\ExamSystem.WPF\ViewModels\ExamPaperEditViewModel.cs(337,91): warning CS8625: 鏃犳硶灏?null 瀛楅潰閲忚浆鎹负闈?null 鐨勫紩鐢ㄧ被鍨嬨€?[E:\Project\exam_trae\ExamSystem.WPF\ExamSystem.WPF_jnecsfj5_wpftmp.csproj]
     5>E:\Project\exam_trae\ExamSystem.WPF\ViewModels\DashboardViewModel.cs(272,91): warning CS8625: 鏃犳硶灏?null 瀛楅潰閲忚浆鎹负闈?null 鐨勫紩鐢ㄧ被鍨嬨€?[E:\Project\exam_trae\ExamSystem.WPF\ExamSystem.WPF_jnecsfj5_wpftmp.csproj]
     5>E:\Project\exam_trae\ExamSystem.WPF\ViewModels\ExamResultDetailViewModel.cs(391,50): warning CS8612: 鈥渆vent PropertyChangedEventHandler OptionDetailViewModel.PropertyChanged鈥濈殑绫诲瀷涓紩鐢ㄧ被鍨嬬殑涓?Null 鎬т笌闅愬紡瀹炵幇鐨勬垚鍛樷€渆vent PropertyChangedEventHandler? INotifyPropertyChanged.PropertyChanged鈥濅笉鍖归厤銆?[E:\Project\exam_trae\ExamSystem.WPF\ExamSystem.WPF_jnecsfj5_wpftmp.csproj]
     5>E:\Project\exam_trae\ExamSystem.WPF\ViewModels\DashboardViewModel.cs(277,102): warning CS8625: 鏃犳硶灏?null 瀛楅潰閲忚浆鎹负闈?null 鐨勫紩鐢ㄧ被鍨嬨€?[E:\Project\exam_trae\ExamSystem.WPF\ExamSystem.WPF_jnecsfj5_wpftmp.csproj]
     5>E:\Project\exam_trae\ExamSystem.WPF\ViewModels\ExamResultDetailViewModel.cs(393,91): warning CS8625: 鏃犳硶灏?null 瀛楅潰閲忚浆鎹负闈?null 鐨勫紩鐢ㄧ被鍨嬨€?[E:\Project\exam_trae\ExamSystem.WPF\ExamSystem.WPF_jnecsfj5_wpftmp.csproj]
     5>E:\Project\exam_trae\ExamSystem.WPF\ViewModels\ExamResultDetailViewModel.cs(398,102): warning CS8625: 鏃犳硶灏?null 瀛楅潰閲忚浆鎹负闈?null 鐨勫紩鐢ㄧ被鍨嬨€?[E:\Project\exam_trae\ExamSystem.WPF\ExamSystem.WPF_jnecsfj5_wpftmp.csproj]
     5>E:\Project\exam_trae\ExamSystem.WPF\ViewModels\ExamResultDetailViewModel.cs(250,50): warning CS8612: 鈥渆vent PropertyChangedEventHandler ExamResultDetailViewModel.PropertyChanged鈥濈殑绫诲瀷涓紩鐢ㄧ被鍨嬬殑涓?Null 鎬т笌闅愬紡瀹炵幇鐨勬垚鍛樷€渆vent PropertyChangedEventHandler? INotifyPropertyChanged.PropertyChanged鈥濅笉鍖归厤銆?[E:\Project\exam_trae\ExamSystem.WPF\ExamSystem.WPF_jnecsfj5_wpftmp.csproj]
     5>E:\Project\exam_trae\ExamSystem.WPF\ViewModels\ExamResultDetailViewModel.cs(252,91): warning CS8625: 鏃犳硶灏?null 瀛楅潰閲忚浆鎹负闈?null 鐨勫紩鐢ㄧ被鍨嬨€?[E:\Project\exam_trae\ExamSystem.WPF\ExamSystem.WPF_jnecsfj5_wpftmp.csproj]
     5>E:\Project\exam_trae\ExamSystem.WPF\ViewModels\ExamResultDetailViewModel.cs(257,102): warning CS8625: 鏃犳硶灏?null 瀛楅潰閲忚浆鎹负闈?null 鐨勫紩鐢ㄧ被鍨嬨€?[E:\Project\exam_trae\ExamSystem.WPF\ExamSystem.WPF_jnecsfj5_wpftmp.csproj]
     5>E:\Project\exam_trae\ExamSystem.WPF\ViewModels\ExamResultDetailViewModel.cs(351,50): warning CS8612: 鈥渆vent PropertyChangedEventHandler QuestionDetailViewModel.PropertyChanged鈥濈殑绫诲瀷涓紩鐢ㄧ被鍨嬬殑涓?Null 鎬т笌闅愬紡瀹炵幇鐨勬垚鍛樷€渆vent PropertyChangedEventHandler? INotifyPropertyChanged.PropertyChanged鈥濅笉鍖归厤銆?[E:\Project\exam_trae\ExamSystem.WPF\ExamSystem.WPF_jnecsfj5_wpftmp.csproj]
     5>E:\Project\exam_trae\ExamSystem.WPF\ViewModels\LoginViewModel.cs(208,50): warning CS8612: 鈥渆vent PropertyChangedEventHandler LoginViewModel.PropertyChanged鈥濈殑绫诲瀷涓紩鐢ㄧ被鍨嬬殑涓?Null 鎬т笌闅愬紡瀹炵幇鐨勬垚鍛樷€渆vent PropertyChangedEventHandler? INotifyPropertyChanged.PropertyChanged鈥濅笉鍖归厤銆?[E:\Project\exam_trae\ExamSystem.WPF\ExamSystem.WPF_jnecsfj5_wpftmp.csproj]
     5>E:\Project\exam_trae\ExamSystem.WPF\ViewModels\ExamResultDetailViewModel.cs(353,91): warning CS8625: 鏃犳硶灏?null 瀛楅潰閲忚浆鎹负闈?null 鐨勫紩鐢ㄧ被鍨嬨€?[E:\Project\exam_trae\ExamSystem.WPF\ExamSystem.WPF_jnecsfj5_wpftmp.csproj]
     5>E:\Project\exam_trae\ExamSystem.WPF\ViewModels\ExamResultDetailViewModel.cs(358,102): warning CS8625: 鏃犳硶灏?null 瀛楅潰閲忚浆鎹负闈?null 鐨勫紩鐢ㄧ被鍨嬨€?[E:\Project\exam_trae\ExamSystem.WPF\ExamSystem.WPF_jnecsfj5_wpftmp.csproj]
     5>E:\Project\exam_trae\ExamSystem.WPF\ViewModels\LoginViewModel.cs(210,91): warning CS8625: 鏃犳硶灏?null 瀛楅潰閲忚浆鎹负闈?null 鐨勫紩鐢ㄧ被鍨嬨€?[E:\Project\exam_trae\ExamSystem.WPF\ExamSystem.WPF_jnecsfj5_wpftmp.csproj]
     5>E:\Project\exam_trae\ExamSystem.WPF\ViewModels\LoginViewModel.cs(215,102): warning CS8625: 鏃犳硶灏?null 瀛楅潰閲忚浆鎹负闈?null 鐨勫紩鐢ㄧ被鍨嬨€?[E:\Project\exam_trae\ExamSystem.WPF\ExamSystem.WPF_jnecsfj5_wpftmp.csproj]
     5>E:\Project\exam_trae\ExamSystem.WPF\ViewModels\PaperQuestionManageViewModel.cs(480,50): warning CS8612: 鈥渆vent PropertyChangedEventHandler PaperQuestionManageViewModel.PropertyChanged鈥濈殑绫诲瀷涓紩鐢ㄧ被鍨嬬殑涓?Null 鎬т笌闅愬紡瀹炵幇鐨勬垚鍛樷€渆vent PropertyChangedEventHandler? INotifyPropertyChanged.PropertyChanged鈥濅笉鍖归厤銆?[E:\Project\exam_trae\ExamSystem.WPF\ExamSystem.WPF_jnecsfj5_wpftmp.csproj]
     5>E:\Project\exam_trae\ExamSystem.WPF\ViewModels\PaperQuestionManageViewModel.cs(482,91): warning CS8625: 鏃犳硶灏?null 瀛楅潰閲忚浆鎹负闈?null 鐨勫紩鐢ㄧ被鍨嬨€?[E:\Project\exam_trae\ExamSystem.WPF\ExamSystem.WPF_jnecsfj5_wpftmp.csproj]
     5>E:\Project\exam_trae\ExamSystem.WPF\ViewModels\UserManagementViewModel.cs(436,50): warning CS8612: 鈥渆vent PropertyChangedEventHandler UserDisplayModel.PropertyChanged鈥濈殑绫诲瀷涓紩鐢ㄧ被鍨嬬殑涓?Null 鎬т笌闅愬紡瀹炵幇鐨勬垚鍛樷€渆vent PropertyChangedEventHandler? INotifyPropertyChanged.PropertyChanged鈥濅笉鍖归厤銆?[E:\Project\exam_trae\ExamSystem.WPF\ExamSystem.WPF_jnecsfj5_wpftmp.csproj]
     5>E:\Project\exam_trae\ExamSystem.WPF\ViewModels\UserManagementViewModel.cs(438,91): warning CS8625: 鏃犳硶灏?null 瀛楅潰閲忚浆鎹负闈?null 鐨勫紩鐢ㄧ被鍨嬨€?[E:\Project\exam_trae\ExamSystem.WPF\ExamSystem.WPF_jnecsfj5_wpftmp.csproj]
     5>E:\Project\exam_trae\ExamSystem.WPF\ViewModels\UserManagementViewModel.cs(443,102): warning CS8625: 鏃犳硶灏?null 瀛楅潰閲忚浆鎹负闈?null 鐨勫紩鐢ㄧ被鍨嬨€?[E:\Project\exam_trae\ExamSystem.WPF\ExamSystem.WPF_jnecsfj5_wpftmp.csproj]
     5>E:\Project\exam_trae\ExamSystem.WPF\ViewModels\UserManagementViewModel.cs(391,50): warning CS8612: 鈥渆vent PropertyChangedEventHandler UserManagementViewModel.PropertyChanged鈥濈殑绫诲瀷涓紩鐢ㄧ被鍨嬬殑涓?Null 鎬т笌闅愬紡瀹炵幇鐨勬垚鍛樷€渆vent PropertyChangedEventHandler? INotifyPropertyChanged.PropertyChanged鈥濅笉鍖归厤銆?[E:\Project\exam_trae\ExamSystem.WPF\ExamSystem.WPF_jnecsfj5_wpftmp.csproj]
     5>E:\Project\exam_trae\ExamSystem.WPF\ViewModels\UserManagementViewModel.cs(393,91): warning CS8625: 鏃犳硶灏?null 瀛楅潰閲忚浆鎹负闈?null 鐨勫紩鐢ㄧ被鍨嬨€?[E:\Project\exam_trae\ExamSystem.WPF\ExamSystem.WPF_jnecsfj5_wpftmp.csproj]
     5>E:\Project\exam_trae\ExamSystem.WPF\ViewModels\UserManagementViewModel.cs(398,102): warning CS8625: 鏃犳硶灏?null 瀛楅潰閲忚浆鎹负闈?null 鐨勫紩鐢ㄧ被鍨嬨€?[E:\Project\exam_trae\ExamSystem.WPF\ExamSystem.WPF_jnecsfj5_wpftmp.csproj]
     5>E:\Project\exam_trae\ExamSystem.WPF\Services\IStatisticsService.cs(19,23): warning CS8618: 鍦ㄩ€€鍑烘瀯閫犲嚱鏁版椂锛屼笉鍙负 null 鐨?灞炴€?"QuestionType" 蹇呴』鍖呭惈闈?null 鍊笺€傝鑰冭檻娣诲姞 "required" 淇グ绗︽垨灏嗚 灞炴€?澹版槑涓哄彲涓?null銆?[E:\Project\exam_trae\ExamSystem.WPF\ExamSystem.WPF_jnecsfj5_wpftmp.csproj]
     5>E:\Project\exam_trae\ExamSystem.WPF\Services\IStatisticsService.cs(20,23): warning CS8618: 鍦ㄩ€€鍑烘瀯閫犲嚱鏁版椂锛屼笉鍙负 null 鐨?灞炴€?"Content" 蹇呴』鍖呭惈闈?null 鍊笺€傝鑰冭檻娣诲姞 "required" 淇グ绗︽垨灏嗚 灞炴€?澹版槑涓哄彲涓?null銆?[E:\Project\exam_trae\ExamSystem.WPF\ExamSystem.WPF_jnecsfj5_wpftmp.csproj]
     5>E:\Project\exam_trae\ExamSystem.WPF\Services\IStatisticsService.cs(24,23): warning CS8618: 鍦ㄩ€€鍑烘瀯閫犲嚱鏁版椂锛屼笉鍙负 null 鐨?灞炴€?"DifficultyLevel" 蹇呴』鍖呭惈闈?null 鍊笺€傝鑰冭檻娣诲姞 "required" 淇グ绗︽垨灏嗚 灞炴€?澹版槑涓哄彲涓?null銆?[E:\Project\exam_trae\ExamSystem.WPF\ExamSystem.WPF_jnecsfj5_wpftmp.csproj]
     5>E:\Project\exam_trae\ExamSystem.WPF\Views\UserManagementView.xaml.cs(295,35): warning CS8603: 鍙兘杩斿洖 null 寮曠敤銆?[E:\Project\exam_trae\ExamSystem.WPF\ExamSystem.WPF_jnecsfj5_wpftmp.csproj]
     5>E:\Project\exam_trae\ExamSystem.WPF\Views\UserManagementView.xaml.cs(296,32): warning CS8603: 鍙兘杩斿洖 null 寮曠敤銆?[E:\Project\exam_trae\ExamSystem.WPF\ExamSystem.WPF_jnecsfj5_wpftmp.csproj]
     5>E:\Project\exam_trae\ExamSystem.WPF\Services\IStatisticsService.cs(30,23): warning CS8618: 鍦ㄩ€€鍑烘瀯閫犲嚱鏁版椂锛屼笉鍙负 null 鐨?灞炴€?"StudentId" 蹇呴』鍖呭惈闈?null 鍊笺€傝鑰冭檻娣诲姞 "required" 淇グ绗︽垨灏嗚 灞炴€?澹版槑涓哄彲涓?null銆?[E:\Project\exam_trae\ExamSystem.WPF\ExamSystem.WPF_jnecsfj5_wpftmp.csproj]
     5>E:\Project\exam_trae\ExamSystem.WPF\Services\IStatisticsService.cs(31,23): warning CS8618: 鍦ㄩ€€鍑烘瀯閫犲嚱鏁版椂锛屼笉鍙负 null 鐨?灞炴€?"Name" 蹇呴』鍖呭惈闈?null 鍊笺€傝鑰冭檻娣诲姞 "required" 淇グ绗︽垨灏嗚 灞炴€?澹版槑涓哄彲涓?null銆?[E:\Project\exam_trae\ExamSystem.WPF\ExamSystem.WPF_jnecsfj5_wpftmp.csproj]
     5>E:\Project\exam_trae\ExamSystem.WPF\Services\IStatisticsService.cs(32,23): warning CS8618: 鍦ㄩ€€鍑烘瀯閫犲嚱鏁版椂锛屼笉鍙负 null 鐨?灞炴€?"Class" 蹇呴』鍖呭惈闈?null 鍊笺€傝鑰冭檻娣诲姞 "required" 淇グ绗︽垨灏嗚 灞炴€?澹版槑涓哄彲涓?null銆?[E:\Project\exam_trae\ExamSystem.WPF\ExamSystem.WPF_jnecsfj5_wpftmp.csproj]
     5>E:\Project\exam_trae\ExamSystem.WPF\Services\IStatisticsService.cs(36,23): warning CS8618: 鍦ㄩ€€鍑烘瀯閫犲嚱鏁版椂锛屼笉鍙负 null 鐨?灞炴€?"ExamDuration" 蹇呴』鍖呭惈闈?null 鍊笺€傝鑰冭檻娣诲姞 "required" 淇グ绗︽垨灏嗚 灞炴€?澹版槑涓哄彲涓?null銆?[E:\Project\exam_trae\ExamSystem.WPF\ExamSystem.WPF_jnecsfj5_wpftmp.csproj]
     5>E:\Project\exam_trae\ExamSystem.WPF\Services\IStatisticsService.cs(37,23): warning CS8618: 鍦ㄩ€€鍑烘瀯閫犲嚱鏁版椂锛屼笉鍙负 null 鐨?灞炴€?"SubmitTime" 蹇呴』鍖呭惈闈?null 鍊笺€傝鑰冭檻娣诲姞 "required" 淇グ绗︽垨灏嗚 灞炴€?澹版槑涓哄彲涓?null銆?[E:\Project\exam_trae\ExamSystem.WPF\ExamSystem.WPF_jnecsfj5_wpftmp.csproj]
     5>E:\Project\exam_trae\ExamSystem.WPF\Services\IStatisticsService.cs(38,23): warning CS8618: 鍦ㄩ€€鍑烘瀯閫犲嚱鏁版椂锛屼笉鍙负 null 鐨?灞炴€?"Grade" 蹇呴』鍖呭惈闈?null 鍊笺€傝鑰冭檻娣诲姞 "required" 淇グ绗︽垨灏嗚 灞炴€?澹版槑涓哄彲涓?null銆?[E:\Project\exam_trae\ExamSystem.WPF\ExamSystem.WPF_jnecsfj5_wpftmp.csproj]
     5>E:\Project\exam_trae\ExamSystem.WPF\Converters\BooleanToBrushConverter.cs(45,33): warning CS8605: 鍙栨秷瑁呯鍙兘涓?null 鐨勫€笺€?[E:\Project\exam_trae\ExamSystem.WPF\ExamSystem.WPF_jnecsfj5_wpftmp.csproj]
     5>E:\Project\exam_trae\ExamSystem.WPF\ViewModels\UserManagementViewModel.cs(413,24): warning CS8618: 鍦ㄩ€€鍑烘瀯閫犲嚱鏁版椂锛屼笉鍙负 null 鐨?瀛楁 "_statusDisplay" 蹇呴』鍖呭惈闈?null 鍊笺€傝鑰冭檻娣诲姞 "required" 淇グ绗︽垨灏嗚 瀛楁 澹版槑涓哄彲涓?null銆?[E:\Project\exam_trae\ExamSystem.WPF\ExamSystem.WPF_jnecsfj5_wpftmp.csproj]
     5>E:\Project\exam_trae\ExamSystem.WPF\ViewModels\UserManagementViewModel.cs(416,23): warning CS8618: 鍦ㄩ€€鍑烘瀯閫犲嚱鏁版椂锛屼笉鍙负 null 鐨?灞炴€?"Username" 蹇呴』鍖呭惈闈?null 鍊笺€傝鑰冭檻娣诲姞 "required" 淇グ绗︽垨灏嗚 灞炴€?澹版槑涓哄彲涓?null銆?[E:\Project\exam_trae\ExamSystem.WPF\ExamSystem.WPF_jnecsfj5_wpftmp.csproj]
     5>E:\Project\exam_trae\ExamSystem.WPF\ViewModels\UserManagementViewModel.cs(417,23): warning CS8618: 鍦ㄩ€€鍑烘瀯閫犲嚱鏁版椂锛屼笉鍙负 null 鐨?灞炴€?"FullName" 蹇呴』鍖呭惈闈?null 鍊笺€傝鑰冭檻娣诲姞 "required" 淇グ绗︽垨灏嗚 灞炴€?澹版槑涓哄彲涓?null銆?[E:\Project\exam_trae\ExamSystem.WPF\ExamSystem.WPF_jnecsfj5_wpftmp.csproj]
     5>E:\Project\exam_trae\ExamSystem.WPF\ViewModels\UserManagementViewModel.cs(418,23): warning CS8618: 鍦ㄩ€€鍑烘瀯閫犲嚱鏁版椂锛屼笉鍙负 null 鐨?灞炴€?"Email" 蹇呴』鍖呭惈闈?null 鍊笺€傝鑰冭檻娣诲姞 "required" 淇グ绗︽垨灏嗚 灞炴€?澹版槑涓哄彲涓?null銆?[E:\Project\exam_trae\ExamSystem.WPF\ExamSystem.WPF_jnecsfj5_wpftmp.csproj]
     5>E:\Project\exam_trae\ExamSystem.WPF\ViewModels\UserManagementViewModel.cs(420,23): warning CS8618: 鍦ㄩ€€鍑烘瀯閫犲嚱鏁版椂锛屼笉鍙负 null 鐨?灞炴€?"RoleDisplay" 蹇呴』鍖呭惈闈?null 鍊笺€傝鑰冭檻娣诲姞 "required" 淇グ绗︽垨灏嗚 灞炴€?澹版槑涓哄彲涓?null銆?[E:\Project\exam_trae\ExamSystem.WPF\ExamSystem.WPF_jnecsfj5_wpftmp.csproj]
     5>E:\Project\exam_trae\ExamSystem.WPF\ViewModels\UserManagementViewModel.cs(436,50): warning CS8618: 鍦ㄩ€€鍑烘瀯閫犲嚱鏁版椂锛屼笉鍙负 null 鐨?浜嬩欢 "PropertyChanged" 蹇呴』鍖呭惈闈?null 鍊笺€傝鑰冭檻娣诲姞 "required" 淇グ绗︽垨灏嗚 浜嬩欢 澹版槑涓哄彲涓?null銆?[E:\Project\exam_trae\ExamSystem.WPF\ExamSystem.WPF_jnecsfj5_wpftmp.csproj]
     5>E:\Project\exam_trae\ExamSystem.WPF\ViewModels\DashboardViewModel.cs(291,23): warning CS8618: 鍦ㄩ€€鍑烘瀯閫犲嚱鏁版椂锛屼笉鍙负 null 鐨?灞炴€?"Icon" 蹇呴』鍖呭惈闈?null 鍊笺€傝鑰冭檻娣诲姞 "required" 淇グ绗︽垨灏嗚 灞炴€?澹版槑涓哄彲涓?null銆?[E:\Project\exam_trae\ExamSystem.WPF\ExamSystem.WPF_jnecsfj5_wpftmp.csproj]
     5>E:\Project\exam_trae\ExamSystem.WPF\ViewModels\DashboardViewModel.cs(292,23): warning CS8618: 鍦ㄩ€€鍑烘瀯閫犲嚱鏁版椂锛屼笉鍙负 null 鐨?灞炴€?"Title" 蹇呴』鍖呭惈闈?null 鍊笺€傝鑰冭檻娣诲姞 "required" 淇グ绗︽垨灏嗚 灞炴€?澹版槑涓哄彲涓?null銆?[E:\Project\exam_trae\ExamSystem.WPF\ExamSystem.WPF_jnecsfj5_wpftmp.csproj]
     5>E:\Project\exam_trae\ExamSystem.WPF\ViewModels\DashboardViewModel.cs(293,23): warning CS8618: 鍦ㄩ€€鍑烘瀯閫犲嚱鏁版椂锛屼笉鍙负 null 鐨?灞炴€?"Description" 蹇呴』鍖呭惈闈?null 鍊笺€傝鑰冭檻娣诲姞 "required" 淇グ绗︽垨灏嗚 灞炴€?澹版槑涓哄彲涓?null銆?[E:\Project\exam_trae\ExamSystem.WPF\ExamSystem.WPF_jnecsfj5_wpftmp.csproj]
     5>E:\Project\exam_trae\ExamSystem.WPF\ViewModels\DashboardViewModel.cs(294,23): warning CS8618: 鍦ㄩ€€鍑烘瀯閫犲嚱鏁版椂锛屼笉鍙负 null 鐨?灞炴€?"Time" 蹇呴』鍖呭惈闈?null 鍊笺€傝鑰冭檻娣诲姞 "required" 淇グ绗︽垨灏嗚 灞炴€?澹版槑涓哄彲涓?null銆?[E:\Project\exam_trae\ExamSystem.WPF\ExamSystem.WPF_jnecsfj5_wpftmp.csproj]
     5>E:\Project\exam_trae\ExamSystem.WPF\Views\UserManagementView.xaml.cs(32,28): warning CS8625: 鏃犳硶灏?null 瀛楅潰閲忚浆鎹负闈?null 鐨勫紩鐢ㄧ被鍨嬨€?[E:\Project\exam_trae\ExamSystem.WPF\ExamSystem.WPF_jnecsfj5_wpftmp.csproj]
     5>E:\Project\exam_trae\ExamSystem.WPF\Views\UserManagementView.xaml.cs(33,23): warning CS8625: 鏃犳硶灏?null 瀛楅潰閲忚浆鎹负闈?null 鐨勫紩鐢ㄧ被鍨嬨€?[E:\Project\exam_trae\ExamSystem.WPF\ExamSystem.WPF_jnecsfj5_wpftmp.csproj]
     5>E:\Project\exam_trae\ExamSystem.WPF\Views\UserManagementView.xaml.cs(28,16): warning CS8618: 鍦ㄩ€€鍑烘瀯閫犲嚱鏁版椂锛屼笉鍙负 null 鐨?瀛楁 "_userService" 蹇呴』鍖呭惈闈?null 鍊笺€傝鑰冭檻娣诲姞 "required" 淇グ绗︽垨灏嗚 瀛楁 澹版槑涓哄彲涓?null銆?[E:\Project\exam_trae\ExamSystem.WPF\ExamSystem.WPF_jnecsfj5_wpftmp.csproj]
     5>E:\Project\exam_trae\ExamSystem.WPF\Views\UserManagementView.xaml.cs(28,16): warning CS8618: 鍦ㄩ€€鍑烘瀯閫犲嚱鏁版椂锛屼笉鍙负 null 鐨?瀛楁 "_logger" 蹇呴』鍖呭惈闈?null 鍊笺€傝鑰冭檻娣诲姞 "required" 淇グ绗︽垨灏嗚 瀛楁 澹版槑涓哄彲涓?null銆?[E:\Project\exam_trae\ExamSystem.WPF\ExamSystem.WPF_jnecsfj5_wpftmp.csproj]
     5>E:\Project\exam_trae\ExamSystem.WPF\ViewModels\DashboardViewModel.cs(23,16): warning CS8618: 鍦ㄩ€€鍑烘瀯閫犲嚱鏁版椂锛屼笉鍙负 null 鐨?瀛楁 "_welcomeMessage" 蹇呴』鍖呭惈闈?null 鍊笺€傝鑰冭檻娣诲姞 "required" 淇グ绗︽垨灏嗚 瀛楁 澹版槑涓哄彲涓?null銆?[E:\Project\exam_trae\ExamSystem.WPF\ExamSystem.WPF_jnecsfj5_wpftmp.csproj]
     5>E:\Project\exam_trae\ExamSystem.WPF\ViewModels\DashboardViewModel.cs(23,16): warning CS8618: 鍦ㄩ€€鍑烘瀯閫犲嚱鏁版椂锛屼笉鍙负 null 鐨?浜嬩欢 "PropertyChanged" 蹇呴』鍖呭惈闈?null 鍊笺€傝鑰冭檻娣诲姞 "required" 淇グ绗︽垨灏嗚 浜嬩欢 澹版槑涓哄彲涓?null銆?[E:\Project\exam_trae\ExamSystem.WPF\ExamSystem.WPF_jnecsfj5_wpftmp.csproj]
     5>E:\Project\exam_trae\ExamSystem.WPF\ViewModels\ExamPaperEditViewModel.cs(19,16): warning CS8618: 鍦ㄩ€€鍑烘瀯閫犲嚱鏁版椂锛屼笉鍙负 null 鐨?瀛楁 "_examPaper" 蹇呴』鍖呭惈闈?null 鍊笺€傝鑰冭檻娣诲姞 "required" 淇グ绗︽垨灏嗚 瀛楁 澹版槑涓哄彲涓?null銆?[E:\Project\exam_trae\ExamSystem.WPF\ExamSystem.WPF_jnecsfj5_wpftmp.csproj]
     5>E:\Project\exam_trae\ExamSystem.WPF\ViewModels\ExamPaperEditViewModel.cs(19,16): warning CS8618: 鍦ㄩ€€鍑烘瀯閫犲嚱鏁版椂锛屼笉鍙负 null 鐨?浜嬩欢 "SaveCompleted" 蹇呴』鍖呭惈闈?null 鍊笺€傝鑰冭檻娣诲姞 "required" 淇グ绗︽垨灏嗚 浜嬩欢 澹版槑涓哄彲涓?null銆?[E:\Project\exam_trae\ExamSystem.WPF\ExamSystem.WPF_jnecsfj5_wpftmp.csproj]
     5>E:\Project\exam_trae\ExamSystem.WPF\ViewModels\ExamPaperEditViewModel.cs(19,16): warning CS8618: 鍦ㄩ€€鍑烘瀯閫犲嚱鏁版椂锛屼笉鍙负 null 鐨?浜嬩欢 "PropertyChanged" 蹇呴』鍖呭惈闈?null 鍊笺€傝鑰冭檻娣诲姞 "required" 淇グ绗︽垨灏嗚 浜嬩欢 澹版槑涓哄彲涓?null銆?[E:\Project\exam_trae\ExamSystem.WPF\ExamSystem.WPF_jnecsfj5_wpftmp.csproj]
     5>E:\Project\exam_trae\ExamSystem.WPF\ViewModels\UserManagementViewModel.cs(26,28): warning CS8625: 鏃犳硶灏?null 瀛楅潰閲忚浆鎹负闈?null 鐨勫紩鐢ㄧ被鍨嬨€?[E:\Project\exam_trae\ExamSystem.WPF\ExamSystem.WPF_jnecsfj5_wpftmp.csproj]
     5>E:\Project\exam_trae\ExamSystem.WPF\ViewModels\UserManagementViewModel.cs(27,23): warning CS8625: 鏃犳硶灏?null 瀛楅潰閲忚浆鎹负闈?null 鐨勫紩鐢ㄧ被鍨嬨€?[E:\Project\exam_trae\ExamSystem.WPF\ExamSystem.WPF_jnecsfj5_wpftmp.csproj]
     5>E:\Project\exam_trae\ExamSystem.WPF\ViewModels\UserManagementViewModel.cs(23,16): warning CS8618: 鍦ㄩ€€鍑烘瀯閫犲嚱鏁版椂锛屼笉鍙负 null 鐨?瀛楁 "_userService" 蹇呴』鍖呭惈闈?null 鍊笺€傝鑰冭檻娣诲姞 "required" 淇グ绗︽垨灏嗚 瀛楁 澹版槑涓哄彲涓?null銆?[E:\Project\exam_trae\ExamSystem.WPF\ExamSystem.WPF_jnecsfj5_wpftmp.csproj]
     5>E:\Project\exam_trae\ExamSystem.WPF\ViewModels\UserManagementViewModel.cs(23,16): warning CS8618: 鍦ㄩ€€鍑烘瀯閫犲嚱鏁版椂锛屼笉鍙负 null 鐨?瀛楁 "_logger" 蹇呴』鍖呭惈闈?null 鍊笺€傝鑰冭檻娣诲姞 "required" 淇グ绗︽垨灏嗚 瀛楁 澹版槑涓哄彲涓?null銆?[E:\Project\exam_trae\ExamSystem.WPF\ExamSystem.WPF_jnecsfj5_wpftmp.csproj]
     5>E:\Project\exam_trae\ExamSystem.WPF\ViewModels\UserManagementViewModel.cs(23,16): warning CS8618: 鍦ㄩ€€鍑烘瀯閫犲嚱鏁版椂锛屼笉鍙负 null 鐨?瀛楁 "_searchKeyword" 蹇呴』鍖呭惈闈?null 鍊笺€傝鑰冭檻娣诲姞 "required" 淇グ绗︽垨灏嗚 瀛楁 澹版槑涓哄彲涓?null銆?[E:\Project\exam_trae\ExamSystem.WPF\ExamSystem.WPF_jnecsfj5_wpftmp.csproj]
     5>E:\Project\exam_trae\ExamSystem.WPF\ViewModels\UserManagementViewModel.cs(23,16): warning CS8618: 鍦ㄩ€€鍑烘瀯閫犲嚱鏁版椂锛屼笉鍙负 null 鐨?瀛楁 "_selectedStatus" 蹇呴』鍖呭惈闈?null 鍊笺€傝鑰冭檻娣诲姞 "required" 淇グ绗︽垨灏嗚 瀛楁 澹版槑涓哄彲涓?null銆?[E:\Project\exam_trae\ExamSystem.WPF\ExamSystem.WPF_jnecsfj5_wpftmp.csproj]
     5>E:\Project\exam_trae\ExamSystem.WPF\ViewModels\UserManagementViewModel.cs(23,16): warning CS8618: 鍦ㄩ€€鍑烘瀯閫犲嚱鏁版椂锛屼笉鍙负 null 鐨?浜嬩欢 "PropertyChanged" 蹇呴』鍖呭惈闈?null 鍊笺€傝鑰冭檻娣诲姞 "required" 淇グ绗︽垨灏嗚 浜嬩欢 澹版槑涓哄彲涓?null銆?[E:\Project\exam_trae\ExamSystem.WPF\ExamSystem.WPF_jnecsfj5_wpftmp.csproj]
     5>E:\Project\exam_trae\ExamSystem.WPF\ViewModels\ExamPaperEditViewModel.cs(326,20): warning CS8625: 鏃犳硶灏?null 瀛楅潰閲忚浆鎹负闈?null 鐨勫紩鐢ㄧ被鍨嬨€?[E:\Project\exam_trae\ExamSystem.WPF\ExamSystem.WPF_jnecsfj5_wpftmp.csproj]
     5>E:\Project\exam_trae\ExamSystem.WPF\ViewModels\ExamPaperEditViewModel.cs(327,27): warning CS8625: 鏃犳硶灏?null 瀛楅潰閲忚浆鎹负闈?null 鐨勫紩鐢ㄧ被鍨嬨€?[E:\Project\exam_trae\ExamSystem.WPF\ExamSystem.WPF_jnecsfj5_wpftmp.csproj]
     5>E:\Project\exam_trae\ExamSystem.WPF\ViewModels\ExamPaperEditViewModel.cs(328,24): warning CS8625: 鏃犳硶灏?null 瀛楅潰閲忚浆鎹负闈?null 鐨勫紩鐢ㄧ被鍨嬨€?[E:\Project\exam_trae\ExamSystem.WPF\ExamSystem.WPF_jnecsfj5_wpftmp.csproj]
     5>E:\Project\exam_trae\ExamSystem.WPF\ViewModels\ExamPaperEditViewModel.cs(329,25): warning CS8625: 鏃犳硶灏?null 瀛楅潰閲忚浆鎹负闈?null 鐨勫紩鐢ㄧ被鍨嬨€?[E:\Project\exam_trae\ExamSystem.WPF\ExamSystem.WPF_jnecsfj5_wpftmp.csproj]
     5>E:\Project\exam_trae\ExamSystem.WPF\ViewModels\ExamPaperEditViewModel.cs(330,25): warning CS8625: 鏃犳硶灏?null 瀛楅潰閲忚浆鎹负闈?null 鐨勫紩鐢ㄧ被鍨嬨€?[E:\Project\exam_trae\ExamSystem.WPF\ExamSystem.WPF_jnecsfj5_wpftmp.csproj]
     5>E:\Project\exam_trae\ExamSystem.WPF\ViewModels\ExamPaperEditViewModel.cs(331,23): warning CS8625: 鏃犳硶灏?null 瀛楅潰閲忚浆鎹负闈?null 鐨勫紩鐢ㄧ被鍨嬨€?[E:\Project\exam_trae\ExamSystem.WPF\ExamSystem.WPF_jnecsfj5_wpftmp.csproj]
     5>E:\Project\exam_trae\ExamSystem.WPF\ViewModels\ExamPaperEditViewModel.cs(332,23): warning CS8625: 鏃犳硶灏?null 瀛楅潰閲忚浆鎹负闈?null 鐨勫紩鐢ㄧ被鍨嬨€?[E:\Project\exam_trae\ExamSystem.WPF\ExamSystem.WPF_jnecsfj5_wpftmp.csproj]
     5>E:\Project\exam_trae\ExamSystem.WPF\ViewModels\ExamPaperEditViewModel.cs(246,24): warning CS8618: 鍦ㄩ€€鍑烘瀯閫犲嚱鏁版椂锛屼笉鍙负 null 鐨?瀛楁 "_name" 蹇呴』鍖呭惈闈?null 鍊笺€傝鑰冭檻娣诲姞 "required" 淇グ绗︽垨灏嗚 瀛楁 澹版槑涓哄彲涓?null銆?[E:\Project\exam_trae\ExamSystem.WPF\ExamSystem.WPF_jnecsfj5_wpftmp.csproj]
     5>E:\Project\exam_trae\ExamSystem.WPF\ViewModels\ExamPaperEditViewModel.cs(247,24): warning CS8618: 鍦ㄩ€€鍑烘瀯閫犲嚱鏁版椂锛屼笉鍙负 null 鐨?瀛楁 "_description" 蹇呴』鍖呭惈闈?null 鍊笺€傝鑰冭檻娣诲姞 "required" 淇グ绗︽垨灏嗚 瀛楁 澹版槑涓哄彲涓?null銆?[E:\Project\exam_trae\ExamSystem.WPF\ExamSystem.WPF_jnecsfj5_wpftmp.csproj]
     5>E:\Project\exam_trae\ExamSystem.WPF\ViewModels\ExamPaperEditViewModel.cs(248,24): warning CS8618: 鍦ㄩ€€鍑烘瀯閫犲嚱鏁版椂锛屼笉鍙负 null 鐨?瀛楁 "_duration" 蹇呴』鍖呭惈闈?null 鍊笺€傝鑰冭檻娣诲姞 "required" 淇グ绗︽垨灏嗚 瀛楁 澹版槑涓哄彲涓?null銆?[E:\Project\exam_trae\ExamSystem.WPF\ExamSystem.WPF_jnecsfj5_wpftmp.csproj]
     5>E:\Project\exam_trae\ExamSystem.WPF\ViewModels\ExamPaperEditViewModel.cs(249,24): warning CS8618: 鍦ㄩ€€鍑烘瀯閫犲嚱鏁版椂锛屼笉鍙负 null 鐨?瀛楁 "_passScore" 蹇呴』鍖呭惈闈?null 鍊笺€傝鑰冭檻娣诲姞 "required" 淇グ绗︽垨灏嗚 瀛楁 澹版槑涓哄彲涓?null銆?[E:\Project\exam_trae\ExamSystem.WPF\ExamSystem.WPF_jnecsfj5_wpftmp.csproj]
     5>E:\Project\exam_trae\ExamSystem.WPF\ViewModels\ExamPaperEditViewModel.cs(250,24): warning CS8618: 鍦ㄩ€€鍑烘瀯閫犲嚱鏁版椂锛屼笉鍙负 null 鐨?瀛楁 "_startTime" 蹇呴』鍖呭惈闈?null 鍊笺€傝鑰冭檻娣诲姞 "required" 淇グ绗︽垨灏嗚 瀛楁 澹版槑涓哄彲涓?null銆?[E:\Project\exam_trae\ExamSystem.WPF\ExamSystem.WPF_jnecsfj5_wpftmp.csproj]
     5>E:\Project\exam_trae\ExamSystem.WPF\ViewModels\ExamPaperEditViewModel.cs(251,24): warning CS8618: 鍦ㄩ€€鍑烘瀯閫犲嚱鏁版椂锛屼笉鍙负 null 鐨?瀛楁 "_endTime" 蹇呴』鍖呭惈闈?null 鍊笺€傝鑰冭檻娣诲姞 "required" 淇グ绗︽垨灏嗚 瀛楁 澹版槑涓哄彲涓?null銆?[E:\Project\exam_trae\ExamSystem.WPF\ExamSystem.WPF_jnecsfj5_wpftmp.csproj]
     5>E:\Project\exam_trae\ExamSystem.WPF\ViewModels\ExamPaperEditViewModel.cs(252,24): warning CS8618: 鍦ㄩ€€鍑烘瀯閫犲嚱鏁版椂锛屼笉鍙负 null 鐨?瀛楁 "_general" 蹇呴』鍖呭惈闈?null 鍊笺€傝鑰冭檻娣诲姞 "required" 淇グ绗︽垨灏嗚 瀛楁 澹版槑涓哄彲涓?null銆?[E:\Project\exam_trae\ExamSystem.WPF\ExamSystem.WPF_jnecsfj5_wpftmp.csproj]
     5>E:\Project\exam_trae\ExamSystem.WPF\ViewModels\ExamPaperEditViewModel.cs(335,50): warning CS8618: 鍦ㄩ€€鍑烘瀯閫犲嚱鏁版椂锛屼笉鍙负 null 鐨?浜嬩欢 "PropertyChanged" 蹇呴』鍖呭惈闈?null 鍊笺€傝鑰冭檻娣诲姞 "required" 淇グ绗︽垨灏嗚 浜嬩欢 澹版槑涓哄彲涓?null銆?[E:\Project\exam_trae\ExamSystem.WPF\ExamSystem.WPF_jnecsfj5_wpftmp.csproj]
     5>E:\Project\exam_trae\ExamSystem.WPF\ViewModels\ExamResultDetailViewModel.cs(281,16): warning CS8618: 鍦ㄩ€€鍑烘瀯閫犲嚱鏁版椂锛屼笉鍙负 null 鐨?瀛楁 "_questionType" 蹇呴』鍖呭惈闈?null 鍊笺€傝鑰冭檻娣诲姞 "required" 淇グ绗︽垨灏嗚 瀛楁 澹版槑涓哄彲涓?null銆?[E:\Project\exam_trae\ExamSystem.WPF\ExamSystem.WPF_jnecsfj5_wpftmp.csproj]
     5>E:\Project\exam_trae\ExamSystem.WPF\ViewModels\ExamResultDetailViewModel.cs(281,16): warning CS8618: 鍦ㄩ€€鍑烘瀯閫犲嚱鏁版椂锛屼笉鍙负 null 鐨?瀛楁 "_content" 蹇呴』鍖呭惈闈?null 鍊笺€傝鑰冭檻娣诲姞 "required" 淇グ绗︽垨灏嗚 瀛楁 澹版槑涓哄彲涓?null銆?[E:\Project\exam_trae\ExamSystem.WPF\ExamSystem.WPF_jnecsfj5_wpftmp.csproj]
     5>E:\Project\exam_trae\ExamSystem.WPF\ViewModels\ExamResultDetailViewModel.cs(281,16): warning CS8618: 鍦ㄩ€€鍑烘瀯閫犲嚱鏁版椂锛屼笉鍙负 null 鐨?瀛楁 "_correctAnswer" 蹇呴』鍖呭惈闈?null 鍊笺€傝鑰冭檻娣诲姞 "required" 淇グ绗︽垨灏嗚 瀛楁 澹版槑涓哄彲涓?null銆?[E:\Project\exam_trae\ExamSystem.WPF\ExamSystem.WPF_jnecsfj5_wpftmp.csproj]
     5>E:\Project\exam_trae\ExamSystem.WPF\ViewModels\ExamResultDetailViewModel.cs(281,16): warning CS8618: 鍦ㄩ€€鍑烘瀯閫犲嚱鏁版椂锛屼笉鍙负 null 鐨?瀛楁 "_studentAnswer" 蹇呴』鍖呭惈闈?null 鍊笺€傝鑰冭檻娣诲姞 "required" 淇グ绗︽垨灏嗚 瀛楁 澹版槑涓哄彲涓?null銆?[E:\Project\exam_trae\ExamSystem.WPF\ExamSystem.WPF_jnecsfj5_wpftmp.csproj]
     5>E:\Project\exam_trae\ExamSystem.WPF\ViewModels\ExamResultDetailViewModel.cs(281,16): warning CS8618: 鍦ㄩ€€鍑烘瀯閫犲嚱鏁版椂锛屼笉鍙负 null 鐨?瀛楁 "_explanation" 蹇呴』鍖呭惈闈?null 鍊笺€傝鑰冭檻娣诲姞 "required" 淇グ绗︽垨灏嗚 瀛楁 澹版槑涓哄彲涓?null銆?[E:\Project\exam_trae\ExamSystem.WPF\ExamSystem.WPF_jnecsfj5_wpftmp.csproj]
     5>E:\Project\exam_trae\ExamSystem.WPF\ViewModels\ExamResultDetailViewModel.cs(281,16): warning CS8618: 鍦ㄩ€€鍑烘瀯閫犲嚱鏁版椂锛屼笉鍙负 null 鐨?浜嬩欢 "PropertyChanged" 蹇呴』鍖呭惈闈?null 鍊笺€傝鑰冭檻娣诲姞 "required" 淇グ绗︽垨灏嗚 浜嬩欢 澹版槑涓哄彲涓?null銆?[E:\Project\exam_trae\ExamSystem.WPF\ExamSystem.WPF_jnecsfj5_wpftmp.csproj]
     5>E:\Project\exam_trae\ExamSystem.WPF\ViewModels\UserManagementViewModel.cs(72,66): warning CS8622: 鈥渧oid UserManagementViewModel.EditUser(UserDisplayModel user)鈥濈殑鍙傛暟鈥渦ser鈥濈被鍨嬩腑寮曠敤绫诲瀷鐨勪负 Null 鎬т笌鐩爣濮旀墭鈥淎ction<UserDisplayModel?>鈥濅笉鍖归厤(鍙兘鏄敱浜庝负 Null 鎬х壒鎬?銆?[E:\Project\exam_trae\ExamSystem.WPF\ExamSystem.WPF_jnecsfj5_wpftmp.csproj]
     5>E:\Project\exam_trae\ExamSystem.WPF\ViewModels\UserManagementViewModel.cs(73,71): warning CS8622: 鈥渧oid UserManagementViewModel.ResetPassword(UserDisplayModel user)鈥濈殑鍙傛暟鈥渦ser鈥濈被鍨嬩腑寮曠敤绫诲瀷鐨勪负 Null 鎬т笌鐩爣濮旀墭鈥淎ction<UserDisplayModel?>鈥濅笉鍖归厤(鍙兘鏄敱浜庝负 Null 鎬х壒鎬?銆?[E:\Project\exam_trae\ExamSystem.WPF\ExamSystem.WPF_jnecsfj5_wpftmp.csproj]
     5>E:\Project\exam_trae\ExamSystem.WPF\ViewModels\UserManagementViewModel.cs(74,70): warning CS8622: 鈥渧oid UserManagementViewModel.ToggleStatus(UserDisplayModel user)鈥濈殑鍙傛暟鈥渦ser鈥濈被鍨嬩腑寮曠敤绫诲瀷鐨勪负 Null 鎬т笌鐩爣濮旀墭鈥淎ction<UserDisplayModel?>鈥濅笉鍖归厤(鍙兘鏄敱浜庝负 Null 鎬х壒鎬?銆?[E:\Project\exam_trae\ExamSystem.WPF\ExamSystem.WPF_jnecsfj5_wpftmp.csproj]
     5>E:\Project\exam_trae\ExamSystem.WPF\ViewModels\UserManagementViewModel.cs(75,68): warning CS8622: 鈥渧oid UserManagementViewModel.DeleteUser(UserDisplayModel user)鈥濈殑鍙傛暟鈥渦ser鈥濈被鍨嬩腑寮曠敤绫诲瀷鐨勪负 Null 鎬т笌鐩爣濮旀墭鈥淎ction<UserDisplayModel?>鈥濅笉鍖归厤(鍙兘鏄敱浜庝负 Null 鎬х壒鎬?銆?[E:\Project\exam_trae\ExamSystem.WPF\ExamSystem.WPF_jnecsfj5_wpftmp.csproj]
     5>E:\Project\exam_trae\ExamSystem.WPF\ViewModels\UserManagementViewModel.cs(58,16): warning CS8618: 鍦ㄩ€€鍑烘瀯閫犲嚱鏁版椂锛屼笉鍙负 null 鐨?瀛楁 "_searchKeyword" 蹇呴』鍖呭惈闈?null 鍊笺€傝鑰冭檻娣诲姞 "required" 淇グ绗︽垨灏嗚 瀛楁 澹版槑涓哄彲涓?null銆?[E:\Project\exam_trae\ExamSystem.WPF\ExamSystem.WPF_jnecsfj5_wpftmp.csproj]
     5>E:\Project\exam_trae\ExamSystem.WPF\ViewModels\UserManagementViewModel.cs(58,16): warning CS8618: 鍦ㄩ€€鍑烘瀯閫犲嚱鏁版椂锛屼笉鍙负 null 鐨?瀛楁 "_selectedStatus" 蹇呴』鍖呭惈闈?null 鍊笺€傝鑰冭檻娣诲姞 "required" 淇グ绗︽垨灏嗚 瀛楁 澹版槑涓哄彲涓?null銆?[E:\Project\exam_trae\ExamSystem.WPF\ExamSystem.WPF_jnecsfj5_wpftmp.csproj]
     5>E:\Project\exam_trae\ExamSystem.WPF\ViewModels\UserManagementViewModel.cs(58,16): warning CS8618: 鍦ㄩ€€鍑烘瀯閫犲嚱鏁版椂锛屼笉鍙负 null 鐨?浜嬩欢 "PropertyChanged" 蹇呴』鍖呭惈闈?null 鍊笺€傝鑰冭檻娣诲姞 "required" 淇グ绗︽垨灏嗚 浜嬩欢 澹版槑涓哄彲涓?null銆?[E:\Project\exam_trae\ExamSystem.WPF\ExamSystem.WPF_jnecsfj5_wpftmp.csproj]
     5>E:\Project\exam_trae\ExamSystem.WPF\Views\ExamPaperEditDialog.xaml.cs(23,41): warning CS8622: 鈥渧oid ExamPaperEditDialog.OnSaveCompleted(object sender, bool success)鈥濈殑鍙傛暟鈥渟ender鈥濈被鍨嬩腑寮曠敤绫诲瀷鐨勪负 Null 鎬т笌鐩爣濮旀墭鈥淓ventHandler<bool>鈥濅笉鍖归厤(鍙兘鏄敱浜庝负 Null 鎬х壒鎬?銆?[E:\Project\exam_trae\ExamSystem.WPF\ExamSystem.WPF_jnecsfj5_wpftmp.csproj]
     5>E:\Project\exam_trae\ExamSystem.WPF\ViewModels\ExamResultDetailViewModel.cs(40,31): error CS0246: 鏈兘鎵惧埌绫诲瀷鎴栧懡鍚嶇┖闂村悕鈥淩elayCommand鈥?鏄惁缂哄皯 using 鎸囦护鎴栫▼搴忛泦寮曠敤?) [E:\Project\exam_trae\ExamSystem.WPF\ExamSystem.WPF_jnecsfj5_wpftmp.csproj]
     5>E:\Project\exam_trae\ExamSystem.WPF\ViewModels\ExamResultDetailViewModel.cs(41,39): error CS0246: 鏈兘鎵惧埌绫诲瀷鎴栧懡鍚嶇┖闂村悕鈥淩elayCommand鈥?鏄惁缂哄皯 using 鎸囦护鎴栫▼搴忛泦寮曠敤?) [E:\Project\exam_trae\ExamSystem.WPF\ExamSystem.WPF_jnecsfj5_wpftmp.csproj]
     5>E:\Project\exam_trae\ExamSystem.WPF\ViewModels\ExamResultDetailViewModel.cs(33,16): warning CS8618: 鍦ㄩ€€鍑烘瀯閫犲嚱鏁版椂锛屼笉鍙负 null 鐨?瀛楁 "_examTitle" 蹇呴』鍖呭惈闈?null 鍊笺€傝鑰冭檻娣诲姞 "required" 淇グ绗︽垨灏嗚 瀛楁 澹版槑涓哄彲涓?null銆?[E:\Project\exam_trae\ExamSystem.WPF\ExamSystem.WPF_jnecsfj5_wpftmp.csproj]
     5>E:\Project\exam_trae\ExamSystem.WPF\ViewModels\ExamResultDetailViewModel.cs(33,16): warning CS8618: 鍦ㄩ€€鍑烘瀯閫犲嚱鏁版椂锛屼笉鍙负 null 鐨?瀛楁 "_duration" 蹇呴』鍖呭惈闈?null 鍊笺€傝鑰冭檻娣诲姞 "required" 淇グ绗︽垨灏嗚 瀛楁 澹版槑涓哄彲涓?null銆?[E:\Project\exam_trae\ExamSystem.WPF\ExamSystem.WPF_jnecsfj5_wpftmp.csproj]
     5>E:\Project\exam_trae\ExamSystem.WPF\ViewModels\ExamResultDetailViewModel.cs(33,16): warning CS8618: 鍦ㄩ€€鍑烘瀯閫犲嚱鏁版椂锛屼笉鍙负 null 鐨?瀛楁 "_status" 蹇呴』鍖呭惈闈?null 鍊笺€傝鑰冭檻娣诲姞 "required" 淇グ绗︽垨灏嗚 瀛楁 澹版槑涓哄彲涓?null銆?[E:\Project\exam_trae\ExamSystem.WPF\ExamSystem.WPF_jnecsfj5_wpftmp.csproj]
     5>E:\Project\exam_trae\ExamSystem.WPF\ViewModels\ExamResultDetailViewModel.cs(33,16): warning CS8618: 鍦ㄩ€€鍑烘瀯閫犲嚱鏁版椂锛屼笉鍙负 null 鐨?瀛楁 "_teacherComment" 蹇呴』鍖呭惈闈?null 鍊笺€傝鑰冭檻娣诲姞 "required" 淇グ绗︽垨灏嗚 瀛楁 澹版槑涓哄彲涓?null銆?[E:\Project\exam_trae\ExamSystem.WPF\ExamSystem.WPF_jnecsfj5_wpftmp.csproj]
     5>E:\Project\exam_trae\ExamSystem.WPF\ViewModels\ExamResultDetailViewModel.cs(33,16): warning CS8618: 鍦ㄩ€€鍑烘瀯閫犲嚱鏁版椂锛屼笉鍙负 null 鐨?浜嬩欢 "BackRequested" 蹇呴』鍖呭惈闈?null 鍊笺€傝鑰冭檻娣诲姞 "required" 淇グ绗︽垨灏嗚 浜嬩欢 澹版槑涓哄彲涓?null銆?[E:\Project\exam_trae\ExamSystem.WPF\ExamSystem.WPF_jnecsfj5_wpftmp.csproj]
     5>E:\Project\exam_trae\ExamSystem.WPF\ViewModels\ExamResultDetailViewModel.cs(33,16): warning CS8618: 鍦ㄩ€€鍑烘瀯閫犲嚱鏁版椂锛屼笉鍙负 null 鐨?浜嬩欢 "PropertyChanged" 蹇呴』鍖呭惈闈?null 鍊笺€傝鑰冭檻娣诲姞 "required" 淇グ绗︽垨灏嗚 浜嬩欢 澹版槑涓哄彲涓?null銆?[E:\Project\exam_trae\ExamSystem.WPF\ExamSystem.WPF_jnecsfj5_wpftmp.csproj]
     5>E:\Project\exam_trae\ExamSystem.WPF\Views\ExamPaperEditDialog.xaml.cs(46,45): warning CS8622: 鈥渧oid ExamPaperEditDialog.OnSaveCompleted(object sender, bool success)鈥濈殑鍙傛暟鈥渟ender鈥濈被鍨嬩腑寮曠敤绫诲瀷鐨勪负 Null 鎬т笌鐩爣濮旀墭鈥淓ventHandler<bool>鈥濅笉鍖归厤(鍙兘鏄敱浜庝负 Null 鎬х壒鎬?銆?[E:\Project\exam_trae\ExamSystem.WPF\ExamSystem.WPF_jnecsfj5_wpftmp.csproj]
     5>E:\Project\exam_trae\ExamSystem.WPF\ViewModels\ExamResultDetailViewModel.cs(369,24): warning CS8618: 鍦ㄩ€€鍑烘瀯閫犲嚱鏁版椂锛屼笉鍙负 null 鐨?瀛楁 "_text" 蹇呴』鍖呭惈闈?null 鍊笺€傝鑰冭檻娣诲姞 "required" 淇グ绗︽垨灏嗚 瀛楁 澹版槑涓哄彲涓?null銆?[E:\Project\exam_trae\ExamSystem.WPF\ExamSystem.WPF_jnecsfj5_wpftmp.csproj]
     5>E:\Project\exam_trae\ExamSystem.WPF\ViewModels\ExamResultDetailViewModel.cs(391,50): warning CS8618: 鍦ㄩ€€鍑烘瀯閫犲嚱鏁版椂锛屼笉鍙负 null 鐨?浜嬩欢 "PropertyChanged" 蹇呴』鍖呭惈闈?null 鍊笺€傝鑰冭檻娣诲姞 "required" 淇グ绗︽垨灏嗚 浜嬩欢 澹版槑涓哄彲涓?null銆?[E:\Project\exam_trae\ExamSystem.WPF\ExamSystem.WPF_jnecsfj5_wpftmp.csproj]
     5>E:\Project\exam_trae\ExamSystem.WPF\Views\UserManagementView.xaml.cs(152,28): warning CS1998: 姝ゅ紓姝ユ柟娉曠己灏?"await" 杩愮畻绗︼紝灏嗕互鍚屾鏂瑰紡杩愯銆傝鑰冭檻浣跨敤 "await" 杩愮畻绗︾瓑寰呴潪闃绘鐨?API 璋冪敤锛屾垨鑰呬娇鐢?"await Task.Run(...)" 鍦ㄥ悗鍙扮嚎绋嬩笂鎵ц鍗犵敤澶ч噺 CPU 鐨勫伐浣溿€?[E:\Project\exam_trae\ExamSystem.WPF\ExamSystem.WPF_jnecsfj5_wpftmp.csproj]
     5>E:\Project\exam_trae\ExamSystem.WPF\Views\UserManagementView.xaml.cs(173,28): warning CS1998: 姝ゅ紓姝ユ柟娉曠己灏?"await" 杩愮畻绗︼紝灏嗕互鍚屾鏂瑰紡杩愯銆傝鑰冭檻浣跨敤 "await" 杩愮畻绗︾瓑寰呴潪闃绘鐨?API 璋冪敤锛屾垨鑰呬娇鐢?"await Task.Run(...)" 鍦ㄥ悗鍙扮嚎绋嬩笂鎵ц鍗犵敤澶ч噺 CPU 鐨勫伐浣溿€?[E:\Project\exam_trae\ExamSystem.WPF\ExamSystem.WPF_jnecsfj5_wpftmp.csproj]
     5>E:\Project\exam_trae\ExamSystem.WPF\ViewModels\ExamViewModel.cs(42,83): warning CS8622: 鈥渧oid ExamViewModel.SelectSingleOption(QuestionOptionViewModel option)鈥濈殑鍙傛暟鈥渙ption鈥濈被鍨嬩腑寮曠敤绫诲瀷鐨勪负 Null 鎬т笌鐩爣濮旀墭鈥淎ction<QuestionOptionViewModel?>鈥濅笉鍖归厤(鍙兘鏄敱浜庝负 Null 鎬х壒鎬?銆?[E:\Project\exam_trae\ExamSystem.WPF\ExamSystem.WPF_jnecsfj5_wpftmp.csproj]
     5>E:\Project\exam_trae\ExamSystem.WPF\ViewModels\ExamViewModel.cs(43,85): warning CS8622: 鈥渧oid ExamViewModel.SelectMultipleOption(QuestionOptionViewModel option)鈥濈殑鍙傛暟鈥渙ption鈥濈被鍨嬩腑寮曠敤绫诲瀷鐨勪负 Null 鎬т笌鐩爣濮旀墭鈥淎ction<QuestionOptionViewModel?>鈥濅笉鍖归厤(鍙兘鏄敱浜庝负 Null 鎬х壒鎬?銆?[E:\Project\exam_trae\ExamSystem.WPF\ExamSystem.WPF_jnecsfj5_wpftmp.csproj]
     5>E:\Project\exam_trae\ExamSystem.WPF\Views\FullScreenExamWindow.xaml.cs(21,29): warning CS8622: 鈥渧oid FullScreenExamWindow.FullScreenExamWindow_Closing(object sender, CancelEventArgs e)鈥濈殑鍙傛暟鈥渟ender鈥濈被鍨嬩腑寮曠敤绫诲瀷鐨勪负 Null 鎬т笌鐩爣濮旀墭鈥淐ancelEventHandler鈥濅笉鍖归厤(鍙兘鏄敱浜庝负 Null 鎬х壒鎬?銆?[E:\Project\exam_trae\ExamSystem.WPF\ExamSystem.WPF_jnecsfj5_wpftmp.csproj]
     5>E:\Project\exam_trae\ExamSystem.WPF\ViewModels\ExamResultViewModel.cs(183,28): warning CS1998: 姝ゅ紓姝ユ柟娉曠己灏?"await" 杩愮畻绗︼紝灏嗕互鍚屾鏂瑰紡杩愯銆傝鑰冭檻浣跨敤 "await" 杩愮畻绗︾瓑寰呴潪闃绘鐨?API 璋冪敤锛屾垨鑰呬娇鐢?"await Task.Run(...)" 鍦ㄥ悗鍙扮嚎绋嬩笂鎵ц鍗犵敤澶ч噺 CPU 鐨勫伐浣溿€?[E:\Project\exam_trae\ExamSystem.WPF\ExamSystem.WPF_jnecsfj5_wpftmp.csproj]
     5>E:\Project\exam_trae\ExamSystem.WPF\Views\LoginWindow.xaml.cs(43,44): warning CS8622: 鈥渧oid LoginWindow.OnLoginSuccess(object sender, LoginSuccessEventArgs e)鈥濈殑鍙傛暟鈥渟ender鈥濈被鍨嬩腑寮曠敤绫诲瀷鐨勪负 Null 鎬т笌鐩爣濮旀墭鈥淓ventHandler<LoginSuccessEventArgs>鈥濅笉鍖归厤(鍙兘鏄敱浜庝负 Null 鎬х壒鎬?銆?[E:\Project\exam_trae\ExamSystem.WPF\ExamSystem.WPF_jnecsfj5_wpftmp.csproj]
     5>E:\Project\exam_trae\ExamSystem.WPF\Views\LoginWindow.xaml.cs(44,46): warning CS8622: 鈥渧oid LoginWindow.OnCloseRequested(object sender, EventArgs e)鈥濈殑鍙傛暟鈥渟ender鈥濈被鍨嬩腑寮曠敤绫诲瀷鐨勪负 Null 鎬т笌鐩爣濮旀墭鈥淓ventHandler鈥濅笉鍖归厤(鍙兘鏄敱浜庝负 Null 鎬х壒鎬?銆?[E:\Project\exam_trae\ExamSystem.WPF\ExamSystem.WPF_jnecsfj5_wpftmp.csproj]
     5>E:\Project\exam_trae\ExamSystem.WPF\Views\LoginWindow.xaml.cs(18,16): warning CS8618: 鍦ㄩ€€鍑烘瀯閫犲嚱鏁版椂锛屼笉鍙负 null 鐨?瀛楁 "_serviceProvider" 蹇呴』鍖呭惈闈?null 鍊笺€傝鑰冭檻娣诲姞 "required" 淇グ绗︽垨灏嗚 瀛楁 澹版槑涓哄彲涓?null銆?[E:\Project\exam_trae\ExamSystem.WPF\ExamSystem.WPF_jnecsfj5_wpftmp.csproj]
     5>E:\Project\exam_trae\ExamSystem.WPF\Views\LoginWindow.xaml.cs(18,16): warning CS8618: 鍦ㄩ€€鍑烘瀯閫犲嚱鏁版椂锛屼笉鍙负 null 鐨?瀛楁 "_logger" 蹇呴』鍖呭惈闈?null 鍊笺€傝鑰冭檻娣诲姞 "required" 淇グ绗︽垨灏嗚 瀛楁 澹版槑涓哄彲涓?null銆?[E:\Project\exam_trae\ExamSystem.WPF\ExamSystem.WPF_jnecsfj5_wpftmp.csproj]
     5>E:\Project\exam_trae\ExamSystem.WPF\Views\LoginWindow.xaml.cs(18,16): warning CS8618: 鍦ㄩ€€鍑烘瀯閫犲嚱鏁版椂锛屼笉鍙负 null 鐨?瀛楁 "_viewModel" 蹇呴』鍖呭惈闈?null 鍊笺€傝鑰冭檻娣诲姞 "required" 淇グ绗︽垨灏嗚 瀛楁 澹版槑涓哄彲涓?null銆?[E:\Project\exam_trae\ExamSystem.WPF\ExamSystem.WPF_jnecsfj5_wpftmp.csproj]
     5>E:\Project\exam_trae\ExamSystem.WPF\ViewModels\ExamResultViewModel.cs(199,28): warning CS1998: 姝ゅ紓姝ユ柟娉曠己灏?"await" 杩愮畻绗︼紝灏嗕互鍚屾鏂瑰紡杩愯銆傝鑰冭檻浣跨敤 "await" 杩愮畻绗︾瓑寰呴潪闃绘鐨?API 璋冪敤锛屾垨鑰呬娇鐢?"await Task.Run(...)" 鍦ㄥ悗鍙扮嚎绋嬩笂鎵ц鍗犵敤澶ч噺 CPU 鐨勫伐浣溿€?[E:\Project\exam_trae\ExamSystem.WPF\ExamSystem.WPF_jnecsfj5_wpftmp.csproj]
     5>E:\Project\exam_trae\ExamSystem.WPF\ViewModels\ExamResultViewModel.cs(215,28): warning CS1998: 姝ゅ紓姝ユ柟娉曠己灏?"await" 杩愮畻绗︼紝灏嗕互鍚屾鏂瑰紡杩愯銆傝鑰冭檻浣跨敤 "await" 杩愮畻绗︾瓑寰呴潪闃绘鐨?API 璋冪敤锛屾垨鑰呬娇鐢?"await Task.Run(...)" 鍦ㄥ悗鍙扮嚎绋嬩笂鎵ц鍗犵敤澶ч噺 CPU 鐨勫伐浣溿€?[E:\Project\exam_trae\ExamSystem.WPF\ExamSystem.WPF_jnecsfj5_wpftmp.csproj]
     5>E:\Project\exam_trae\ExamSystem.WPF\Views\LoginWindow.xaml.cs(65,40): warning CS8622: 鈥渧oid LoginWindow.OnLoginSuccess(object sender, LoginSuccessEventArgs e)鈥濈殑鍙傛暟鈥渟ender鈥濈被鍨嬩腑寮曠敤绫诲瀷鐨勪负 Null 鎬т笌鐩爣濮旀墭鈥淓ventHandler<LoginSuccessEventArgs>鈥濅笉鍖归厤(鍙兘鏄敱浜庝负 Null 鎬х壒鎬?銆?[E:\Project\exam_trae\ExamSystem.WPF\ExamSystem.WPF_jnecsfj5_wpftmp.csproj]
     5>E:\Project\exam_trae\ExamSystem.WPF\Views\LoginWindow.xaml.cs(66,42): warning CS8622: 鈥渧oid LoginWindow.OnCloseRequested(object sender, EventArgs e)鈥濈殑鍙傛暟鈥渟ender鈥濈被鍨嬩腑寮曠敤绫诲瀷鐨勪负 Null 鎬т笌鐩爣濮旀墭鈥淓ventHandler鈥濅笉鍖归厤(鍙兘鏄敱浜庝负 Null 鎬х壒鎬?銆?[E:\Project\exam_trae\ExamSystem.WPF\ExamSystem.WPF_jnecsfj5_wpftmp.csproj]
     5>E:\Project\exam_trae\ExamSystem.WPF\Views\LoginWindow.xaml.cs(115,47): warning CS8604: 鈥渧oid MainWindow.SetCurrentUser(User user)鈥濅腑鐨勫舰鍙傗€渦ser鈥濆彲鑳戒紶鍏?null 寮曠敤瀹炲弬銆?[E:\Project\exam_trae\ExamSystem.WPF\ExamSystem.WPF_jnecsfj5_wpftmp.csproj]
     5>E:\Project\exam_trae\ExamSystem.WPF\Views\LoginWindow.xaml.cs(146,44): warning CS8622: 鈥渧oid LoginWindow.OnLoginSuccess(object sender, LoginSuccessEventArgs e)鈥濈殑鍙傛暟鈥渟ender鈥濈被鍨嬩腑寮曠敤绫诲瀷鐨勪负 Null 鎬т笌鐩爣濮旀墭鈥淓ventHandler<LoginSuccessEventArgs>鈥濅笉鍖归厤(鍙兘鏄敱浜庝负 Null 鎬х壒鎬?銆?[E:\Project\exam_trae\ExamSystem.WPF\ExamSystem.WPF_jnecsfj5_wpftmp.csproj]
     5>E:\Project\exam_trae\ExamSystem.WPF\Views\LoginWindow.xaml.cs(147,46): warning CS8622: 鈥渧oid LoginWindow.OnCloseRequested(object sender, EventArgs e)鈥濈殑鍙傛暟鈥渟ender鈥濈被鍨嬩腑寮曠敤绫诲瀷鐨勪负 Null 鎬т笌鐩爣濮旀墭鈥淓ventHandler鈥濅笉鍖归厤(鍙兘鏄敱浜庝负 Null 鎬х壒鎬?銆?[E:\Project\exam_trae\ExamSystem.WPF\ExamSystem.WPF_jnecsfj5_wpftmp.csproj]
     5>E:\Project\exam_trae\ExamSystem.WPF\ViewModels\ExamPreviewViewModel.cs(203,28): warning CS1998: 姝ゅ紓姝ユ柟娉曠己灏?"await" 杩愮畻绗︼紝灏嗕互鍚屾鏂瑰紡杩愯銆傝鑰冭檻浣跨敤 "await" 杩愮畻绗︾瓑寰呴潪闃绘鐨?API 璋冪敤锛屾垨鑰呬娇鐢?"await Task.Run(...)" 鍦ㄥ悗鍙扮嚎绋嬩笂鎵ц鍗犵敤澶ч噺 CPU 鐨勫伐浣溿€?[E:\Project\exam_trae\ExamSystem.WPF\ExamSystem.WPF_jnecsfj5_wpftmp.csproj]
     5>E:\Project\exam_trae\ExamSystem.WPF\ViewModels\FullScreenExamViewModel.cs(294,36): error CS0019: 杩愮畻绗︹€?鈥濇棤娉曞簲鐢ㄤ簬鈥渋nt鈥濆拰鈥渟tring鈥濈被鍨嬬殑鎿嶄綔鏁?[E:\Project\exam_trae\ExamSystem.WPF\ExamSystem.WPF_jnecsfj5_wpftmp.csproj]
     5>E:\Project\exam_trae\ExamSystem.WPF\ViewModels\FullScreenExamViewModel.cs(282,28): warning CS1998: 姝ゅ紓姝ユ柟娉曠己灏?"await" 杩愮畻绗︼紝灏嗕互鍚屾鏂瑰紡杩愯銆傝鑰冭檻浣跨敤 "await" 杩愮畻绗︾瓑寰呴潪闃绘鐨?API 璋冪敤锛屾垨鑰呬娇鐢?"await Task.Run(...)" 鍦ㄥ悗鍙扮嚎绋嬩笂鎵ц鍗犵敤澶ч噺 CPU 鐨勫伐浣溿€?[E:\Project\exam_trae\ExamSystem.WPF\ExamSystem.WPF_jnecsfj5_wpftmp.csproj]
     5>E:\Project\exam_trae\ExamSystem.WPF\ViewModels\LoginViewModel.cs(18,16): warning CS8618: 鍦ㄩ€€鍑烘瀯閫犲嚱鏁版椂锛屼笉鍙负 null 鐨?浜嬩欢 "LoginSuccess" 蹇呴』鍖呭惈闈?null 鍊笺€傝鑰冭檻娣诲姞 "required" 淇グ绗︽垨灏嗚 浜嬩欢 澹版槑涓哄彲涓?null銆?[E:\Project\exam_trae\ExamSystem.WPF\ExamSystem.WPF_jnecsfj5_wpftmp.csproj]
     5>E:\Project\exam_trae\ExamSystem.WPF\ViewModels\LoginViewModel.cs(18,16): warning CS8618: 鍦ㄩ€€鍑烘瀯閫犲嚱鏁版椂锛屼笉鍙负 null 鐨?浜嬩欢 "CloseRequested" 蹇呴』鍖呭惈闈?null 鍊笺€傝鑰冭檻娣诲姞 "required" 淇グ绗︽垨灏嗚 浜嬩欢 澹版槑涓哄彲涓?null銆?[E:\Project\exam_trae\ExamSystem.WPF\ExamSystem.WPF_jnecsfj5_wpftmp.csproj]
     5>E:\Project\exam_trae\ExamSystem.WPF\ViewModels\LoginViewModel.cs(18,16): warning CS8618: 鍦ㄩ€€鍑烘瀯閫犲嚱鏁版椂锛屼笉鍙负 null 鐨?浜嬩欢 "PropertyChanged" 蹇呴』鍖呭惈闈?null 鍊笺€傝鑰冭檻娣诲姞 "required" 淇グ绗︽垨灏嗚 浜嬩欢 澹版槑涓哄彲涓?null銆?[E:\Project\exam_trae\ExamSystem.WPF\ExamSystem.WPF_jnecsfj5_wpftmp.csproj]
     5>E:\Project\exam_trae\ExamSystem.WPF\ViewModels\PaperQuestionManageViewModel.cs(34,16): warning CS8618: 鍦ㄩ€€鍑烘瀯閫犲嚱鏁版椂锛屼笉鍙负 null 鐨?瀛楁 "_examPaper" 蹇呴』鍖呭惈闈?null 鍊笺€傝鑰冭檻娣诲姞 "required" 淇グ绗︽垨灏嗚 瀛楁 澹版槑涓哄彲涓?null銆?[E:\Project\exam_trae\ExamSystem.WPF\ExamSystem.WPF_jnecsfj5_wpftmp.csproj]
     5>E:\Project\exam_trae\ExamSystem.WPF\ViewModels\PaperQuestionManageViewModel.cs(34,16): warning CS8618: 鍦ㄩ€€鍑烘瀯閫犲嚱鏁版椂锛屼笉鍙负 null 鐨?瀛楁 "_validationMessage" 蹇呴』鍖呭惈闈?null 鍊笺€傝鑰冭檻娣诲姞 "required" 淇グ绗︽垨灏嗚 瀛楁 澹版槑涓哄彲涓?null銆?[E:\Project\exam_trae\ExamSystem.WPF\ExamSystem.WPF_jnecsfj5_wpftmp.csproj]
     5>E:\Project\exam_trae\ExamSystem.WPF\ViewModels\PaperQuestionManageViewModel.cs(34,16): warning CS8618: 鍦ㄩ€€鍑烘瀯閫犲嚱鏁版椂锛屼笉鍙负 null 鐨?瀛楁 "_selectedQuestionBank" 蹇呴』鍖呭惈闈?null 鍊笺€傝鑰冭檻娣诲姞 "required" 淇グ绗︽垨灏嗚 瀛楁 澹版槑涓哄彲涓?null銆?[E:\Project\exam_trae\ExamSystem.WPF\ExamSystem.WPF_jnecsfj5_wpftmp.csproj]
     5>E:\Project\exam_trae\ExamSystem.WPF\ViewModels\PaperQuestionManageViewModel.cs(34,16): warning CS8618: 鍦ㄩ€€鍑烘瀯閫犲嚱鏁版椂锛屼笉鍙负 null 鐨?瀛楁 "_selectedAvailableQuestion" 蹇呴』鍖呭惈闈?null 鍊笺€傝鑰冭檻娣诲姞 "required" 淇グ绗︽垨灏嗚 瀛楁 澹版槑涓哄彲涓?null銆?[E:\Project\exam_trae\ExamSystem.WPF\ExamSystem.WPF_jnecsfj5_wpftmp.csproj]
     5>E:\Project\exam_trae\ExamSystem.WPF\ViewModels\PaperQuestionManageViewModel.cs(34,16): warning CS8618: 鍦ㄩ€€鍑烘瀯閫犲嚱鏁版椂锛屼笉鍙负 null 鐨?瀛楁 "_selectedPaperQuestion" 蹇呴』鍖呭惈闈?null 鍊笺€傝鑰冭檻娣诲姞 "required" 淇グ绗︽垨灏嗚 瀛楁 澹版槑涓哄彲涓?null銆?[E:\Project\exam_trae\ExamSystem.WPF\ExamSystem.WPF_jnecsfj5_wpftmp.csproj]
     5>E:\Project\exam_trae\ExamSystem.WPF\ViewModels\PaperQuestionManageViewModel.cs(34,16): warning CS8618: 鍦ㄩ€€鍑烘瀯閫犲嚱鏁版椂锛屼笉鍙负 null 鐨?瀛楁 "_searchKeyword" 蹇呴』鍖呭惈闈?null 鍊笺€傝鑰冭檻娣诲姞 "required" 淇グ绗︽垨灏嗚 瀛楁 澹版槑涓哄彲涓?null銆?[E:\Project\exam_trae\ExamSystem.WPF\ExamSystem.WPF_jnecsfj5_wpftmp.csproj]
     5>E:\Project\exam_trae\ExamSystem.WPF\ViewModels\PaperQuestionManageViewModel.cs(34,16): warning CS8618: 鍦ㄩ€€鍑烘瀯閫犲嚱鏁版椂锛屼笉鍙负 null 鐨?灞炴€?"DifficultyOptions" 蹇呴』鍖呭惈闈?null 鍊笺€傝鑰冭檻娣诲姞 "required" 淇グ绗︽垨灏嗚 灞炴€?澹版槑涓哄彲涓?null銆?[E:\Project\exam_trae\ExamSystem.WPF\ExamSystem.WPF_jnecsfj5_wpftmp.csproj]
     5>E:\Project\exam_trae\ExamSystem.WPF\ViewModels\PaperQuestionManageViewModel.cs(34,16): warning CS8618: 鍦ㄩ€€鍑烘瀯閫犲嚱鏁版椂锛屼笉鍙负 null 鐨?灞炴€?"QuestionTypeOptions" 蹇呴』鍖呭惈闈?null 鍊笺€傝鑰冭檻娣诲姞 "required" 淇グ绗︽垨灏嗚 灞炴€?澹版槑涓哄彲涓?null銆?[E:\Project\exam_trae\ExamSystem.WPF\ExamSystem.WPF_jnecsfj5_wpftmp.csproj]
     5>E:\Project\exam_trae\ExamSystem.WPF\ViewModels\PaperQuestionManageViewModel.cs(34,16): warning CS8618: 鍦ㄩ€€鍑烘瀯閫犲嚱鏁版椂锛屼笉鍙负 null 鐨?灞炴€?"AddQuestionCommand" 蹇呴』鍖呭惈闈?null 鍊笺€傝鑰冭檻娣诲姞 "required" 淇グ绗︽垨灏嗚 灞炴€?澹版槑涓哄彲涓?null銆?[E:\Project\exam_trae\ExamSystem.WPF\ExamSystem.WPF_jnecsfj5_wpftmp.csproj]
     5>E:\Project\exam_trae\ExamSystem.WPF\ViewModels\PaperQuestionManageViewModel.cs(34,16): warning CS8618: 鍦ㄩ€€鍑烘瀯閫犲嚱鏁版椂锛屼笉鍙负 null 鐨?灞炴€?"RemoveQuestionCommand" 蹇呴』鍖呭惈闈?null 鍊笺€傝鑰冭檻娣诲姞 "required" 淇グ绗︽垨灏嗚 灞炴€?澹版槑涓哄彲涓?null銆?[E:\Project\exam_trae\ExamSystem.WPF\ExamSystem.WPF_jnecsfj5_wpftmp.csproj]
     5>E:\Project\exam_trae\ExamSystem.WPF\ViewModels\PaperQuestionManageViewModel.cs(34,16): warning CS8618: 鍦ㄩ€€鍑烘瀯閫犲嚱鏁版椂锛屼笉鍙负 null 鐨?灞炴€?"MoveUpCommand" 蹇呴』鍖呭惈闈?null 鍊笺€傝鑰冭檻娣诲姞 "required" 淇グ绗︽垨灏嗚 灞炴€?澹版槑涓哄彲涓?null銆?[E:\Project\exam_trae\ExamSystem.WPF\ExamSystem.WPF_jnecsfj5_wpftmp.csproj]
     5>E:\Project\exam_trae\ExamSystem.WPF\ViewModels\PaperQuestionManageViewModel.cs(34,16): warning CS8618: 鍦ㄩ€€鍑烘瀯閫犲嚱鏁版椂锛屼笉鍙负 null 鐨?灞炴€?"MoveDownCommand" 蹇呴』鍖呭惈闈?null 鍊笺€傝鑰冭檻娣诲姞 "required" 淇グ绗︽垨灏嗚 灞炴€?澹版槑涓哄彲涓?null銆?[E:\Project\exam_trae\ExamSystem.WPF\ExamSystem.WPF_jnecsfj5_wpftmp.csproj]
     5>E:\Project\exam_trae\ExamSystem.WPF\ViewModels\PaperQuestionManageViewModel.cs(34,16): warning CS8618: 鍦ㄩ€€鍑烘瀯閫犲嚱鏁版椂锛屼笉鍙负 null 鐨?灞炴€?"SaveCommand" 蹇呴』鍖呭惈闈?null 鍊笺€傝鑰冭檻娣诲姞 "required" 淇グ绗︽垨灏嗚 灞炴€?澹版槑涓哄彲涓?null銆?[E:\Project\exam_trae\ExamSystem.WPF\ExamSystem.WPF_jnecsfj5_wpftmp.csproj]
     5>E:\Project\exam_trae\ExamSystem.WPF\ViewModels\PaperQuestionManageViewModel.cs(34,16): warning CS8618: 鍦ㄩ€€鍑烘瀯閫犲嚱鏁版椂锛屼笉鍙负 null 鐨?浜嬩欢 "SaveCompleted" 蹇呴』鍖呭惈闈?null 鍊笺€傝鑰冭檻娣诲姞 "required" 淇グ绗︽垨灏嗚 浜嬩欢 澹版槑涓哄彲涓?null銆?[E:\Project\exam_trae\ExamSystem.WPF\ExamSystem.WPF_jnecsfj5_wpftmp.csproj]
     5>E:\Project\exam_trae\ExamSystem.WPF\ViewModels\PaperQuestionManageViewModel.cs(34,16): warning CS8618: 鍦ㄩ€€鍑烘瀯閫犲嚱鏁版椂锛屼笉鍙负 null 鐨?浜嬩欢 "PropertyChanged" 蹇呴』鍖呭惈闈?null 鍊笺€傝鑰冭檻娣诲姞 "required" 淇グ绗︽垨灏嗚 浜嬩欢 澹版槑涓哄彲涓?null銆?[E:\Project\exam_trae\ExamSystem.WPF\ExamSystem.WPF_jnecsfj5_wpftmp.csproj]
     5>E:\Project\exam_trae\ExamSystem.WPF\Views\MainWindow.xaml.cs(279,28): warning CS1998: 姝ゅ紓姝ユ柟娉曠己灏?"await" 杩愮畻绗︼紝灏嗕互鍚屾鏂瑰紡杩愯銆傝鑰冭檻浣跨敤 "await" 杩愮畻绗︾瓑寰呴潪闃绘鐨?API 璋冪敤锛屾垨鑰呬娇鐢?"await Task.Run(...)" 鍦ㄥ悗鍙扮嚎绋嬩笂鎵ц鍗犵敤澶ч噺 CPU 鐨勫伐浣溿€?[E:\Project\exam_trae\ExamSystem.WPF\ExamSystem.WPF_jnecsfj5_wpftmp.csproj]
     5>E:\Project\exam_trae\ExamSystem.WPF\ViewModels\PaperQuestionManageViewModel.cs(180,30): warning CS8601: 鍙兘鐨?null 寮曠敤璧嬪€笺€?[E:\Project\exam_trae\ExamSystem.WPF\ExamSystem.WPF_jnecsfj5_wpftmp.csproj]
     5>E:\Project\exam_trae\ExamSystem.WPF\ViewModels\StudentExamListViewModel.cs(297,28): warning CS1998: 姝ゅ紓姝ユ柟娉曠己灏?"await" 杩愮畻绗︼紝灏嗕互鍚屾鏂瑰紡杩愯銆傝鑰冭檻浣跨敤 "await" 杩愮畻绗︾瓑寰呴潪闃绘鐨?API 璋冪敤锛屾垨鑰呬娇鐢?"await Task.Run(...)" 鍦ㄥ悗鍙扮嚎绋嬩笂鎵ц鍗犵敤澶ч噺 CPU 鐨勫伐浣溿€?[E:\Project\exam_trae\ExamSystem.WPF\ExamSystem.WPF_jnecsfj5_wpftmp.csproj]
     5>E:\Project\exam_trae\ExamSystem.WPF\ViewModels\StudentExamListViewModel.cs(194,56): warning CS0067: 浠庝笉浣跨敤浜嬩欢鈥淪tudentExamListViewModel.ExamStartRequested鈥?[E:\Project\exam_trae\ExamSystem.WPF\ExamSystem.WPF_jnecsfj5_wpftmp.csproj]
         CompilerServer: server - server processed compilation - ExamSystem.WPF_jnecsfj5_wpftmp (net6.0-windows)
     5>宸插畬鎴愮敓鎴愰」鐩€淓:\Project\exam_trae\ExamSystem.WPF\ExamSystem.WPF_jnecsfj5_wpftmp.csproj鈥?_CompileTemporaryAssembly 涓洰鏍?鐨勬搷浣?- 澶辫触銆?
     1>宸插畬鎴愮敓鎴愰」鐩€淓:\Project\exam_trae\ExamSystem.WPF\ExamSystem.WPF.csproj鈥?榛樿鐩爣)鐨勬搷浣?- 澶辫触銆?

鐢熸垚澶辫触銆?

       鈥淓:\Project\exam_trae\ExamSystem.WPF\ExamSystem.WPF.csproj鈥?Restore 鐩爣) (1) ->
       鈥淓:\Project\exam_trae\ExamSystem.WPF\ExamSystem.WPF.csproj鈥?_GenerateRestoreGraphProjectEntry 鐩爣) (1:5) ->
       (_CheckForEolTargetFrameworks 鐩爣) -> 
         C:\Program Files\dotnet\sdk\9.0.305\Sdks\Microsoft.NET.Sdk\targets\Microsoft.NET.EolTargetFrameworks.targets(32,5): warning NETSDK1138: 鐩爣妗嗘灦鈥渘et6.0-windows鈥濅笉鍙楁敮鎸侊紝灏嗘潵涓嶄細鏀跺埌瀹夊叏鏇存柊銆傛湁鍏虫敮鎸佺瓥鐣ョ殑璇︾粏淇℃伅锛岃鍙傞槄 https://aka.ms/dotnet-core-support銆?[E:\Project\exam_trae\ExamSystem.WPF\ExamSystem.WPF.csproj]


       鈥淓:\Project\exam_trae\ExamSystem.WPF\ExamSystem.WPF.csproj鈥?Restore 鐩爣) (1) ->
         C:\Program Files\dotnet\sdk\9.0.305\Sdks\Microsoft.NET.Sdk\targets\Microsoft.NET.EolTargetFrameworks.targets(32,5): warning NETSDK1138: 鐩爣妗嗘灦鈥渘et6.0-windows鈥濅笉鍙楁敮鎸侊紝灏嗘潵涓嶄細鏀跺埌瀹夊叏鏇存柊銆傛湁鍏虫敮鎸佺瓥鐣ョ殑璇︾粏淇℃伅锛岃鍙傞槄 https://aka.ms/dotnet-core-support銆?[E:\Project\exam_trae\ExamSystem.WPF\ExamSystem.WPF.csproj]


       鈥淓:\Project\exam_trae\ExamSystem.WPF\ExamSystem.WPF.csproj鈥?榛樿鐩爣) (1:7) ->
         C:\Program Files\dotnet\sdk\9.0.305\Sdks\Microsoft.NET.Sdk\targets\Microsoft.NET.EolTargetFrameworks.targets(32,5): warning NETSDK1138: 鐩爣妗嗘灦鈥渘et6.0-windows鈥濅笉鍙楁敮鎸侊紝灏嗘潵涓嶄細鏀跺埌瀹夊叏鏇存柊銆傛湁鍏虫敮鎸佺瓥鐣ョ殑璇︾粏淇℃伅锛岃鍙傞槄 https://aka.ms/dotnet-core-support銆?[E:\Project\exam_trae\ExamSystem.WPF\ExamSystem.WPF.csproj]


       鈥淓:\Project\exam_trae\ExamSystem.WPF\ExamSystem.WPF.csproj鈥?榛樿鐩爣) (1:7) ->
       鈥淓:\Project\exam_trae\ExamSystem.WPF\ExamSystem.WPF_jnecsfj5_wpftmp.csproj鈥?_CompileTemporaryAssembly 鐩爣) (5) ->
       (CoreCompile 鐩爣) -> 
         E:\Project\exam_trae\ExamSystem.WPF\ViewModels\ExamPaperEditViewModel.cs(335,50): warning CS8612: 鈥渆vent PropertyChangedEventHandler ValidationMessages.PropertyChanged鈥濈殑绫诲瀷涓紩鐢ㄧ被鍨嬬殑涓?Null 鎬т笌闅愬紡瀹炵幇鐨勬垚鍛樷€渆vent PropertyChangedEventHandler? INotifyPropertyChanged.PropertyChanged鈥濅笉鍖归厤銆?[E:\Project\exam_trae\ExamSystem.WPF\ExamSystem.WPF_jnecsfj5_wpftmp.csproj]
         E:\Project\exam_trae\ExamSystem.WPF\ViewModels\ExamPaperEditViewModel.cs(231,50): warning CS8612: 鈥渆vent PropertyChangedEventHandler ExamPaperEditViewModel.PropertyChanged鈥濈殑绫诲瀷涓紩鐢ㄧ被鍨嬬殑涓?Null 鎬т笌闅愬紡瀹炵幇鐨勬垚鍛樷€渆vent PropertyChangedEventHandler? INotifyPropertyChanged.PropertyChanged鈥濅笉鍖归厤銆?[E:\Project\exam_trae\ExamSystem.WPF\ExamSystem.WPF_jnecsfj5_wpftmp.csproj]
         E:\Project\exam_trae\ExamSystem.WPF\ViewModels\DashboardViewModel.cs(270,50): warning CS8612: 鈥渆vent PropertyChangedEventHandler DashboardViewModel.PropertyChanged鈥濈殑绫诲瀷涓紩鐢ㄧ被鍨嬬殑涓?Null 鎬т笌闅愬紡瀹炵幇鐨勬垚鍛樷€渆vent PropertyChangedEventHandler? INotifyPropertyChanged.PropertyChanged鈥濅笉鍖归厤銆?[E:\Project\exam_trae\ExamSystem.WPF\ExamSystem.WPF_jnecsfj5_wpftmp.csproj]
         E:\Project\exam_trae\ExamSystem.WPF\ViewModels\ExamPaperEditViewModel.cs(233,91): warning CS8625: 鏃犳硶灏?null 瀛楅潰閲忚浆鎹负闈?null 鐨勫紩鐢ㄧ被鍨嬨€?[E:\Project\exam_trae\ExamSystem.WPF\ExamSystem.WPF_jnecsfj5_wpftmp.csproj]
         E:\Project\exam_trae\ExamSystem.WPF\ViewModels\ExamPaperEditViewModel.cs(337,91): warning CS8625: 鏃犳硶灏?null 瀛楅潰閲忚浆鎹负闈?null 鐨勫紩鐢ㄧ被鍨嬨€?[E:\Project\exam_trae\ExamSystem.WPF\ExamSystem.WPF_jnecsfj5_wpftmp.csproj]
         E:\Project\exam_trae\ExamSystem.WPF\ViewModels\DashboardViewModel.cs(272,91): warning CS8625: 鏃犳硶灏?null 瀛楅潰閲忚浆鎹负闈?null 鐨勫紩鐢ㄧ被鍨嬨€?[E:\Project\exam_trae\ExamSystem.WPF\ExamSystem.WPF_jnecsfj5_wpftmp.csproj]
         E:\Project\exam_trae\ExamSystem.WPF\ViewModels\ExamResultDetailViewModel.cs(391,50): warning CS8612: 鈥渆vent PropertyChangedEventHandler OptionDetailViewModel.PropertyChanged鈥濈殑绫诲瀷涓紩鐢ㄧ被鍨嬬殑涓?Null 鎬т笌闅愬紡瀹炵幇鐨勬垚鍛樷€渆vent PropertyChangedEventHandler? INotifyPropertyChanged.PropertyChanged鈥濅笉鍖归厤銆?[E:\Project\exam_trae\ExamSystem.WPF\ExamSystem.WPF_jnecsfj5_wpftmp.csproj]
         E:\Project\exam_trae\ExamSystem.WPF\ViewModels\DashboardViewModel.cs(277,102): warning CS8625: 鏃犳硶灏?null 瀛楅潰閲忚浆鎹负闈?null 鐨勫紩鐢ㄧ被鍨嬨€?[E:\Project\exam_trae\ExamSystem.WPF\ExamSystem.WPF_jnecsfj5_wpftmp.csproj]
         E:\Project\exam_trae\ExamSystem.WPF\ViewModels\ExamResultDetailViewModel.cs(393,91): warning CS8625: 鏃犳硶灏?null 瀛楅潰閲忚浆鎹负闈?null 鐨勫紩鐢ㄧ被鍨嬨€?[E:\Project\exam_trae\ExamSystem.WPF\ExamSystem.WPF_jnecsfj5_wpftmp.csproj]
         E:\Project\exam_trae\ExamSystem.WPF\ViewModels\ExamResultDetailViewModel.cs(398,102): warning CS8625: 鏃犳硶灏?null 瀛楅潰閲忚浆鎹负闈?null 鐨勫紩鐢ㄧ被鍨嬨€?[E:\Project\exam_trae\ExamSystem.WPF\ExamSystem.WPF_jnecsfj5_wpftmp.csproj]
         E:\Project\exam_trae\ExamSystem.WPF\ViewModels\ExamResultDetailViewModel.cs(250,50): warning CS8612: 鈥渆vent PropertyChangedEventHandler ExamResultDetailViewModel.PropertyChanged鈥濈殑绫诲瀷涓紩鐢ㄧ被鍨嬬殑涓?Null 鎬т笌闅愬紡瀹炵幇鐨勬垚鍛樷€渆vent PropertyChangedEventHandler? INotifyPropertyChanged.PropertyChanged鈥濅笉鍖归厤銆?[E:\Project\exam_trae\ExamSystem.WPF\ExamSystem.WPF_jnecsfj5_wpftmp.csproj]
         E:\Project\exam_trae\ExamSystem.WPF\ViewModels\ExamResultDetailViewModel.cs(252,91): warning CS8625: 鏃犳硶灏?null 瀛楅潰閲忚浆鎹负闈?null 鐨勫紩鐢ㄧ被鍨嬨€?[E:\Project\exam_trae\ExamSystem.WPF\ExamSystem.WPF_jnecsfj5_wpftmp.csproj]
         E:\Project\exam_trae\ExamSystem.WPF\ViewModels\ExamResultDetailViewModel.cs(257,102): warning CS8625: 鏃犳硶灏?null 瀛楅潰閲忚浆鎹负闈?null 鐨勫紩鐢ㄧ被鍨嬨€?[E:\Project\exam_trae\ExamSystem.WPF\ExamSystem.WPF_jnecsfj5_wpftmp.csproj]
         E:\Project\exam_trae\ExamSystem.WPF\ViewModels\ExamResultDetailViewModel.cs(351,50): warning CS8612: 鈥渆vent PropertyChangedEventHandler QuestionDetailViewModel.PropertyChanged鈥濈殑绫诲瀷涓紩鐢ㄧ被鍨嬬殑涓?Null 鎬т笌闅愬紡瀹炵幇鐨勬垚鍛樷€渆vent PropertyChangedEventHandler? INotifyPropertyChanged.PropertyChanged鈥濅笉鍖归厤銆?[E:\Project\exam_trae\ExamSystem.WPF\ExamSystem.WPF_jnecsfj5_wpftmp.csproj]
         E:\Project\exam_trae\ExamSystem.WPF\ViewModels\LoginViewModel.cs(208,50): warning CS8612: 鈥渆vent PropertyChangedEventHandler LoginViewModel.PropertyChanged鈥濈殑绫诲瀷涓紩鐢ㄧ被鍨嬬殑涓?Null 鎬т笌闅愬紡瀹炵幇鐨勬垚鍛樷€渆vent PropertyChangedEventHandler? INotifyPropertyChanged.PropertyChanged鈥濅笉鍖归厤銆?[E:\Project\exam_trae\ExamSystem.WPF\ExamSystem.WPF_jnecsfj5_wpftmp.csproj]
         E:\Project\exam_trae\ExamSystem.WPF\ViewModels\ExamResultDetailViewModel.cs(353,91): warning CS8625: 鏃犳硶灏?null 瀛楅潰閲忚浆鎹负闈?null 鐨勫紩鐢ㄧ被鍨嬨€?[E:\Project\exam_trae\ExamSystem.WPF\ExamSystem.WPF_jnecsfj5_wpftmp.csproj]
         E:\Project\exam_trae\ExamSystem.WPF\ViewModels\ExamResultDetailViewModel.cs(358,102): warning CS8625: 鏃犳硶灏?null 瀛楅潰閲忚浆鎹负闈?null 鐨勫紩鐢ㄧ被鍨嬨€?[E:\Project\exam_trae\ExamSystem.WPF\ExamSystem.WPF_jnecsfj5_wpftmp.csproj]
         E:\Project\exam_trae\ExamSystem.WPF\ViewModels\LoginViewModel.cs(210,91): warning CS8625: 鏃犳硶灏?null 瀛楅潰閲忚浆鎹负闈?null 鐨勫紩鐢ㄧ被鍨嬨€?[E:\Project\exam_trae\ExamSystem.WPF\ExamSystem.WPF_jnecsfj5_wpftmp.csproj]
         E:\Project\exam_trae\ExamSystem.WPF\ViewModels\LoginViewModel.cs(215,102): warning CS8625: 鏃犳硶灏?null 瀛楅潰閲忚浆鎹负闈?null 鐨勫紩鐢ㄧ被鍨嬨€?[E:\Project\exam_trae\ExamSystem.WPF\ExamSystem.WPF_jnecsfj5_wpftmp.csproj]
         E:\Project\exam_trae\ExamSystem.WPF\ViewModels\PaperQuestionManageViewModel.cs(480,50): warning CS8612: 鈥渆vent PropertyChangedEventHandler PaperQuestionManageViewModel.PropertyChanged鈥濈殑绫诲瀷涓紩鐢ㄧ被鍨嬬殑涓?Null 鎬т笌闅愬紡瀹炵幇鐨勬垚鍛樷€渆vent PropertyChangedEventHandler? INotifyPropertyChanged.PropertyChanged鈥濅笉鍖归厤銆?[E:\Project\exam_trae\ExamSystem.WPF\ExamSystem.WPF_jnecsfj5_wpftmp.csproj]
         E:\Project\exam_trae\ExamSystem.WPF\ViewModels\PaperQuestionManageViewModel.cs(482,91): warning CS8625: 鏃犳硶灏?null 瀛楅潰閲忚浆鎹负闈?null 鐨勫紩鐢ㄧ被鍨嬨€?[E:\Project\exam_trae\ExamSystem.WPF\ExamSystem.WPF_jnecsfj5_wpftmp.csproj]
         E:\Project\exam_trae\ExamSystem.WPF\ViewModels\UserManagementViewModel.cs(436,50): warning CS8612: 鈥渆vent PropertyChangedEventHandler UserDisplayModel.PropertyChanged鈥濈殑绫诲瀷涓紩鐢ㄧ被鍨嬬殑涓?Null 鎬т笌闅愬紡瀹炵幇鐨勬垚鍛樷€渆vent PropertyChangedEventHandler? INotifyPropertyChanged.PropertyChanged鈥濅笉鍖归厤銆?[E:\Project\exam_trae\ExamSystem.WPF\ExamSystem.WPF_jnecsfj5_wpftmp.csproj]
         E:\Project\exam_trae\ExamSystem.WPF\ViewModels\UserManagementViewModel.cs(438,91): warning CS8625: 鏃犳硶灏?null 瀛楅潰閲忚浆鎹负闈?null 鐨勫紩鐢ㄧ被鍨嬨€?[E:\Project\exam_trae\ExamSystem.WPF\ExamSystem.WPF_jnecsfj5_wpftmp.csproj]
         E:\Project\exam_trae\ExamSystem.WPF\ViewModels\UserManagementViewModel.cs(443,102): warning CS8625: 鏃犳硶灏?null 瀛楅潰閲忚浆鎹负闈?null 鐨勫紩鐢ㄧ被鍨嬨€?[E:\Project\exam_trae\ExamSystem.WPF\ExamSystem.WPF_jnecsfj5_wpftmp.csproj]
         E:\Project\exam_trae\ExamSystem.WPF\ViewModels\UserManagementViewModel.cs(391,50): warning CS8612: 鈥渆vent PropertyChangedEventHandler UserManagementViewModel.PropertyChanged鈥濈殑绫诲瀷涓紩鐢ㄧ被鍨嬬殑涓?Null 鎬т笌闅愬紡瀹炵幇鐨勬垚鍛樷€渆vent PropertyChangedEventHandler? INotifyPropertyChanged.PropertyChanged鈥濅笉鍖归厤銆?[E:\Project\exam_trae\ExamSystem.WPF\ExamSystem.WPF_jnecsfj5_wpftmp.csproj]
         E:\Project\exam_trae\ExamSystem.WPF\ViewModels\UserManagementViewModel.cs(393,91): warning CS8625: 鏃犳硶灏?null 瀛楅潰閲忚浆鎹负闈?null 鐨勫紩鐢ㄧ被鍨嬨€?[E:\Project\exam_trae\ExamSystem.WPF\ExamSystem.WPF_jnecsfj5_wpftmp.csproj]
         E:\Project\exam_trae\ExamSystem.WPF\ViewModels\UserManagementViewModel.cs(398,102): warning CS8625: 鏃犳硶灏?null 瀛楅潰閲忚浆鎹负闈?null 鐨勫紩鐢ㄧ被鍨嬨€?[E:\Project\exam_trae\ExamSystem.WPF\ExamSystem.WPF_jnecsfj5_wpftmp.csproj]
         E:\Project\exam_trae\ExamSystem.WPF\Services\IStatisticsService.cs(19,23): warning CS8618: 鍦ㄩ€€鍑烘瀯閫犲嚱鏁版椂锛屼笉鍙负 null 鐨?灞炴€?"QuestionType" 蹇呴』鍖呭惈闈?null 鍊笺€傝鑰冭檻娣诲姞 "required" 淇グ绗︽垨灏嗚 灞炴€?澹版槑涓哄彲涓?null銆?[E:\Project\exam_trae\ExamSystem.WPF\ExamSystem.WPF_jnecsfj5_wpftmp.csproj]
         E:\Project\exam_trae\ExamSystem.WPF\Services\IStatisticsService.cs(20,23): warning CS8618: 鍦ㄩ€€鍑烘瀯閫犲嚱鏁版椂锛屼笉鍙负 null 鐨?灞炴€?"Content" 蹇呴』鍖呭惈闈?null 鍊笺€傝鑰冭檻娣诲姞 "required" 淇グ绗︽垨灏嗚 灞炴€?澹版槑涓哄彲涓?null銆?[E:\Project\exam_trae\ExamSystem.WPF\ExamSystem.WPF_jnecsfj5_wpftmp.csproj]
         E:\Project\exam_trae\ExamSystem.WPF\Services\IStatisticsService.cs(24,23): warning CS8618: 鍦ㄩ€€鍑烘瀯閫犲嚱鏁版椂锛屼笉鍙负 null 鐨?灞炴€?"DifficultyLevel" 蹇呴』鍖呭惈闈?null 鍊笺€傝鑰冭檻娣诲姞 "required" 淇グ绗︽垨灏嗚 灞炴€?澹版槑涓哄彲涓?null銆?[E:\Project\exam_trae\ExamSystem.WPF\ExamSystem.WPF_jnecsfj5_wpftmp.csproj]
         E:\Project\exam_trae\ExamSystem.WPF\Views\UserManagementView.xaml.cs(295,35): warning CS8603: 鍙兘杩斿洖 null 寮曠敤銆?[E:\Project\exam_trae\ExamSystem.WPF\ExamSystem.WPF_jnecsfj5_wpftmp.csproj]
         E:\Project\exam_trae\ExamSystem.WPF\Views\UserManagementView.xaml.cs(296,32): warning CS8603: 鍙兘杩斿洖 null 寮曠敤銆?[E:\Project\exam_trae\ExamSystem.WPF\ExamSystem.WPF_jnecsfj5_wpftmp.csproj]
         E:\Project\exam_trae\ExamSystem.WPF\Services\IStatisticsService.cs(30,23): warning CS8618: 鍦ㄩ€€鍑烘瀯閫犲嚱鏁版椂锛屼笉鍙负 null 鐨?灞炴€?"StudentId" 蹇呴』鍖呭惈闈?null 鍊笺€傝鑰冭檻娣诲姞 "required" 淇グ绗︽垨灏嗚 灞炴€?澹版槑涓哄彲涓?null銆?[E:\Project\exam_trae\ExamSystem.WPF\ExamSystem.WPF_jnecsfj5_wpftmp.csproj]
         E:\Project\exam_trae\ExamSystem.WPF\Services\IStatisticsService.cs(31,23): warning CS8618: 鍦ㄩ€€鍑烘瀯閫犲嚱鏁版椂锛屼笉鍙负 null 鐨?灞炴€?"Name" 蹇呴』鍖呭惈闈?null 鍊笺€傝鑰冭檻娣诲姞 "required" 淇グ绗︽垨灏嗚 灞炴€?澹版槑涓哄彲涓?null銆?[E:\Project\exam_trae\ExamSystem.WPF\ExamSystem.WPF_jnecsfj5_wpftmp.csproj]
         E:\Project\exam_trae\ExamSystem.WPF\Services\IStatisticsService.cs(32,23): warning CS8618: 鍦ㄩ€€鍑烘瀯閫犲嚱鏁版椂锛屼笉鍙负 null 鐨?灞炴€?"Class" 蹇呴』鍖呭惈闈?null 鍊笺€傝鑰冭檻娣诲姞 "required" 淇グ绗︽垨灏嗚 灞炴€?澹版槑涓哄彲涓?null銆?[E:\Project\exam_trae\ExamSystem.WPF\ExamSystem.WPF_jnecsfj5_wpftmp.csproj]
         E:\Project\exam_trae\ExamSystem.WPF\Services\IStatisticsService.cs(36,23): warning CS8618: 鍦ㄩ€€鍑烘瀯閫犲嚱鏁版椂锛屼笉鍙负 null 鐨?灞炴€?"ExamDuration" 蹇呴』鍖呭惈闈?null 鍊笺€傝鑰冭檻娣诲姞 "required" 淇グ绗︽垨灏嗚 灞炴€?澹版槑涓哄彲涓?null銆?[E:\Project\exam_trae\ExamSystem.WPF\ExamSystem.WPF_jnecsfj5_wpftmp.csproj]
         E:\Project\exam_trae\ExamSystem.WPF\Services\IStatisticsService.cs(37,23): warning CS8618: 鍦ㄩ€€鍑烘瀯閫犲嚱鏁版椂锛屼笉鍙负 null 鐨?灞炴€?"SubmitTime" 蹇呴』鍖呭惈闈?null 鍊笺€傝鑰冭檻娣诲姞 "required" 淇グ绗︽垨灏嗚 灞炴€?澹版槑涓哄彲涓?null銆?[E:\Project\exam_trae\ExamSystem.WPF\ExamSystem.WPF_jnecsfj5_wpftmp.csproj]
         E:\Project\exam_trae\ExamSystem.WPF\Services\IStatisticsService.cs(38,23): warning CS8618: 鍦ㄩ€€鍑烘瀯閫犲嚱鏁版椂锛屼笉鍙负 null 鐨?灞炴€?"Grade" 蹇呴』鍖呭惈闈?null 鍊笺€傝鑰冭檻娣诲姞 "required" 淇グ绗︽垨灏嗚 灞炴€?澹版槑涓哄彲涓?null銆?[E:\Project\exam_trae\ExamSystem.WPF\ExamSystem.WPF_jnecsfj5_wpftmp.csproj]
         E:\Project\exam_trae\ExamSystem.WPF\Converters\BooleanToBrushConverter.cs(45,33): warning CS8605: 鍙栨秷瑁呯鍙兘涓?null 鐨勫€笺€?[E:\Project\exam_trae\ExamSystem.WPF\ExamSystem.WPF_jnecsfj5_wpftmp.csproj]
         E:\Project\exam_trae\ExamSystem.WPF\ViewModels\UserManagementViewModel.cs(413,24): warning CS8618: 鍦ㄩ€€鍑烘瀯閫犲嚱鏁版椂锛屼笉鍙负 null 鐨?瀛楁 "_statusDisplay" 蹇呴』鍖呭惈闈?null 鍊笺€傝鑰冭檻娣诲姞 "required" 淇グ绗︽垨灏嗚 瀛楁 澹版槑涓哄彲涓?null銆?[E:\Project\exam_trae\ExamSystem.WPF\ExamSystem.WPF_jnecsfj5_wpftmp.csproj]
         E:\Project\exam_trae\ExamSystem.WPF\ViewModels\UserManagementViewModel.cs(416,23): warning CS8618: 鍦ㄩ€€鍑烘瀯閫犲嚱鏁版椂锛屼笉鍙负 null 鐨?灞炴€?"Username" 蹇呴』鍖呭惈闈?null 鍊笺€傝鑰冭檻娣诲姞 "required" 淇グ绗︽垨灏嗚 灞炴€?澹版槑涓哄彲涓?null銆?[E:\Project\exam_trae\ExamSystem.WPF\ExamSystem.WPF_jnecsfj5_wpftmp.csproj]
         E:\Project\exam_trae\ExamSystem.WPF\ViewModels\UserManagementViewModel.cs(417,23): warning CS8618: 鍦ㄩ€€鍑烘瀯閫犲嚱鏁版椂锛屼笉鍙负 null 鐨?灞炴€?"FullName" 蹇呴』鍖呭惈闈?null 鍊笺€傝鑰冭檻娣诲姞 "required" 淇グ绗︽垨灏嗚 灞炴€?澹版槑涓哄彲涓?null銆?[E:\Project\exam_trae\ExamSystem.WPF\ExamSystem.WPF_jnecsfj5_wpftmp.csproj]
         E:\Project\exam_trae\ExamSystem.WPF\ViewModels\UserManagementViewModel.cs(418,23): warning CS8618: 鍦ㄩ€€鍑烘瀯閫犲嚱鏁版椂锛屼笉鍙负 null 鐨?灞炴€?"Email" 蹇呴』鍖呭惈闈?null 鍊笺€傝鑰冭檻娣诲姞 "required" 淇グ绗︽垨灏嗚 灞炴€?澹版槑涓哄彲涓?null銆?[E:\Project\exam_trae\ExamSystem.WPF\ExamSystem.WPF_jnecsfj5_wpftmp.csproj]
         E:\Project\exam_trae\ExamSystem.WPF\ViewModels\UserManagementViewModel.cs(420,23): warning CS8618: 鍦ㄩ€€鍑烘瀯閫犲嚱鏁版椂锛屼笉鍙负 null 鐨?灞炴€?"RoleDisplay" 蹇呴』鍖呭惈闈?null 鍊笺€傝鑰冭檻娣诲姞 "required" 淇グ绗︽垨灏嗚 灞炴€?澹版槑涓哄彲涓?null銆?[E:\Project\exam_trae\ExamSystem.WPF\ExamSystem.WPF_jnecsfj5_wpftmp.csproj]
         E:\Project\exam_trae\ExamSystem.WPF\ViewModels\UserManagementViewModel.cs(436,50): warning CS8618: 鍦ㄩ€€鍑烘瀯閫犲嚱鏁版椂锛屼笉鍙负 null 鐨?浜嬩欢 "PropertyChanged" 蹇呴』鍖呭惈闈?null 鍊笺€傝鑰冭檻娣诲姞 "required" 淇グ绗︽垨灏嗚 浜嬩欢 澹版槑涓哄彲涓?null銆?[E:\Project\exam_trae\ExamSystem.WPF\ExamSystem.WPF_jnecsfj5_wpftmp.csproj]
         E:\Project\exam_trae\ExamSystem.WPF\ViewModels\DashboardViewModel.cs(291,23): warning CS8618: 鍦ㄩ€€鍑烘瀯閫犲嚱鏁版椂锛屼笉鍙负 null 鐨?灞炴€?"Icon" 蹇呴』鍖呭惈闈?null 鍊笺€傝鑰冭檻娣诲姞 "required" 淇グ绗︽垨灏嗚 灞炴€?澹版槑涓哄彲涓?null銆?[E:\Project\exam_trae\ExamSystem.WPF\ExamSystem.WPF_jnecsfj5_wpftmp.csproj]
         E:\Project\exam_trae\ExamSystem.WPF\ViewModels\DashboardViewModel.cs(292,23): warning CS8618: 鍦ㄩ€€鍑烘瀯閫犲嚱鏁版椂锛屼笉鍙负 null 鐨?灞炴€?"Title" 蹇呴』鍖呭惈闈?null 鍊笺€傝鑰冭檻娣诲姞 "required" 淇グ绗︽垨灏嗚 灞炴€?澹版槑涓哄彲涓?null銆?[E:\Project\exam_trae\ExamSystem.WPF\ExamSystem.WPF_jnecsfj5_wpftmp.csproj]
         E:\Project\exam_trae\ExamSystem.WPF\ViewModels\DashboardViewModel.cs(293,23): warning CS8618: 鍦ㄩ€€鍑烘瀯閫犲嚱鏁版椂锛屼笉鍙负 null 鐨?灞炴€?"Description" 蹇呴』鍖呭惈闈?null 鍊笺€傝鑰冭檻娣诲姞 "required" 淇グ绗︽垨灏嗚 灞炴€?澹版槑涓哄彲涓?null銆?[E:\Project\exam_trae\ExamSystem.WPF\ExamSystem.WPF_jnecsfj5_wpftmp.csproj]
         E:\Project\exam_trae\ExamSystem.WPF\ViewModels\DashboardViewModel.cs(294,23): warning CS8618: 鍦ㄩ€€鍑烘瀯閫犲嚱鏁版椂锛屼笉鍙负 null 鐨?灞炴€?"Time" 蹇呴』鍖呭惈闈?null 鍊笺€傝鑰冭檻娣诲姞 "required" 淇グ绗︽垨灏嗚 灞炴€?澹版槑涓哄彲涓?null銆?[E:\Project\exam_trae\ExamSystem.WPF\ExamSystem.WPF_jnecsfj5_wpftmp.csproj]
         E:\Project\exam_trae\ExamSystem.WPF\Views\UserManagementView.xaml.cs(32,28): warning CS8625: 鏃犳硶灏?null 瀛楅潰閲忚浆鎹负闈?null 鐨勫紩鐢ㄧ被鍨嬨€?[E:\Project\exam_trae\ExamSystem.WPF\ExamSystem.WPF_jnecsfj5_wpftmp.csproj]
         E:\Project\exam_trae\ExamSystem.WPF\Views\UserManagementView.xaml.cs(33,23): warning CS8625: 鏃犳硶灏?null 瀛楅潰閲忚浆鎹负闈?null 鐨勫紩鐢ㄧ被鍨嬨€?[E:\Project\exam_trae\ExamSystem.WPF\ExamSystem.WPF_jnecsfj5_wpftmp.csproj]
         E:\Project\exam_trae\ExamSystem.WPF\Views\UserManagementView.xaml.cs(28,16): warning CS8618: 鍦ㄩ€€鍑烘瀯閫犲嚱鏁版椂锛屼笉鍙负 null 鐨?瀛楁 "_userService" 蹇呴』鍖呭惈闈?null 鍊笺€傝鑰冭檻娣诲姞 "required" 淇グ绗︽垨灏嗚 瀛楁 澹版槑涓哄彲涓?null銆?[E:\Project\exam_trae\ExamSystem.WPF\ExamSystem.WPF_jnecsfj5_wpftmp.csproj]
         E:\Project\exam_trae\ExamSystem.WPF\Views\UserManagementView.xaml.cs(28,16): warning CS8618: 鍦ㄩ€€鍑烘瀯閫犲嚱鏁版椂锛屼笉鍙负 null 鐨?瀛楁 "_logger" 蹇呴』鍖呭惈闈?null 鍊笺€傝鑰冭檻娣诲姞 "required" 淇グ绗︽垨灏嗚 瀛楁 澹版槑涓哄彲涓?null銆?[E:\Project\exam_trae\ExamSystem.WPF\ExamSystem.WPF_jnecsfj5_wpftmp.csproj]
         E:\Project\exam_trae\ExamSystem.WPF\ViewModels\DashboardViewModel.cs(23,16): warning CS8618: 鍦ㄩ€€鍑烘瀯閫犲嚱鏁版椂锛屼笉鍙负 null 鐨?瀛楁 "_welcomeMessage" 蹇呴』鍖呭惈闈?null 鍊笺€傝鑰冭檻娣诲姞 "required" 淇グ绗︽垨灏嗚 瀛楁 澹版槑涓哄彲涓?null銆?[E:\Project\exam_trae\ExamSystem.WPF\ExamSystem.WPF_jnecsfj5_wpftmp.csproj]
         E:\Project\exam_trae\ExamSystem.WPF\ViewModels\DashboardViewModel.cs(23,16): warning CS8618: 鍦ㄩ€€鍑烘瀯閫犲嚱鏁版椂锛屼笉鍙负 null 鐨?浜嬩欢 "PropertyChanged" 蹇呴』鍖呭惈闈?null 鍊笺€傝鑰冭檻娣诲姞 "required" 淇グ绗︽垨灏嗚 浜嬩欢 澹版槑涓哄彲涓?null銆?[E:\Project\exam_trae\ExamSystem.WPF\ExamSystem.WPF_jnecsfj5_wpftmp.csproj]
         E:\Project\exam_trae\ExamSystem.WPF\ViewModels\ExamPaperEditViewModel.cs(19,16): warning CS8618: 鍦ㄩ€€鍑烘瀯閫犲嚱鏁版椂锛屼笉鍙负 null 鐨?瀛楁 "_examPaper" 蹇呴』鍖呭惈闈?null 鍊笺€傝鑰冭檻娣诲姞 "required" 淇グ绗︽垨灏嗚 瀛楁 澹版槑涓哄彲涓?null銆?[E:\Project\exam_trae\ExamSystem.WPF\ExamSystem.WPF_jnecsfj5_wpftmp.csproj]
         E:\Project\exam_trae\ExamSystem.WPF\ViewModels\ExamPaperEditViewModel.cs(19,16): warning CS8618: 鍦ㄩ€€鍑烘瀯閫犲嚱鏁版椂锛屼笉鍙负 null 鐨?浜嬩欢 "SaveCompleted" 蹇呴』鍖呭惈闈?null 鍊笺€傝鑰冭檻娣诲姞 "required" 淇グ绗︽垨灏嗚 浜嬩欢 澹版槑涓哄彲涓?null銆?[E:\Project\exam_trae\ExamSystem.WPF\ExamSystem.WPF_jnecsfj5_wpftmp.csproj]
         E:\Project\exam_trae\ExamSystem.WPF\ViewModels\ExamPaperEditViewModel.cs(19,16): warning CS8618: 鍦ㄩ€€鍑烘瀯閫犲嚱鏁版椂锛屼笉鍙负 null 鐨?浜嬩欢 "PropertyChanged" 蹇呴』鍖呭惈闈?null 鍊笺€傝鑰冭檻娣诲姞 "required" 淇グ绗︽垨灏嗚 浜嬩欢 澹版槑涓哄彲涓?null銆?[E:\Project\exam_trae\ExamSystem.WPF\ExamSystem.WPF_jnecsfj5_wpftmp.csproj]
         E:\Project\exam_trae\ExamSystem.WPF\ViewModels\UserManagementViewModel.cs(26,28): warning CS8625: 鏃犳硶灏?null 瀛楅潰閲忚浆鎹负闈?null 鐨勫紩鐢ㄧ被鍨嬨€?[E:\Project\exam_trae\ExamSystem.WPF\ExamSystem.WPF_jnecsfj5_wpftmp.csproj]
         E:\Project\exam_trae\ExamSystem.WPF\ViewModels\UserManagementViewModel.cs(27,23): warning CS8625: 鏃犳硶灏?null 瀛楅潰閲忚浆鎹负闈?null 鐨勫紩鐢ㄧ被鍨嬨€?[E:\Project\exam_trae\ExamSystem.WPF\ExamSystem.WPF_jnecsfj5_wpftmp.csproj]
         E:\Project\exam_trae\ExamSystem.WPF\ViewModels\UserManagementViewModel.cs(23,16): warning CS8618: 鍦ㄩ€€鍑烘瀯閫犲嚱鏁版椂锛屼笉鍙负 null 鐨?瀛楁 "_userService" 蹇呴』鍖呭惈闈?null 鍊笺€傝鑰冭檻娣诲姞 "required" 淇グ绗︽垨灏嗚 瀛楁 澹版槑涓哄彲涓?null銆?[E:\Project\exam_trae\ExamSystem.WPF\ExamSystem.WPF_jnecsfj5_wpftmp.csproj]
         E:\Project\exam_trae\ExamSystem.WPF\ViewModels\UserManagementViewModel.cs(23,16): warning CS8618: 鍦ㄩ€€鍑烘瀯閫犲嚱鏁版椂锛屼笉鍙负 null 鐨?瀛楁 "_logger" 蹇呴』鍖呭惈闈?null 鍊笺€傝鑰冭檻娣诲姞 "required" 淇グ绗︽垨灏嗚 瀛楁 澹版槑涓哄彲涓?null銆?[E:\Project\exam_trae\ExamSystem.WPF\ExamSystem.WPF_jnecsfj5_wpftmp.csproj]
         E:\Project\exam_trae\ExamSystem.WPF\ViewModels\UserManagementViewModel.cs(23,16): warning CS8618: 鍦ㄩ€€鍑烘瀯閫犲嚱鏁版椂锛屼笉鍙负 null 鐨?瀛楁 "_searchKeyword" 蹇呴』鍖呭惈闈?null 鍊笺€傝鑰冭檻娣诲姞 "required" 淇グ绗︽垨灏嗚 瀛楁 澹版槑涓哄彲涓?null銆?[E:\Project\exam_trae\ExamSystem.WPF\ExamSystem.WPF_jnecsfj5_wpftmp.csproj]
         E:\Project\exam_trae\ExamSystem.WPF\ViewModels\UserManagementViewModel.cs(23,16): warning CS8618: 鍦ㄩ€€鍑烘瀯閫犲嚱鏁版椂锛屼笉鍙负 null 鐨?瀛楁 "_selectedStatus" 蹇呴』鍖呭惈闈?null 鍊笺€傝鑰冭檻娣诲姞 "required" 淇グ绗︽垨灏嗚 瀛楁 澹版槑涓哄彲涓?null銆?[E:\Project\exam_trae\ExamSystem.WPF\ExamSystem.WPF_jnecsfj5_wpftmp.csproj]
         E:\Project\exam_trae\ExamSystem.WPF\ViewModels\UserManagementViewModel.cs(23,16): warning CS8618: 鍦ㄩ€€鍑烘瀯閫犲嚱鏁版椂锛屼笉鍙负 null 鐨?浜嬩欢 "PropertyChanged" 蹇呴』鍖呭惈闈?null 鍊笺€傝鑰冭檻娣诲姞 "required" 淇グ绗︽垨灏嗚 浜嬩欢 澹版槑涓哄彲涓?null銆?[E:\Project\exam_trae\ExamSystem.WPF\ExamSystem.WPF_jnecsfj5_wpftmp.csproj]
         E:\Project\exam_trae\ExamSystem.WPF\ViewModels\ExamPaperEditViewModel.cs(326,20): warning CS8625: 鏃犳硶灏?null 瀛楅潰閲忚浆鎹负闈?null 鐨勫紩鐢ㄧ被鍨嬨€?[E:\Project\exam_trae\ExamSystem.WPF\ExamSystem.WPF_jnecsfj5_wpftmp.csproj]
         E:\Project\exam_trae\ExamSystem.WPF\ViewModels\ExamPaperEditViewModel.cs(327,27): warning CS8625: 鏃犳硶灏?null 瀛楅潰閲忚浆鎹负闈?null 鐨勫紩鐢ㄧ被鍨嬨€?[E:\Project\exam_trae\ExamSystem.WPF\ExamSystem.WPF_jnecsfj5_wpftmp.csproj]
         E:\Project\exam_trae\ExamSystem.WPF\ViewModels\ExamPaperEditViewModel.cs(328,24): warning CS8625: 鏃犳硶灏?null 瀛楅潰閲忚浆鎹负闈?null 鐨勫紩鐢ㄧ被鍨嬨€?[E:\Project\exam_trae\ExamSystem.WPF\ExamSystem.WPF_jnecsfj5_wpftmp.csproj]
         E:\Project\exam_trae\ExamSystem.WPF\ViewModels\ExamPaperEditViewModel.cs(329,25): warning CS8625: 鏃犳硶灏?null 瀛楅潰閲忚浆鎹负闈?null 鐨勫紩鐢ㄧ被鍨嬨€?[E:\Project\exam_trae\ExamSystem.WPF\ExamSystem.WPF_jnecsfj5_wpftmp.csproj]
         E:\Project\exam_trae\ExamSystem.WPF\ViewModels\ExamPaperEditViewModel.cs(330,25): warning CS8625: 鏃犳硶灏?null 瀛楅潰閲忚浆鎹负闈?null 鐨勫紩鐢ㄧ被鍨嬨€?[E:\Project\exam_trae\ExamSystem.WPF\ExamSystem.WPF_jnecsfj5_wpftmp.csproj]
         E:\Project\exam_trae\ExamSystem.WPF\ViewModels\ExamPaperEditViewModel.cs(331,23): warning CS8625: 鏃犳硶灏?null 瀛楅潰閲忚浆鎹负闈?null 鐨勫紩鐢ㄧ被鍨嬨€?[E:\Project\exam_trae\ExamSystem.WPF\ExamSystem.WPF_jnecsfj5_wpftmp.csproj]
         E:\Project\exam_trae\ExamSystem.WPF\ViewModels\ExamPaperEditViewModel.cs(332,23): warning CS8625: 鏃犳硶灏?null 瀛楅潰閲忚浆鎹负闈?null 鐨勫紩鐢ㄧ被鍨嬨€?[E:\Project\exam_trae\ExamSystem.WPF\ExamSystem.WPF_jnecsfj5_wpftmp.csproj]
         E:\Project\exam_trae\ExamSystem.WPF\ViewModels\ExamPaperEditViewModel.cs(246,24): warning CS8618: 鍦ㄩ€€鍑烘瀯閫犲嚱鏁版椂锛屼笉鍙负 null 鐨?瀛楁 "_name" 蹇呴』鍖呭惈闈?null 鍊笺€傝鑰冭檻娣诲姞 "required" 淇グ绗︽垨灏嗚 瀛楁 澹版槑涓哄彲涓?null銆?[E:\Project\exam_trae\ExamSystem.WPF\ExamSystem.WPF_jnecsfj5_wpftmp.csproj]
         E:\Project\exam_trae\ExamSystem.WPF\ViewModels\ExamPaperEditViewModel.cs(247,24): warning CS8618: 鍦ㄩ€€鍑烘瀯閫犲嚱鏁版椂锛屼笉鍙负 null 鐨?瀛楁 "_description" 蹇呴』鍖呭惈闈?null 鍊笺€傝鑰冭檻娣诲姞 "required" 淇グ绗︽垨灏嗚 瀛楁 澹版槑涓哄彲涓?null銆?[E:\Project\exam_trae\ExamSystem.WPF\ExamSystem.WPF_jnecsfj5_wpftmp.csproj]
         E:\Project\exam_trae\ExamSystem.WPF\ViewModels\ExamPaperEditViewModel.cs(248,24): warning CS8618: 鍦ㄩ€€鍑烘瀯閫犲嚱鏁版椂锛屼笉鍙负 null 鐨?瀛楁 "_duration" 蹇呴』鍖呭惈闈?null 鍊笺€傝鑰冭檻娣诲姞 "required" 淇グ绗︽垨灏嗚 瀛楁 澹版槑涓哄彲涓?null銆?[E:\Project\exam_trae\ExamSystem.WPF\ExamSystem.WPF_jnecsfj5_wpftmp.csproj]
         E:\Project\exam_trae\ExamSystem.WPF\ViewModels\ExamPaperEditViewModel.cs(249,24): warning CS8618: 鍦ㄩ€€鍑烘瀯閫犲嚱鏁版椂锛屼笉鍙负 null 鐨?瀛楁 "_passScore" 蹇呴』鍖呭惈闈?null 鍊笺€傝鑰冭檻娣诲姞 "required" 淇グ绗︽垨灏嗚 瀛楁 澹版槑涓哄彲涓?null銆?[E:\Project\exam_trae\ExamSystem.WPF\ExamSystem.WPF_jnecsfj5_wpftmp.csproj]
         E:\Project\exam_trae\ExamSystem.WPF\ViewModels\ExamPaperEditViewModel.cs(250,24): warning CS8618: 鍦ㄩ€€鍑烘瀯閫犲嚱鏁版椂锛屼笉鍙负 null 鐨?瀛楁 "_startTime" 蹇呴』鍖呭惈闈?null 鍊笺€傝鑰冭檻娣诲姞 "required" 淇グ绗︽垨灏嗚 瀛楁 澹版槑涓哄彲涓?null銆?[E:\Project\exam_trae\ExamSystem.WPF\ExamSystem.WPF_jnecsfj5_wpftmp.csproj]
         E:\Project\exam_trae\ExamSystem.WPF\ViewModels\ExamPaperEditViewModel.cs(251,24): warning CS8618: 鍦ㄩ€€鍑烘瀯閫犲嚱鏁版椂锛屼笉鍙负 null 鐨?瀛楁 "_endTime" 蹇呴』鍖呭惈闈?null 鍊笺€傝鑰冭檻娣诲姞 "required" 淇グ绗︽垨灏嗚 瀛楁 澹版槑涓哄彲涓?null銆?[E:\Project\exam_trae\ExamSystem.WPF\ExamSystem.WPF_jnecsfj5_wpftmp.csproj]
         E:\Project\exam_trae\ExamSystem.WPF\ViewModels\ExamPaperEditViewModel.cs(252,24): warning CS8618: 鍦ㄩ€€鍑烘瀯閫犲嚱鏁版椂锛屼笉鍙负 null 鐨?瀛楁 "_general" 蹇呴』鍖呭惈闈?null 鍊笺€傝鑰冭檻娣诲姞 "required" 淇グ绗︽垨灏嗚 瀛楁 澹版槑涓哄彲涓?null銆?[E:\Project\exam_trae\ExamSystem.WPF\ExamSystem.WPF_jnecsfj5_wpftmp.csproj]
         E:\Project\exam_trae\ExamSystem.WPF\ViewModels\ExamPaperEditViewModel.cs(335,50): warning CS8618: 鍦ㄩ€€鍑烘瀯閫犲嚱鏁版椂锛屼笉鍙负 null 鐨?浜嬩欢 "PropertyChanged" 蹇呴』鍖呭惈闈?null 鍊笺€傝鑰冭檻娣诲姞 "required" 淇グ绗︽垨灏嗚 浜嬩欢 澹版槑涓哄彲涓?null銆?[E:\Project\exam_trae\ExamSystem.WPF\ExamSystem.WPF_jnecsfj5_wpftmp.csproj]
         E:\Project\exam_trae\ExamSystem.WPF\ViewModels\ExamResultDetailViewModel.cs(281,16): warning CS8618: 鍦ㄩ€€鍑烘瀯閫犲嚱鏁版椂锛屼笉鍙负 null 鐨?瀛楁 "_questionType" 蹇呴』鍖呭惈闈?null 鍊笺€傝鑰冭檻娣诲姞 "required" 淇グ绗︽垨灏嗚 瀛楁 澹版槑涓哄彲涓?null銆?[E:\Project\exam_trae\ExamSystem.WPF\ExamSystem.WPF_jnecsfj5_wpftmp.csproj]
         E:\Project\exam_trae\ExamSystem.WPF\ViewModels\ExamResultDetailViewModel.cs(281,16): warning CS8618: 鍦ㄩ€€鍑烘瀯閫犲嚱鏁版椂锛屼笉鍙负 null 鐨?瀛楁 "_content" 蹇呴』鍖呭惈闈?null 鍊笺€傝鑰冭檻娣诲姞 "required" 淇グ绗︽垨灏嗚 瀛楁 澹版槑涓哄彲涓?null銆?[E:\Project\exam_trae\ExamSystem.WPF\ExamSystem.WPF_jnecsfj5_wpftmp.csproj]
         E:\Project\exam_trae\ExamSystem.WPF\ViewModels\ExamResultDetailViewModel.cs(281,16): warning CS8618: 鍦ㄩ€€鍑烘瀯閫犲嚱鏁版椂锛屼笉鍙负 null 鐨?瀛楁 "_correctAnswer" 蹇呴』鍖呭惈闈?null 鍊笺€傝鑰冭檻娣诲姞 "required" 淇グ绗︽垨灏嗚 瀛楁 澹版槑涓哄彲涓?null銆?[E:\Project\exam_trae\ExamSystem.WPF\ExamSystem.WPF_jnecsfj5_wpftmp.csproj]
         E:\Project\exam_trae\ExamSystem.WPF\ViewModels\ExamResultDetailViewModel.cs(281,16): warning CS8618: 鍦ㄩ€€鍑烘瀯閫犲嚱鏁版椂锛屼笉鍙负 null 鐨?瀛楁 "_studentAnswer" 蹇呴』鍖呭惈闈?null 鍊笺€傝鑰冭檻娣诲姞 "required" 淇グ绗︽垨灏嗚 瀛楁 澹版槑涓哄彲涓?null銆?[E:\Project\exam_trae\ExamSystem.WPF\ExamSystem.WPF_jnecsfj5_wpftmp.csproj]
         E:\Project\exam_trae\ExamSystem.WPF\ViewModels\ExamResultDetailViewModel.cs(281,16): warning CS8618: 鍦ㄩ€€鍑烘瀯閫犲嚱鏁版椂锛屼笉鍙负 null 鐨?瀛楁 "_explanation" 蹇呴』鍖呭惈闈?null 鍊笺€傝鑰冭檻娣诲姞 "required" 淇グ绗︽垨灏嗚 瀛楁 澹版槑涓哄彲涓?null銆?[E:\Project\exam_trae\ExamSystem.WPF\ExamSystem.WPF_jnecsfj5_wpftmp.csproj]
         E:\Project\exam_trae\ExamSystem.WPF\ViewModels\ExamResultDetailViewModel.cs(281,16): warning CS8618: 鍦ㄩ€€鍑烘瀯閫犲嚱鏁版椂锛屼笉鍙负 null 鐨?浜嬩欢 "PropertyChanged" 蹇呴』鍖呭惈闈?null 鍊笺€傝鑰冭檻娣诲姞 "required" 淇グ绗︽垨灏嗚 浜嬩欢 澹版槑涓哄彲涓?null銆?[E:\Project\exam_trae\ExamSystem.WPF\ExamSystem.WPF_jnecsfj5_wpftmp.csproj]
         E:\Project\exam_trae\ExamSystem.WPF\ViewModels\UserManagementViewModel.cs(72,66): warning CS8622: 鈥渧oid UserManagementViewModel.EditUser(UserDisplayModel user)鈥濈殑鍙傛暟鈥渦ser鈥濈被鍨嬩腑寮曠敤绫诲瀷鐨勪负 Null 鎬т笌鐩爣濮旀墭鈥淎ction<UserDisplayModel?>鈥濅笉鍖归厤(鍙兘鏄敱浜庝负 Null 鎬х壒鎬?銆?[E:\Project\exam_trae\ExamSystem.WPF\ExamSystem.WPF_jnecsfj5_wpftmp.csproj]
         E:\Project\exam_trae\ExamSystem.WPF\ViewModels\UserManagementViewModel.cs(73,71): warning CS8622: 鈥渧oid UserManagementViewModel.ResetPassword(UserDisplayModel user)鈥濈殑鍙傛暟鈥渦ser鈥濈被鍨嬩腑寮曠敤绫诲瀷鐨勪负 Null 鎬т笌鐩爣濮旀墭鈥淎ction<UserDisplayModel?>鈥濅笉鍖归厤(鍙兘鏄敱浜庝负 Null 鎬х壒鎬?銆?[E:\Project\exam_trae\ExamSystem.WPF\ExamSystem.WPF_jnecsfj5_wpftmp.csproj]
         E:\Project\exam_trae\ExamSystem.WPF\ViewModels\UserManagementViewModel.cs(74,70): warning CS8622: 鈥渧oid UserManagementViewModel.ToggleStatus(UserDisplayModel user)鈥濈殑鍙傛暟鈥渦ser鈥濈被鍨嬩腑寮曠敤绫诲瀷鐨勪负 Null 鎬т笌鐩爣濮旀墭鈥淎ction<UserDisplayModel?>鈥濅笉鍖归厤(鍙兘鏄敱浜庝负 Null 鎬х壒鎬?銆?[E:\Project\exam_trae\ExamSystem.WPF\ExamSystem.WPF_jnecsfj5_wpftmp.csproj]
         E:\Project\exam_trae\ExamSystem.WPF\ViewModels\UserManagementViewModel.cs(75,68): warning CS8622: 鈥渧oid UserManagementViewModel.DeleteUser(UserDisplayModel user)鈥濈殑鍙傛暟鈥渦ser鈥濈被鍨嬩腑寮曠敤绫诲瀷鐨勪负 Null 鎬т笌鐩爣濮旀墭鈥淎ction<UserDisplayModel?>鈥濅笉鍖归厤(鍙兘鏄敱浜庝负 Null 鎬х壒鎬?銆?[E:\Project\exam_trae\ExamSystem.WPF\ExamSystem.WPF_jnecsfj5_wpftmp.csproj]
         E:\Project\exam_trae\ExamSystem.WPF\ViewModels\UserManagementViewModel.cs(58,16): warning CS8618: 鍦ㄩ€€鍑烘瀯閫犲嚱鏁版椂锛屼笉鍙负 null 鐨?瀛楁 "_searchKeyword" 蹇呴』鍖呭惈闈?null 鍊笺€傝鑰冭檻娣诲姞 "required" 淇グ绗︽垨灏嗚 瀛楁 澹版槑涓哄彲涓?null銆?[E:\Project\exam_trae\ExamSystem.WPF\ExamSystem.WPF_jnecsfj5_wpftmp.csproj]
         E:\Project\exam_trae\ExamSystem.WPF\ViewModels\UserManagementViewModel.cs(58,16): warning CS8618: 鍦ㄩ€€鍑烘瀯閫犲嚱鏁版椂锛屼笉鍙负 null 鐨?瀛楁 "_selectedStatus" 蹇呴』鍖呭惈闈?null 鍊笺€傝鑰冭檻娣诲姞 "required" 淇グ绗︽垨灏嗚 瀛楁 澹版槑涓哄彲涓?null銆?[E:\Project\exam_trae\ExamSystem.WPF\ExamSystem.WPF_jnecsfj5_wpftmp.csproj]
         E:\Project\exam_trae\ExamSystem.WPF\ViewModels\UserManagementViewModel.cs(58,16): warning CS8618: 鍦ㄩ€€鍑烘瀯閫犲嚱鏁版椂锛屼笉鍙负 null 鐨?浜嬩欢 "PropertyChanged" 蹇呴』鍖呭惈闈?null 鍊笺€傝鑰冭檻娣诲姞 "required" 淇グ绗︽垨灏嗚 浜嬩欢 澹版槑涓哄彲涓?null銆?[E:\Project\exam_trae\ExamSystem.WPF\ExamSystem.WPF_jnecsfj5_wpftmp.csproj]
         E:\Project\exam_trae\ExamSystem.WPF\Views\ExamPaperEditDialog.xaml.cs(23,41): warning CS8622: 鈥渧oid ExamPaperEditDialog.OnSaveCompleted(object sender, bool success)鈥濈殑鍙傛暟鈥渟ender鈥濈被鍨嬩腑寮曠敤绫诲瀷鐨勪负 Null 鎬т笌鐩爣濮旀墭鈥淓ventHandler<bool>鈥濅笉鍖归厤(鍙兘鏄敱浜庝负 Null 鎬х壒鎬?銆?[E:\Project\exam_trae\ExamSystem.WPF\ExamSystem.WPF_jnecsfj5_wpftmp.csproj]
         E:\Project\exam_trae\ExamSystem.WPF\ViewModels\ExamResultDetailViewModel.cs(33,16): warning CS8618: 鍦ㄩ€€鍑烘瀯閫犲嚱鏁版椂锛屼笉鍙负 null 鐨?瀛楁 "_examTitle" 蹇呴』鍖呭惈闈?null 鍊笺€傝鑰冭檻娣诲姞 "required" 淇グ绗︽垨灏嗚 瀛楁 澹版槑涓哄彲涓?null銆?[E:\Project\exam_trae\ExamSystem.WPF\ExamSystem.WPF_jnecsfj5_wpftmp.csproj]
         E:\Project\exam_trae\ExamSystem.WPF\ViewModels\ExamResultDetailViewModel.cs(33,16): warning CS8618: 鍦ㄩ€€鍑烘瀯閫犲嚱鏁版椂锛屼笉鍙负 null 鐨?瀛楁 "_duration" 蹇呴』鍖呭惈闈?null 鍊笺€傝鑰冭檻娣诲姞 "required" 淇グ绗︽垨灏嗚 瀛楁 澹版槑涓哄彲涓?null銆?[E:\Project\exam_trae\ExamSystem.WPF\ExamSystem.WPF_jnecsfj5_wpftmp.csproj]
         E:\Project\exam_trae\ExamSystem.WPF\ViewModels\ExamResultDetailViewModel.cs(33,16): warning CS8618: 鍦ㄩ€€鍑烘瀯閫犲嚱鏁版椂锛屼笉鍙负 null 鐨?瀛楁 "_status" 蹇呴』鍖呭惈闈?null 鍊笺€傝鑰冭檻娣诲姞 "required" 淇グ绗︽垨灏嗚 瀛楁 澹版槑涓哄彲涓?null銆?[E:\Project\exam_trae\ExamSystem.WPF\ExamSystem.WPF_jnecsfj5_wpftmp.csproj]
         E:\Project\exam_trae\ExamSystem.WPF\ViewModels\ExamResultDetailViewModel.cs(33,16): warning CS8618: 鍦ㄩ€€鍑烘瀯閫犲嚱鏁版椂锛屼笉鍙负 null 鐨?瀛楁 "_teacherComment" 蹇呴』鍖呭惈闈?null 鍊笺€傝鑰冭檻娣诲姞 "required" 淇グ绗︽垨灏嗚 瀛楁 澹版槑涓哄彲涓?null銆?[E:\Project\exam_trae\ExamSystem.WPF\ExamSystem.WPF_jnecsfj5_wpftmp.csproj]
         E:\Project\exam_trae\ExamSystem.WPF\ViewModels\ExamResultDetailViewModel.cs(33,16): warning CS8618: 鍦ㄩ€€鍑烘瀯閫犲嚱鏁版椂锛屼笉鍙负 null 鐨?浜嬩欢 "BackRequested" 蹇呴』鍖呭惈闈?null 鍊笺€傝鑰冭檻娣诲姞 "required" 淇グ绗︽垨灏嗚 浜嬩欢 澹版槑涓哄彲涓?null銆?[E:\Project\exam_trae\ExamSystem.WPF\ExamSystem.WPF_jnecsfj5_wpftmp.csproj]
         E:\Project\exam_trae\ExamSystem.WPF\ViewModels\ExamResultDetailViewModel.cs(33,16): warning CS8618: 鍦ㄩ€€鍑烘瀯閫犲嚱鏁版椂锛屼笉鍙负 null 鐨?浜嬩欢 "PropertyChanged" 蹇呴』鍖呭惈闈?null 鍊笺€傝鑰冭檻娣诲姞 "required" 淇グ绗︽垨灏嗚 浜嬩欢 澹版槑涓哄彲涓?null銆?[E:\Project\exam_trae\ExamSystem.WPF\ExamSystem.WPF_jnecsfj5_wpftmp.csproj]
         E:\Project\exam_trae\ExamSystem.WPF\Views\ExamPaperEditDialog.xaml.cs(46,45): warning CS8622: 鈥渧oid ExamPaperEditDialog.OnSaveCompleted(object sender, bool success)鈥濈殑鍙傛暟鈥渟ender鈥濈被鍨嬩腑寮曠敤绫诲瀷鐨勪负 Null 鎬т笌鐩爣濮旀墭鈥淓ventHandler<bool>鈥濅笉鍖归厤(鍙兘鏄敱浜庝负 Null 鎬х壒鎬?銆?[E:\Project\exam_trae\ExamSystem.WPF\ExamSystem.WPF_jnecsfj5_wpftmp.csproj]
         E:\Project\exam_trae\ExamSystem.WPF\ViewModels\ExamResultDetailViewModel.cs(369,24): warning CS8618: 鍦ㄩ€€鍑烘瀯閫犲嚱鏁版椂锛屼笉鍙负 null 鐨?瀛楁 "_text" 蹇呴』鍖呭惈闈?null 鍊笺€傝鑰冭檻娣诲姞 "required" 淇グ绗︽垨灏嗚 瀛楁 澹版槑涓哄彲涓?null銆?[E:\Project\exam_trae\ExamSystem.WPF\ExamSystem.WPF_jnecsfj5_wpftmp.csproj]
         E:\Project\exam_trae\ExamSystem.WPF\ViewModels\ExamResultDetailViewModel.cs(391,50): warning CS8618: 鍦ㄩ€€鍑烘瀯閫犲嚱鏁版椂锛屼笉鍙负 null 鐨?浜嬩欢 "PropertyChanged" 蹇呴』鍖呭惈闈?null 鍊笺€傝鑰冭檻娣诲姞 "required" 淇グ绗︽垨灏嗚 浜嬩欢 澹版槑涓哄彲涓?null銆?[E:\Project\exam_trae\ExamSystem.WPF\ExamSystem.WPF_jnecsfj5_wpftmp.csproj]
         E:\Project\exam_trae\ExamSystem.WPF\Views\UserManagementView.xaml.cs(152,28): warning CS1998: 姝ゅ紓姝ユ柟娉曠己灏?"await" 杩愮畻绗︼紝灏嗕互鍚屾鏂瑰紡杩愯銆傝鑰冭檻浣跨敤 "await" 杩愮畻绗︾瓑寰呴潪闃绘鐨?API 璋冪敤锛屾垨鑰呬娇鐢?"await Task.Run(...)" 鍦ㄥ悗鍙扮嚎绋嬩笂鎵ц鍗犵敤澶ч噺 CPU 鐨勫伐浣溿€?[E:\Project\exam_trae\ExamSystem.WPF\ExamSystem.WPF_jnecsfj5_wpftmp.csproj]
         E:\Project\exam_trae\ExamSystem.WPF\Views\UserManagementView.xaml.cs(173,28): warning CS1998: 姝ゅ紓姝ユ柟娉曠己灏?"await" 杩愮畻绗︼紝灏嗕互鍚屾鏂瑰紡杩愯銆傝鑰冭檻浣跨敤 "await" 杩愮畻绗︾瓑寰呴潪闃绘鐨?API 璋冪敤锛屾垨鑰呬娇鐢?"await Task.Run(...)" 鍦ㄥ悗鍙扮嚎绋嬩笂鎵ц鍗犵敤澶ч噺 CPU 鐨勫伐浣溿€?[E:\Project\exam_trae\ExamSystem.WPF\ExamSystem.WPF_jnecsfj5_wpftmp.csproj]
         E:\Project\exam_trae\ExamSystem.WPF\ViewModels\ExamViewModel.cs(42,83): warning CS8622: 鈥渧oid ExamViewModel.SelectSingleOption(QuestionOptionViewModel option)鈥濈殑鍙傛暟鈥渙ption鈥濈被鍨嬩腑寮曠敤绫诲瀷鐨勪负 Null 鎬т笌鐩爣濮旀墭鈥淎ction<QuestionOptionViewModel?>鈥濅笉鍖归厤(鍙兘鏄敱浜庝负 Null 鎬х壒鎬?銆?[E:\Project\exam_trae\ExamSystem.WPF\ExamSystem.WPF_jnecsfj5_wpftmp.csproj]
         E:\Project\exam_trae\ExamSystem.WPF\ViewModels\ExamViewModel.cs(43,85): warning CS8622: 鈥渧oid ExamViewModel.SelectMultipleOption(QuestionOptionViewModel option)鈥濈殑鍙傛暟鈥渙ption鈥濈被鍨嬩腑寮曠敤绫诲瀷鐨勪负 Null 鎬т笌鐩爣濮旀墭鈥淎ction<QuestionOptionViewModel?>鈥濅笉鍖归厤(鍙兘鏄敱浜庝负 Null 鎬х壒鎬?銆?[E:\Project\exam_trae\ExamSystem.WPF\ExamSystem.WPF_jnecsfj5_wpftmp.csproj]
         E:\Project\exam_trae\ExamSystem.WPF\Views\FullScreenExamWindow.xaml.cs(21,29): warning CS8622: 鈥渧oid FullScreenExamWindow.FullScreenExamWindow_Closing(object sender, CancelEventArgs e)鈥濈殑鍙傛暟鈥渟ender鈥濈被鍨嬩腑寮曠敤绫诲瀷鐨勪负 Null 鎬т笌鐩爣濮旀墭鈥淐ancelEventHandler鈥濅笉鍖归厤(鍙兘鏄敱浜庝负 Null 鎬х壒鎬?銆?[E:\Project\exam_trae\ExamSystem.WPF\ExamSystem.WPF_jnecsfj5_wpftmp.csproj]
         E:\Project\exam_trae\ExamSystem.WPF\ViewModels\ExamResultViewModel.cs(183,28): warning CS1998: 姝ゅ紓姝ユ柟娉曠己灏?"await" 杩愮畻绗︼紝灏嗕互鍚屾鏂瑰紡杩愯銆傝鑰冭檻浣跨敤 "await" 杩愮畻绗︾瓑寰呴潪闃绘鐨?API 璋冪敤锛屾垨鑰呬娇鐢?"await Task.Run(...)" 鍦ㄥ悗鍙扮嚎绋嬩笂鎵ц鍗犵敤澶ч噺 CPU 鐨勫伐浣溿€?[E:\Project\exam_trae\ExamSystem.WPF\ExamSystem.WPF_jnecsfj5_wpftmp.csproj]
         E:\Project\exam_trae\ExamSystem.WPF\Views\LoginWindow.xaml.cs(43,44): warning CS8622: 鈥渧oid LoginWindow.OnLoginSuccess(object sender, LoginSuccessEventArgs e)鈥濈殑鍙傛暟鈥渟ender鈥濈被鍨嬩腑寮曠敤绫诲瀷鐨勪负 Null 鎬т笌鐩爣濮旀墭鈥淓ventHandler<LoginSuccessEventArgs>鈥濅笉鍖归厤(鍙兘鏄敱浜庝负 Null 鎬х壒鎬?銆?[E:\Project\exam_trae\ExamSystem.WPF\ExamSystem.WPF_jnecsfj5_wpftmp.csproj]
         E:\Project\exam_trae\ExamSystem.WPF\Views\LoginWindow.xaml.cs(44,46): warning CS8622: 鈥渧oid LoginWindow.OnCloseRequested(object sender, EventArgs e)鈥濈殑鍙傛暟鈥渟ender鈥濈被鍨嬩腑寮曠敤绫诲瀷鐨勪负 Null 鎬т笌鐩爣濮旀墭鈥淓ventHandler鈥濅笉鍖归厤(鍙兘鏄敱浜庝负 Null 鎬х壒鎬?銆?[E:\Project\exam_trae\ExamSystem.WPF\ExamSystem.WPF_jnecsfj5_wpftmp.csproj]
         E:\Project\exam_trae\ExamSystem.WPF\Views\LoginWindow.xaml.cs(18,16): warning CS8618: 鍦ㄩ€€鍑烘瀯閫犲嚱鏁版椂锛屼笉鍙负 null 鐨?瀛楁 "_serviceProvider" 蹇呴』鍖呭惈闈?null 鍊笺€傝鑰冭檻娣诲姞 "required" 淇グ绗︽垨灏嗚 瀛楁 澹版槑涓哄彲涓?null銆?[E:\Project\exam_trae\ExamSystem.WPF\ExamSystem.WPF_jnecsfj5_wpftmp.csproj]
         E:\Project\exam_trae\ExamSystem.WPF\Views\LoginWindow.xaml.cs(18,16): warning CS8618: 鍦ㄩ€€鍑烘瀯閫犲嚱鏁版椂锛屼笉鍙负 null 鐨?瀛楁 "_logger" 蹇呴』鍖呭惈闈?null 鍊笺€傝鑰冭檻娣诲姞 "required" 淇グ绗︽垨灏嗚 瀛楁 澹版槑涓哄彲涓?null銆?[E:\Project\exam_trae\ExamSystem.WPF\ExamSystem.WPF_jnecsfj5_wpftmp.csproj]
         E:\Project\exam_trae\ExamSystem.WPF\Views\LoginWindow.xaml.cs(18,16): warning CS8618: 鍦ㄩ€€鍑烘瀯閫犲嚱鏁版椂锛屼笉鍙负 null 鐨?瀛楁 "_viewModel" 蹇呴』鍖呭惈闈?null 鍊笺€傝鑰冭檻娣诲姞 "required" 淇グ绗︽垨灏嗚 瀛楁 澹版槑涓哄彲涓?null銆?[E:\Project\exam_trae\ExamSystem.WPF\ExamSystem.WPF_jnecsfj5_wpftmp.csproj]
         E:\Project\exam_trae\ExamSystem.WPF\ViewModels\ExamResultViewModel.cs(199,28): warning CS1998: 姝ゅ紓姝ユ柟娉曠己灏?"await" 杩愮畻绗︼紝灏嗕互鍚屾鏂瑰紡杩愯銆傝鑰冭檻浣跨敤 "await" 杩愮畻绗︾瓑寰呴潪闃绘鐨?API 璋冪敤锛屾垨鑰呬娇鐢?"await Task.Run(...)" 鍦ㄥ悗鍙扮嚎绋嬩笂鎵ц鍗犵敤澶ч噺 CPU 鐨勫伐浣溿€?[E:\Project\exam_trae\ExamSystem.WPF\ExamSystem.WPF_jnecsfj5_wpftmp.csproj]
         E:\Project\exam_trae\ExamSystem.WPF\ViewModels\ExamResultViewModel.cs(215,28): warning CS1998: 姝ゅ紓姝ユ柟娉曠己灏?"await" 杩愮畻绗︼紝灏嗕互鍚屾鏂瑰紡杩愯銆傝鑰冭檻浣跨敤 "await" 杩愮畻绗︾瓑寰呴潪闃绘鐨?API 璋冪敤锛屾垨鑰呬娇鐢?"await Task.Run(...)" 鍦ㄥ悗鍙扮嚎绋嬩笂鎵ц鍗犵敤澶ч噺 CPU 鐨勫伐浣溿€?[E:\Project\exam_trae\ExamSystem.WPF\ExamSystem.WPF_jnecsfj5_wpftmp.csproj]
         E:\Project\exam_trae\ExamSystem.WPF\Views\LoginWindow.xaml.cs(65,40): warning CS8622: 鈥渧oid LoginWindow.OnLoginSuccess(object sender, LoginSuccessEventArgs e)鈥濈殑鍙傛暟鈥渟ender鈥濈被鍨嬩腑寮曠敤绫诲瀷鐨勪负 Null 鎬т笌鐩爣濮旀墭鈥淓ventHandler<LoginSuccessEventArgs>鈥濅笉鍖归厤(鍙兘鏄敱浜庝负 Null 鎬х壒鎬?銆?[E:\Project\exam_trae\ExamSystem.WPF\ExamSystem.WPF_jnecsfj5_wpftmp.csproj]
         E:\Project\exam_trae\ExamSystem.WPF\Views\LoginWindow.xaml.cs(66,42): warning CS8622: 鈥渧oid LoginWindow.OnCloseRequested(object sender, EventArgs e)鈥濈殑鍙傛暟鈥渟ender鈥濈被鍨嬩腑寮曠敤绫诲瀷鐨勪负 Null 鎬т笌鐩爣濮旀墭鈥淓ventHandler鈥濅笉鍖归厤(鍙兘鏄敱浜庝负 Null 鎬х壒鎬?銆?[E:\Project\exam_trae\ExamSystem.WPF\ExamSystem.WPF_jnecsfj5_wpftmp.csproj]
         E:\Project\exam_trae\ExamSystem.WPF\Views\LoginWindow.xaml.cs(115,47): warning CS8604: 鈥渧oid MainWindow.SetCurrentUser(User user)鈥濅腑鐨勫舰鍙傗€渦ser鈥濆彲鑳戒紶鍏?null 寮曠敤瀹炲弬銆?[E:\Project\exam_trae\ExamSystem.WPF\ExamSystem.WPF_jnecsfj5_wpftmp.csproj]
         E:\Project\exam_trae\ExamSystem.WPF\Views\LoginWindow.xaml.cs(146,44): warning CS8622: 鈥渧oid LoginWindow.OnLoginSuccess(object sender, LoginSuccessEventArgs e)鈥濈殑鍙傛暟鈥渟ender鈥濈被鍨嬩腑寮曠敤绫诲瀷鐨勪负 Null 鎬т笌鐩爣濮旀墭鈥淓ventHandler<LoginSuccessEventArgs>鈥濅笉鍖归厤(鍙兘鏄敱浜庝负 Null 鎬х壒鎬?銆?[E:\Project\exam_trae\ExamSystem.WPF\ExamSystem.WPF_jnecsfj5_wpftmp.csproj]
         E:\Project\exam_trae\ExamSystem.WPF\Views\LoginWindow.xaml.cs(147,46): warning CS8622: 鈥渧oid LoginWindow.OnCloseRequested(object sender, EventArgs e)鈥濈殑鍙傛暟鈥渟ender鈥濈被鍨嬩腑寮曠敤绫诲瀷鐨勪负 Null 鎬т笌鐩爣濮旀墭鈥淓ventHandler鈥濅笉鍖归厤(鍙兘鏄敱浜庝负 Null 鎬х壒鎬?銆?[E:\Project\exam_trae\ExamSystem.WPF\ExamSystem.WPF_jnecsfj5_wpftmp.csproj]
         E:\Project\exam_trae\ExamSystem.WPF\ViewModels\ExamPreviewViewModel.cs(203,28): warning CS1998: 姝ゅ紓姝ユ柟娉曠己灏?"await" 杩愮畻绗︼紝灏嗕互鍚屾鏂瑰紡杩愯銆傝鑰冭檻浣跨敤 "await" 杩愮畻绗︾瓑寰呴潪闃绘鐨?API 璋冪敤锛屾垨鑰呬娇鐢?"await Task.Run(...)" 鍦ㄥ悗鍙扮嚎绋嬩笂鎵ц鍗犵敤澶ч噺 CPU 鐨勫伐浣溿€?[E:\Project\exam_trae\ExamSystem.WPF\ExamSystem.WPF_jnecsfj5_wpftmp.csproj]
         E:\Project\exam_trae\ExamSystem.WPF\ViewModels\FullScreenExamViewModel.cs(282,28): warning CS1998: 姝ゅ紓姝ユ柟娉曠己灏?"await" 杩愮畻绗︼紝灏嗕互鍚屾鏂瑰紡杩愯銆傝鑰冭檻浣跨敤 "await" 杩愮畻绗︾瓑寰呴潪闃绘鐨?API 璋冪敤锛屾垨鑰呬娇鐢?"await Task.Run(...)" 鍦ㄥ悗鍙扮嚎绋嬩笂鎵ц鍗犵敤澶ч噺 CPU 鐨勫伐浣溿€?[E:\Project\exam_trae\ExamSystem.WPF\ExamSystem.WPF_jnecsfj5_wpftmp.csproj]
         E:\Project\exam_trae\ExamSystem.WPF\ViewModels\LoginViewModel.cs(18,16): warning CS8618: 鍦ㄩ€€鍑烘瀯閫犲嚱鏁版椂锛屼笉鍙负 null 鐨?浜嬩欢 "LoginSuccess" 蹇呴』鍖呭惈闈?null 鍊笺€傝鑰冭檻娣诲姞 "required" 淇グ绗︽垨灏嗚 浜嬩欢 澹版槑涓哄彲涓?null銆?[E:\Project\exam_trae\ExamSystem.WPF\ExamSystem.WPF_jnecsfj5_wpftmp.csproj]
         E:\Project\exam_trae\ExamSystem.WPF\ViewModels\LoginViewModel.cs(18,16): warning CS8618: 鍦ㄩ€€鍑烘瀯閫犲嚱鏁版椂锛屼笉鍙负 null 鐨?浜嬩欢 "CloseRequested" 蹇呴』鍖呭惈闈?null 鍊笺€傝鑰冭檻娣诲姞 "required" 淇グ绗︽垨灏嗚 浜嬩欢 澹版槑涓哄彲涓?null銆?[E:\Project\exam_trae\ExamSystem.WPF\ExamSystem.WPF_jnecsfj5_wpftmp.csproj]
         E:\Project\exam_trae\ExamSystem.WPF\ViewModels\LoginViewModel.cs(18,16): warning CS8618: 鍦ㄩ€€鍑烘瀯閫犲嚱鏁版椂锛屼笉鍙负 null 鐨?浜嬩欢 "PropertyChanged" 蹇呴』鍖呭惈闈?null 鍊笺€傝鑰冭檻娣诲姞 "required" 淇グ绗︽垨灏嗚 浜嬩欢 澹版槑涓哄彲涓?null銆?[E:\Project\exam_trae\ExamSystem.WPF\ExamSystem.WPF_jnecsfj5_wpftmp.csproj]
         E:\Project\exam_trae\ExamSystem.WPF\ViewModels\PaperQuestionManageViewModel.cs(34,16): warning CS8618: 鍦ㄩ€€鍑烘瀯閫犲嚱鏁版椂锛屼笉鍙负 null 鐨?瀛楁 "_examPaper" 蹇呴』鍖呭惈闈?null 鍊笺€傝鑰冭檻娣诲姞 "required" 淇グ绗︽垨灏嗚 瀛楁 澹版槑涓哄彲涓?null銆?[E:\Project\exam_trae\ExamSystem.WPF\ExamSystem.WPF_jnecsfj5_wpftmp.csproj]
         E:\Project\exam_trae\ExamSystem.WPF\ViewModels\PaperQuestionManageViewModel.cs(34,16): warning CS8618: 鍦ㄩ€€鍑烘瀯閫犲嚱鏁版椂锛屼笉鍙负 null 鐨?瀛楁 "_validationMessage" 蹇呴』鍖呭惈闈?null 鍊笺€傝鑰冭檻娣诲姞 "required" 淇グ绗︽垨灏嗚 瀛楁 澹版槑涓哄彲涓?null銆?[E:\Project\exam_trae\ExamSystem.WPF\ExamSystem.WPF_jnecsfj5_wpftmp.csproj]
         E:\Project\exam_trae\ExamSystem.WPF\ViewModels\PaperQuestionManageViewModel.cs(34,16): warning CS8618: 鍦ㄩ€€鍑烘瀯閫犲嚱鏁版椂锛屼笉鍙负 null 鐨?瀛楁 "_selectedQuestionBank" 蹇呴』鍖呭惈闈?null 鍊笺€傝鑰冭檻娣诲姞 "required" 淇グ绗︽垨灏嗚 瀛楁 澹版槑涓哄彲涓?null銆?[E:\Project\exam_trae\ExamSystem.WPF\ExamSystem.WPF_jnecsfj5_wpftmp.csproj]
         E:\Project\exam_trae\ExamSystem.WPF\ViewModels\PaperQuestionManageViewModel.cs(34,16): warning CS8618: 鍦ㄩ€€鍑烘瀯閫犲嚱鏁版椂锛屼笉鍙负 null 鐨?瀛楁 "_selectedAvailableQuestion" 蹇呴』鍖呭惈闈?null 鍊笺€傝鑰冭檻娣诲姞 "required" 淇グ绗︽垨灏嗚 瀛楁 澹版槑涓哄彲涓?null銆?[E:\Project\exam_trae\ExamSystem.WPF\ExamSystem.WPF_jnecsfj5_wpftmp.csproj]
         E:\Project\exam_trae\ExamSystem.WPF\ViewModels\PaperQuestionManageViewModel.cs(34,16): warning CS8618: 鍦ㄩ€€鍑烘瀯閫犲嚱鏁版椂锛屼笉鍙负 null 鐨?瀛楁 "_selectedPaperQuestion" 蹇呴』鍖呭惈闈?null 鍊笺€傝鑰冭檻娣诲姞 "required" 淇グ绗︽垨灏嗚 瀛楁 澹版槑涓哄彲涓?null銆?[E:\Project\exam_trae\ExamSystem.WPF\ExamSystem.WPF_jnecsfj5_wpftmp.csproj]
         E:\Project\exam_trae\ExamSystem.WPF\ViewModels\PaperQuestionManageViewModel.cs(34,16): warning CS8618: 鍦ㄩ€€鍑烘瀯閫犲嚱鏁版椂锛屼笉鍙负 null 鐨?瀛楁 "_searchKeyword" 蹇呴』鍖呭惈闈?null 鍊笺€傝鑰冭檻娣诲姞 "required" 淇グ绗︽垨灏嗚 瀛楁 澹版槑涓哄彲涓?null銆?[E:\Project\exam_trae\ExamSystem.WPF\ExamSystem.WPF_jnecsfj5_wpftmp.csproj]
         E:\Project\exam_trae\ExamSystem.WPF\ViewModels\PaperQuestionManageViewModel.cs(34,16): warning CS8618: 鍦ㄩ€€鍑烘瀯閫犲嚱鏁版椂锛屼笉鍙负 null 鐨?灞炴€?"DifficultyOptions" 蹇呴』鍖呭惈闈?null 鍊笺€傝鑰冭檻娣诲姞 "required" 淇グ绗︽垨灏嗚 灞炴€?澹版槑涓哄彲涓?null銆?[E:\Project\exam_trae\ExamSystem.WPF\ExamSystem.WPF_jnecsfj5_wpftmp.csproj]
         E:\Project\exam_trae\ExamSystem.WPF\ViewModels\PaperQuestionManageViewModel.cs(34,16): warning CS8618: 鍦ㄩ€€鍑烘瀯閫犲嚱鏁版椂锛屼笉鍙负 null 鐨?灞炴€?"QuestionTypeOptions" 蹇呴』鍖呭惈闈?null 鍊笺€傝鑰冭檻娣诲姞 "required" 淇グ绗︽垨灏嗚 灞炴€?澹版槑涓哄彲涓?null銆?[E:\Project\exam_trae\ExamSystem.WPF\ExamSystem.WPF_jnecsfj5_wpftmp.csproj]
         E:\Project\exam_trae\ExamSystem.WPF\ViewModels\PaperQuestionManageViewModel.cs(34,16): warning CS8618: 鍦ㄩ€€鍑烘瀯閫犲嚱鏁版椂锛屼笉鍙负 null 鐨?灞炴€?"AddQuestionCommand" 蹇呴』鍖呭惈闈?null 鍊笺€傝鑰冭檻娣诲姞 "required" 淇グ绗︽垨灏嗚 灞炴€?澹版槑涓哄彲涓?null銆?[E:\Project\exam_trae\ExamSystem.WPF\ExamSystem.WPF_jnecsfj5_wpftmp.csproj]
         E:\Project\exam_trae\ExamSystem.WPF\ViewModels\PaperQuestionManageViewModel.cs(34,16): warning CS8618: 鍦ㄩ€€鍑烘瀯閫犲嚱鏁版椂锛屼笉鍙负 null 鐨?灞炴€?"RemoveQuestionCommand" 蹇呴』鍖呭惈闈?null 鍊笺€傝鑰冭檻娣诲姞 "required" 淇グ绗︽垨灏嗚 灞炴€?澹版槑涓哄彲涓?null銆?[E:\Project\exam_trae\ExamSystem.WPF\ExamSystem.WPF_jnecsfj5_wpftmp.csproj]
         E:\Project\exam_trae\ExamSystem.WPF\ViewModels\PaperQuestionManageViewModel.cs(34,16): warning CS8618: 鍦ㄩ€€鍑烘瀯閫犲嚱鏁版椂锛屼笉鍙负 null 鐨?灞炴€?"MoveUpCommand" 蹇呴』鍖呭惈闈?null 鍊笺€傝鑰冭檻娣诲姞 "required" 淇グ绗︽垨灏嗚 灞炴€?澹版槑涓哄彲涓?null銆?[E:\Project\exam_trae\ExamSystem.WPF\ExamSystem.WPF_jnecsfj5_wpftmp.csproj]
         E:\Project\exam_trae\ExamSystem.WPF\ViewModels\PaperQuestionManageViewModel.cs(34,16): warning CS8618: 鍦ㄩ€€鍑烘瀯閫犲嚱鏁版椂锛屼笉鍙负 null 鐨?灞炴€?"MoveDownCommand" 蹇呴』鍖呭惈闈?null 鍊笺€傝鑰冭檻娣诲姞 "required" 淇グ绗︽垨灏嗚 灞炴€?澹版槑涓哄彲涓?null銆?[E:\Project\exam_trae\ExamSystem.WPF\ExamSystem.WPF_jnecsfj5_wpftmp.csproj]
         E:\Project\exam_trae\ExamSystem.WPF\ViewModels\PaperQuestionManageViewModel.cs(34,16): warning CS8618: 鍦ㄩ€€鍑烘瀯閫犲嚱鏁版椂锛屼笉鍙负 null 鐨?灞炴€?"SaveCommand" 蹇呴』鍖呭惈闈?null 鍊笺€傝鑰冭檻娣诲姞 "required" 淇グ绗︽垨灏嗚 灞炴€?澹版槑涓哄彲涓?null銆?[E:\Project\exam_trae\ExamSystem.WPF\ExamSystem.WPF_jnecsfj5_wpftmp.csproj]
         E:\Project\exam_trae\ExamSystem.WPF\ViewModels\PaperQuestionManageViewModel.cs(34,16): warning CS8618: 鍦ㄩ€€鍑烘瀯閫犲嚱鏁版椂锛屼笉鍙负 null 鐨?浜嬩欢 "SaveCompleted" 蹇呴』鍖呭惈闈?null 鍊笺€傝鑰冭檻娣诲姞 "required" 淇グ绗︽垨灏嗚 浜嬩欢 澹版槑涓哄彲涓?null銆?[E:\Project\exam_trae\ExamSystem.WPF\ExamSystem.WPF_jnecsfj5_wpftmp.csproj]
         E:\Project\exam_trae\ExamSystem.WPF\ViewModels\PaperQuestionManageViewModel.cs(34,16): warning CS8618: 鍦ㄩ€€鍑烘瀯閫犲嚱鏁版椂锛屼笉鍙负 null 鐨?浜嬩欢 "PropertyChanged" 蹇呴』鍖呭惈闈?null 鍊笺€傝鑰冭檻娣诲姞 "required" 淇グ绗︽垨灏嗚 浜嬩欢 澹版槑涓哄彲涓?null銆?[E:\Project\exam_trae\ExamSystem.WPF\ExamSystem.WPF_jnecsfj5_wpftmp.csproj]
         E:\Project\exam_trae\ExamSystem.WPF\Views\MainWindow.xaml.cs(279,28): warning CS1998: 姝ゅ紓姝ユ柟娉曠己灏?"await" 杩愮畻绗︼紝灏嗕互鍚屾鏂瑰紡杩愯銆傝鑰冭檻浣跨敤 "await" 杩愮畻绗︾瓑寰呴潪闃绘鐨?API 璋冪敤锛屾垨鑰呬娇鐢?"await Task.Run(...)" 鍦ㄥ悗鍙扮嚎绋嬩笂鎵ц鍗犵敤澶ч噺 CPU 鐨勫伐浣溿€?[E:\Project\exam_trae\ExamSystem.WPF\ExamSystem.WPF_jnecsfj5_wpftmp.csproj]
         E:\Project\exam_trae\ExamSystem.WPF\ViewModels\PaperQuestionManageViewModel.cs(180,30): warning CS8601: 鍙兘鐨?null 寮曠敤璧嬪€笺€?[E:\Project\exam_trae\ExamSystem.WPF\ExamSystem.WPF_jnecsfj5_wpftmp.csproj]
         E:\Project\exam_trae\ExamSystem.WPF\ViewModels\StudentExamListViewModel.cs(297,28): warning CS1998: 姝ゅ紓姝ユ柟娉曠己灏?"await" 杩愮畻绗︼紝灏嗕互鍚屾鏂瑰紡杩愯銆傝鑰冭檻浣跨敤 "await" 杩愮畻绗︾瓑寰呴潪闃绘鐨?API 璋冪敤锛屾垨鑰呬娇鐢?"await Task.Run(...)" 鍦ㄥ悗鍙扮嚎绋嬩笂鎵ц鍗犵敤澶ч噺 CPU 鐨勫伐浣溿€?[E:\Project\exam_trae\ExamSystem.WPF\ExamSystem.WPF_jnecsfj5_wpftmp.csproj]
         E:\Project\exam_trae\ExamSystem.WPF\ViewModels\StudentExamListViewModel.cs(194,56): warning CS0067: 浠庝笉浣跨敤浜嬩欢鈥淪tudentExamListViewModel.ExamStartRequested鈥?[E:\Project\exam_trae\ExamSystem.WPF\ExamSystem.WPF_jnecsfj5_wpftmp.csproj]


       鈥淓:\Project\exam_trae\ExamSystem.WPF\ExamSystem.WPF.csproj鈥?榛樿鐩爣) (1:7) ->
       鈥淓:\Project\exam_trae\ExamSystem.WPF\ExamSystem.WPF_jnecsfj5_wpftmp.csproj鈥?_CompileTemporaryAssembly 鐩爣) (5) ->
       (CoreCompile 鐩爣) -> 
         E:\Project\exam_trae\ExamSystem.WPF\ViewModels\ExamResultDetailViewModel.cs(40,31): error CS0246: 鏈兘鎵惧埌绫诲瀷鎴栧懡鍚嶇┖闂村悕鈥淩elayCommand鈥?鏄惁缂哄皯 using 鎸囦护鎴栫▼搴忛泦寮曠敤?) [E:\Project\exam_trae\ExamSystem.WPF\ExamSystem.WPF_jnecsfj5_wpftmp.csproj]
         E:\Project\exam_trae\ExamSystem.WPF\ViewModels\ExamResultDetailViewModel.cs(41,39): error CS0246: 鏈兘鎵惧埌绫诲瀷鎴栧懡鍚嶇┖闂村悕鈥淩elayCommand鈥?鏄惁缂哄皯 using 鎸囦护鎴栫▼搴忛泦寮曠敤?) [E:\Project\exam_trae\ExamSystem.WPF\ExamSystem.WPF_jnecsfj5_wpftmp.csproj]
         E:\Project\exam_trae\ExamSystem.WPF\ViewModels\FullScreenExamViewModel.cs(294,36): error CS0019: 杩愮畻绗︹€?鈥濇棤娉曞簲鐢ㄤ簬鈥渋nt鈥濆拰鈥渟tring鈥濈被鍨嬬殑鎿嶄綔鏁?[E:\Project\exam_trae\ExamSystem.WPF\ExamSystem.WPF_jnecsfj5_wpftmp.csproj]

    148 涓鍛?
    3 涓敊璇?

宸茬敤鏃堕棿 00:00:01.59
